[2024-05-09T05:54:58.564+0000][gc,heap] Heap region size: 1M
[2024-05-09T05:54:58.578+0000][gc     ] Using G1
[2024-05-09T05:54:58.578+0000][gc,heap,coops] Heap address: 0x00000000c0000000, size: 1024 MB, Compressed Oops mode: 32-bit
[2024-05-09T05:54:59.283+0000][gc,start     ] GC(0) Pause Young (Concurrent Start) (Metadata GC Threshold)
[2024-05-09T05:54:59.284+0000][gc,task      ] GC(0) Using 13 workers of 13 for evacuation
[2024-05-09T05:54:59.291+0000][gc,phases    ] GC(0)   Pre Evacuate Collection Set: 0.0ms
[2024-05-09T05:54:59.291+0000][gc,phases    ] GC(0)   Evacuate Collection Set: 5.5ms
[2024-05-09T05:54:59.291+0000][gc,phases    ] GC(0)   Post Evacuate Collection Set: 0.5ms
[2024-05-09T05:54:59.291+0000][gc,phases    ] GC(0)   Other: 1.9ms
[2024-05-09T05:54:59.291+0000][gc,heap      ] GC(0) Eden regions: 47->0(44)
[2024-05-09T05:54:59.291+0000][gc,heap      ] GC(0) Survivor regions: 0->7(7)
[2024-05-09T05:54:59.291+0000][gc,heap      ] GC(0) Old regions: 0->1
[2024-05-09T05:54:59.291+0000][gc,heap      ] GC(0) Humongous regions: 0->0
[2024-05-09T05:54:59.291+0000][gc,metaspace ] GC(0) Metaspace: 20848K(21248K)->20848K(21248K) NonClass: 18667K(18944K)->18667K(18944K) Class: 2180K(2304K)->2180K(2304K)
[2024-05-09T05:54:59.291+0000][gc           ] GC(0) Pause Young (Concurrent Start) (Metadata GC Threshold) 46M->7M(1024M) 8.031ms
[2024-05-09T05:54:59.291+0000][gc,cpu       ] GC(0) User=0.02s Sys=0.01s Real=0.01s
[2024-05-09T05:54:59.291+0000][gc           ] GC(1) Concurrent Cycle
[2024-05-09T05:54:59.291+0000][gc,marking   ] GC(1) Concurrent Clear Claimed Marks
[2024-05-09T05:54:59.291+0000][gc,marking   ] GC(1) Concurrent Clear Claimed Marks 0.014ms
[2024-05-09T05:54:59.291+0000][gc,marking   ] GC(1) Concurrent Scan Root Regions
[2024-05-09T05:54:59.292+0000][gc,marking   ] GC(1) Concurrent Scan Root Regions 1.603ms
[2024-05-09T05:54:59.292+0000][gc,marking   ] GC(1) Concurrent Mark (0.732s)
[2024-05-09T05:54:59.292+0000][gc,marking   ] GC(1) Concurrent Mark From Roots
[2024-05-09T05:54:59.292+0000][gc,task      ] GC(1) Using 3 workers of 3 for marking
[2024-05-09T05:54:59.293+0000][gc,marking   ] GC(1) Concurrent Mark From Roots 0.732ms
[2024-05-09T05:54:59.293+0000][gc,marking   ] GC(1) Concurrent Preclean
[2024-05-09T05:54:59.293+0000][gc,marking   ] GC(1) Concurrent Preclean 0.075ms
[2024-05-09T05:54:59.293+0000][gc,marking   ] GC(1) Concurrent Mark (0.732s, 0.733s) 0.851ms
[2024-05-09T05:54:59.293+0000][gc,start     ] GC(1) Pause Remark
[2024-05-09T05:54:59.295+0000][gc,stringtable] GC(1) Cleaned string and symbol table, strings: 8064 processed, 0 removed, symbols: 65712 processed, 26 removed
[2024-05-09T05:54:59.295+0000][gc            ] GC(1) Pause Remark 8M->8M(1024M) 1.693ms
[2024-05-09T05:54:59.295+0000][gc,cpu        ] GC(1) User=0.01s Sys=0.00s Real=0.00s
[2024-05-09T05:54:59.295+0000][gc,marking    ] GC(1) Concurrent Rebuild Remembered Sets
[2024-05-09T05:54:59.296+0000][gc,marking    ] GC(1) Concurrent Rebuild Remembered Sets 0.587ms
[2024-05-09T05:54:59.296+0000][gc,start      ] GC(1) Pause Cleanup
[2024-05-09T05:54:59.296+0000][gc            ] GC(1) Pause Cleanup 8M->8M(1024M) 0.281ms
[2024-05-09T05:54:59.296+0000][gc,cpu        ] GC(1) User=0.00s Sys=0.00s Real=0.00s
[2024-05-09T05:54:59.296+0000][gc,marking    ] GC(1) Concurrent Cleanup for Next Mark
[2024-05-09T05:54:59.299+0000][gc,marking    ] GC(1) Concurrent Cleanup for Next Mark 2.647ms
[2024-05-09T05:54:59.299+0000][gc            ] GC(1) Concurrent Cycle 8.367ms
[2024-05-09T05:54:59.669+0000][gc,start      ] GC(2) Pause Young (Normal) (G1 Evacuation Pause)
[2024-05-09T05:54:59.669+0000][gc,task       ] GC(2) Using 13 workers of 13 for evacuation
[2024-05-09T05:54:59.674+0000][gc,phases     ] GC(2)   Pre Evacuate Collection Set: 0.0ms
[2024-05-09T05:54:59.674+0000][gc,phases     ] GC(2)   Evacuate Collection Set: 4.4ms
[2024-05-09T05:54:59.674+0000][gc,phases     ] GC(2)   Post Evacuate Collection Set: 0.6ms
[2024-05-09T05:54:59.674+0000][gc,phases     ] GC(2)   Other: 0.2ms
[2024-05-09T05:54:59.674+0000][gc,heap       ] GC(2) Eden regions: 44->0(49)
[2024-05-09T05:54:59.674+0000][gc,heap       ] GC(2) Survivor regions: 7->2(7)
[2024-05-09T05:54:59.674+0000][gc,heap       ] GC(2) Old regions: 1->8
[2024-05-09T05:54:59.674+0000][gc,heap       ] GC(2) Humongous regions: 0->0
[2024-05-09T05:54:59.674+0000][gc,metaspace  ] GC(2) Metaspace: 29323K(30460K)->29323K(30460K) NonClass: 26307K(27132K)->26307K(27132K) Class: 3015K(3328K)->3015K(3328K)
[2024-05-09T05:54:59.674+0000][gc            ] GC(2) Pause Young (Normal) (G1 Evacuation Pause) 51M->9M(1024M) 5.285ms
[2024-05-09T05:54:59.674+0000][gc,cpu        ] GC(2) User=0.05s Sys=0.00s Real=0.00s
[2024-05-09T05:55:00.067+0000][gc,start      ] GC(3) Pause Young (Concurrent Start) (Metadata GC Threshold)
[2024-05-09T05:55:00.067+0000][gc,task       ] GC(3) Using 13 workers of 13 for evacuation
[2024-05-09T05:55:00.074+0000][gc,phases     ] GC(3)   Pre Evacuate Collection Set: 0.1ms
[2024-05-09T05:55:00.074+0000][gc,phases     ] GC(3)   Evacuate Collection Set: 6.0ms
[2024-05-09T05:55:00.074+0000][gc,phases     ] GC(3)   Post Evacuate Collection Set: 0.4ms
[2024-05-09T05:55:00.074+0000][gc,phases     ] GC(3)   Other: 0.2ms
[2024-05-09T05:55:00.074+0000][gc,heap       ] GC(3) Eden regions: 33->0(47)
[2024-05-09T05:55:00.074+0000][gc,heap       ] GC(3) Survivor regions: 2->4(7)
[2024-05-09T05:55:00.074+0000][gc,heap       ] GC(3) Old regions: 8->8
[2024-05-09T05:55:00.074+0000][gc,heap       ] GC(3) Humongous regions: 0->0
[2024-05-09T05:55:00.074+0000][gc,metaspace  ] GC(3) Metaspace: 34904K(35964K)->34904K(35964K) NonClass: 31165K(31740K)->31165K(31740K) Class: 3739K(4224K)->3739K(4224K)
[2024-05-09T05:55:00.074+0000][gc            ] GC(3) Pause Young (Concurrent Start) (Metadata GC Threshold) 42M->11M(1024M) 6.764ms
[2024-05-09T05:55:00.074+0000][gc,cpu        ] GC(3) User=0.02s Sys=0.00s Real=0.01s
[2024-05-09T05:55:00.074+0000][gc            ] GC(4) Concurrent Cycle
[2024-05-09T05:55:00.074+0000][gc,marking    ] GC(4) Concurrent Clear Claimed Marks
[2024-05-09T05:55:00.074+0000][gc,marking    ] GC(4) Concurrent Clear Claimed Marks 0.051ms
[2024-05-09T05:55:00.074+0000][gc,marking    ] GC(4) Concurrent Scan Root Regions
[2024-05-09T05:55:00.075+0000][gc,marking    ] GC(4) Concurrent Scan Root Regions 1.018ms
[2024-05-09T05:55:00.075+0000][gc,marking    ] GC(4) Concurrent Mark (1.515s)
[2024-05-09T05:55:00.075+0000][gc,marking    ] GC(4) Concurrent Mark From Roots
[2024-05-09T05:55:00.075+0000][gc,task       ] GC(4) Using 3 workers of 3 for marking
[2024-05-09T05:55:00.078+0000][gc,marking    ] GC(4) Concurrent Mark From Roots 3.022ms
[2024-05-09T05:55:00.078+0000][gc,marking    ] GC(4) Concurrent Preclean
[2024-05-09T05:55:00.079+0000][gc,marking    ] GC(4) Concurrent Preclean 0.216ms
[2024-05-09T05:55:00.079+0000][gc,marking    ] GC(4) Concurrent Mark (1.515s, 1.518s) 3.307ms
[2024-05-09T05:55:00.079+0000][gc,start      ] GC(4) Pause Remark
[2024-05-09T05:55:00.081+0000][gc,stringtable] GC(4) Cleaned string and symbol table, strings: 12272 processed, 10 removed, symbols: 98578 processed, 21 removed
[2024-05-09T05:55:00.081+0000][gc            ] GC(4) Pause Remark 12M->12M(1024M) 2.124ms
[2024-05-09T05:55:00.081+0000][gc,cpu        ] GC(4) User=0.02s Sys=0.00s Real=0.00s
[2024-05-09T05:55:00.081+0000][gc,marking    ] GC(4) Concurrent Rebuild Remembered Sets
[2024-05-09T05:55:00.083+0000][gc,marking    ] GC(4) Concurrent Rebuild Remembered Sets 2.065ms
[2024-05-09T05:55:00.084+0000][gc,start      ] GC(4) Pause Cleanup
[2024-05-09T05:55:00.084+0000][gc            ] GC(4) Pause Cleanup 12M->12M(1024M) 0.182ms
[2024-05-09T05:55:00.084+0000][gc,cpu        ] GC(4) User=0.00s Sys=0.00s Real=0.00s
[2024-05-09T05:55:00.084+0000][gc,marking    ] GC(4) Concurrent Cleanup for Next Mark
[2024-05-09T05:55:00.086+0000][gc,marking    ] GC(4) Concurrent Cleanup for Next Mark 2.396ms
[2024-05-09T05:55:00.086+0000][gc            ] GC(4) Concurrent Cycle 12.122ms
[2024-05-09T05:55:00.529+0000][gc,start      ] GC(5) Pause Young (Normal) (G1 Evacuation Pause)
[2024-05-09T05:55:00.530+0000][gc,task       ] GC(5) Using 13 workers of 13 for evacuation
[2024-05-09T05:55:00.536+0000][gc,phases     ] GC(5)   Pre Evacuate Collection Set: 0.0ms
[2024-05-09T05:55:00.536+0000][gc,phases     ] GC(5)   Evacuate Collection Set: 5.4ms
[2024-05-09T05:55:00.536+0000][gc,phases     ] GC(5)   Post Evacuate Collection Set: 0.7ms
[2024-05-09T05:55:00.536+0000][gc,phases     ] GC(5)   Other: 0.2ms
[2024-05-09T05:55:00.536+0000][gc,heap       ] GC(5) Eden regions: 47->0(46)
[2024-05-09T05:55:00.536+0000][gc,heap       ] GC(5) Survivor regions: 4->5(7)
[2024-05-09T05:55:00.536+0000][gc,heap       ] GC(5) Old regions: 8->10
[2024-05-09T05:55:00.536+0000][gc,heap       ] GC(5) Humongous regions: 9->9
[2024-05-09T05:55:00.536+0000][gc,metaspace  ] GC(5) Metaspace: 42881K(44156K)->42881K(44156K) NonClass: 38191K(38908K)->38191K(38908K) Class: 4690K(5248K)->4690K(5248K)
[2024-05-09T05:55:00.536+0000][gc            ] GC(5) Pause Young (Normal) (G1 Evacuation Pause) 67M->23M(1024M) 6.399ms
[2024-05-09T05:55:00.536+0000][gc,cpu        ] GC(5) User=0.06s Sys=0.02s Real=0.01s
[2024-05-09T06:01:10.534+0000][gc,start      ] GC(6) Pause Young (Normal) (G1 Evacuation Pause)
[2024-05-09T06:01:10.534+0000][gc,task       ] GC(6) Using 13 workers of 13 for evacuation
[2024-05-09T06:01:10.537+0000][gc,phases     ] GC(6)   Pre Evacuate Collection Set: 0.0ms
[2024-05-09T06:01:10.537+0000][gc,phases     ] GC(6)   Evacuate Collection Set: 2.9ms
[2024-05-09T06:01:10.537+0000][gc,phases     ] GC(6)   Post Evacuate Collection Set: 0.6ms
[2024-05-09T06:01:10.538+0000][gc,phases     ] GC(6)   Other: 0.2ms
[2024-05-09T06:01:10.538+0000][gc,heap       ] GC(6) Eden regions: 46->0(44)
[2024-05-09T06:01:10.538+0000][gc,heap       ] GC(6) Survivor regions: 5->7(7)
[2024-05-09T06:01:10.538+0000][gc,heap       ] GC(6) Old regions: 10->12
[2024-05-09T06:01:10.538+0000][gc,heap       ] GC(6) Humongous regions: 138->138
[2024-05-09T06:01:10.538+0000][gc,metaspace  ] GC(6) Metaspace: 49083K(50812K)->49083K(50812K) NonClass: 43827K(44796K)->43827K(44796K) Class: 5256K(6016K)->5256K(6016K)
[2024-05-09T06:01:10.538+0000][gc            ] GC(6) Pause Young (Normal) (G1 Evacuation Pause) 198M->155M(1024M) 3.801ms
[2024-05-09T06:01:10.538+0000][gc,cpu        ] GC(6) User=0.02s Sys=0.01s Real=0.01s
[2024-05-09T06:01:30.901+0000][gc,start      ] GC(7) Pause Young (Normal) (G1 Evacuation Pause)
[2024-05-09T06:01:30.901+0000][gc,task       ] GC(7) Using 13 workers of 13 for evacuation
[2024-05-09T06:01:30.905+0000][gc,phases     ] GC(7)   Pre Evacuate Collection Set: 0.0ms
[2024-05-09T06:01:30.905+0000][gc,phases     ] GC(7)   Evacuate Collection Set: 2.7ms
[2024-05-09T06:01:30.905+0000][gc,phases     ] GC(7)   Post Evacuate Collection Set: 0.8ms
[2024-05-09T06:01:30.905+0000][gc,phases     ] GC(7)   Other: 0.2ms
[2024-05-09T06:01:30.905+0000][gc,heap       ] GC(7) Eden regions: 44->0(44)
[2024-05-09T06:01:30.905+0000][gc,heap       ] GC(7) Survivor regions: 7->7(7)
[2024-05-09T06:01:30.905+0000][gc,heap       ] GC(7) Old regions: 12->14
[2024-05-09T06:01:30.905+0000][gc,heap       ] GC(7) Humongous regions: 138->138
[2024-05-09T06:01:30.905+0000][gc,metaspace  ] GC(7) Metaspace: 53094K(55548K)->53094K(55548K) NonClass: 47070K(48380K)->47070K(48380K) Class: 6024K(7168K)->6024K(7168K)
[2024-05-09T06:01:30.905+0000][gc            ] GC(7) Pause Young (Normal) (G1 Evacuation Pause) 199M->158M(1024M) 3.758ms
[2024-05-09T06:01:30.905+0000][gc,cpu        ] GC(7) User=0.03s Sys=0.00s Real=0.00s
[2024-05-09T06:03:54.753+0000][gc,start      ] GC(8) Pause Young (Normal) (G1 Evacuation Pause)
[2024-05-09T06:03:54.753+0000][gc,task       ] GC(8) Using 13 workers of 13 for evacuation
[2024-05-09T06:03:54.757+0000][gc,phases     ] GC(8)   Pre Evacuate Collection Set: 0.0ms
[2024-05-09T06:03:54.757+0000][gc,phases     ] GC(8)   Evacuate Collection Set: 3.1ms
[2024-05-09T06:03:54.757+0000][gc,phases     ] GC(8)   Post Evacuate Collection Set: 0.8ms
[2024-05-09T06:03:54.757+0000][gc,phases     ] GC(8)   Other: 0.2ms
[2024-05-09T06:03:54.757+0000][gc,heap       ] GC(8) Eden regions: 44->0(44)
[2024-05-09T06:03:54.757+0000][gc,heap       ] GC(8) Survivor regions: 7->7(7)
[2024-05-09T06:03:54.757+0000][gc,heap       ] GC(8) Old regions: 14->18
[2024-05-09T06:03:54.758+0000][gc,heap       ] GC(8) Humongous regions: 138->138
[2024-05-09T06:03:54.758+0000][gc,metaspace  ] GC(8) Metaspace: 53818K(56316K)->53818K(56316K) NonClass: 47782K(49148K)->47782K(49148K) Class: 6036K(7168K)->6036K(7168K)
[2024-05-09T06:03:54.758+0000][gc            ] GC(8) Pause Young (Normal) (G1 Evacuation Pause) 202M->162M(1024M) 5.680ms
[2024-05-09T06:03:54.758+0000][gc,cpu        ] GC(8) User=0.03s Sys=0.01s Real=0.01s
[2024-05-09T06:04:55.173+0000][gc,start      ] GC(9) Pause Young (Normal) (G1 Evacuation Pause)
[2024-05-09T06:04:55.173+0000][gc,task       ] GC(9) Using 13 workers of 13 for evacuation
[2024-05-09T06:04:55.176+0000][gc,phases     ] GC(9)   Pre Evacuate Collection Set: 0.0ms
[2024-05-09T06:04:55.176+0000][gc,phases     ] GC(9)   Evacuate Collection Set: 2.3ms
[2024-05-09T06:04:55.176+0000][gc,phases     ] GC(9)   Post Evacuate Collection Set: 0.8ms
[2024-05-09T06:04:55.176+0000][gc,phases     ] GC(9)   Other: 0.2ms
[2024-05-09T06:04:55.176+0000][gc,heap       ] GC(9) Eden regions: 44->0(49)
[2024-05-09T06:04:55.176+0000][gc,heap       ] GC(9) Survivor regions: 7->4(7)
[2024-05-09T06:04:55.176+0000][gc,heap       ] GC(9) Old regions: 18->21
[2024-05-09T06:04:55.176+0000][gc,heap       ] GC(9) Humongous regions: 138->138
[2024-05-09T06:04:55.176+0000][gc,metaspace  ] GC(9) Metaspace: 55742K(58620K)->55742K(58620K) NonClass: 49319K(50940K)->49319K(50940K) Class: 6423K(7680K)->6423K(7680K)
[2024-05-09T06:04:55.176+0000][gc            ] GC(9) Pause Young (Normal) (G1 Evacuation Pause) 206M->162M(1024M) 3.384ms
[2024-05-09T06:04:55.176+0000][gc,cpu        ] GC(9) User=0.03s Sys=0.00s Real=0.01s
[2024-05-09T06:07:16.018+0000][gc,start      ] GC(10) Pause Young (Normal) (G1 Evacuation Pause)
[2024-05-09T06:07:16.018+0000][gc,task       ] GC(10) Using 13 workers of 13 for evacuation
[2024-05-09T06:07:16.021+0000][gc,phases     ] GC(10)   Pre Evacuate Collection Set: 0.0ms
[2024-05-09T06:07:16.021+0000][gc,phases     ] GC(10)   Evacuate Collection Set: 2.5ms
[2024-05-09T06:07:16.021+0000][gc,phases     ] GC(10)   Post Evacuate Collection Set: 0.5ms
[2024-05-09T06:07:16.021+0000][gc,phases     ] GC(10)   Other: 0.2ms
[2024-05-09T06:07:16.021+0000][gc,heap       ] GC(10) Eden regions: 49->0(58)
[2024-05-09T06:07:16.021+0000][gc,heap       ] GC(10) Survivor regions: 4->6(7)
[2024-05-09T06:07:16.021+0000][gc,heap       ] GC(10) Old regions: 21->21
[2024-05-09T06:07:16.021+0000][gc,heap       ] GC(10) Humongous regions: 138->138
[2024-05-09T06:07:16.021+0000][gc,metaspace  ] GC(10) Metaspace: 55983K(58876K)->55983K(58876K) NonClass: 49537K(51196K)->49537K(51196K) Class: 6446K(7680K)->6446K(7680K)
[2024-05-09T06:07:16.021+0000][gc            ] GC(10) Pause Young (Normal) (G1 Evacuation Pause) 211M->164M(1024M) 3.212ms
[2024-05-09T06:07:16.021+0000][gc,cpu        ] GC(10) User=0.04s Sys=0.00s Real=0.00s
[2024-05-09T06:09:50.892+0000][gc,start      ] GC(11) Pause Young (Normal) (G1 Evacuation Pause)
[2024-05-09T06:09:50.892+0000][gc,task       ] GC(11) Using 13 workers of 13 for evacuation
[2024-05-09T06:09:50.903+0000][gc,phases     ] GC(11)   Pre Evacuate Collection Set: 0.0ms
[2024-05-09T06:09:50.903+0000][gc,phases     ] GC(11)   Evacuate Collection Set: 10.1ms
[2024-05-09T06:09:50.903+0000][gc,phases     ] GC(11)   Post Evacuate Collection Set: 0.5ms
[2024-05-09T06:09:50.903+0000][gc,phases     ] GC(11)   Other: 0.3ms
[2024-05-09T06:09:50.903+0000][gc,heap       ] GC(11) Eden regions: 51->0(129)
[2024-05-09T06:09:50.903+0000][gc,heap       ] GC(11) Survivor regions: 6->7(8)
[2024-05-09T06:09:50.903+0000][gc,heap       ] GC(11) Old regions: 21->23
[2024-05-09T06:09:50.903+0000][gc,heap       ] GC(11) Humongous regions: 138->138
[2024-05-09T06:09:50.903+0000][gc,metaspace  ] GC(11) Metaspace: 56049K(58876K)->56049K(58876K) NonClass: 49602K(51196K)->49602K(51196K) Class: 6446K(7680K)->6446K(7680K)
[2024-05-09T06:09:50.903+0000][gc            ] GC(11) Pause Young (Normal) (G1 Evacuation Pause) 215M->167M(1024M) 11.003ms
[2024-05-09T06:09:50.903+0000][gc,cpu        ] GC(11) User=0.09s Sys=0.00s Real=0.01s
[2024-05-09T06:16:30.984+0000][gc,start      ] GC(12) Pause Young (Normal) (G1 Evacuation Pause)
[2024-05-09T06:16:30.984+0000][gc,task       ] GC(12) Using 13 workers of 13 for evacuation
[2024-05-09T06:16:30.989+0000][gc,phases     ] GC(12)   Pre Evacuate Collection Set: 0.0ms
[2024-05-09T06:16:30.989+0000][gc,phases     ] GC(12)   Evacuate Collection Set: 4.2ms
[2024-05-09T06:16:30.989+0000][gc,phases     ] GC(12)   Post Evacuate Collection Set: 0.5ms
[2024-05-09T06:16:30.989+0000][gc,phases     ] GC(12)   Other: 0.2ms
[2024-05-09T06:16:30.989+0000][gc,heap       ] GC(12) Eden regions: 129->0(121)
[2024-05-09T06:16:30.989+0000][gc,heap       ] GC(12) Survivor regions: 7->12(17)
[2024-05-09T06:16:30.989+0000][gc,heap       ] GC(12) Old regions: 23->23
[2024-05-09T06:16:30.989+0000][gc,heap       ] GC(12) Humongous regions: 138->138
[2024-05-09T06:16:30.989+0000][gc,metaspace  ] GC(12) Metaspace: 56171K(59004K)->56171K(59004K) NonClass: 49720K(51196K)->49720K(51196K) Class: 6450K(7808K)->6450K(7808K)
[2024-05-09T06:16:30.990+0000][gc            ] GC(12) Pause Young (Normal) (G1 Evacuation Pause) 296M->172M(1024M) 5.059ms
[2024-05-09T06:16:30.990+0000][gc,cpu        ] GC(12) User=0.06s Sys=0.00s Real=0.01s
[2024-05-09T06:22:49.207+0000][gc,start      ] GC(13) Pause Young (Normal) (G1 Evacuation Pause)
[2024-05-09T06:22:49.207+0000][gc,task       ] GC(13) Using 13 workers of 13 for evacuation
[2024-05-09T06:22:49.221+0000][gc,phases     ] GC(13)   Pre Evacuate Collection Set: 0.0ms
[2024-05-09T06:22:49.221+0000][gc,phases     ] GC(13)   Evacuate Collection Set: 13.3ms
[2024-05-09T06:22:49.221+0000][gc,phases     ] GC(13)   Post Evacuate Collection Set: 0.8ms
[2024-05-09T06:22:49.222+0000][gc,phases     ] GC(13)   Other: 0.6ms
[2024-05-09T06:22:49.222+0000][gc,heap       ] GC(13) Eden regions: 119->0(121)
[2024-05-09T06:22:49.222+0000][gc,heap       ] GC(13) Survivor regions: 12->14(17)
[2024-05-09T06:22:49.222+0000][gc,heap       ] GC(13) Old regions: 23->27
[2024-05-09T06:22:49.222+0000][gc,heap       ] GC(13) Humongous regions: 138->138
[2024-05-09T06:22:49.222+0000][gc,metaspace  ] GC(13) Metaspace: 56454K(59260K)->56454K(59260K) NonClass: 49974K(51452K)->49974K(51452K) Class: 6479K(7808K)->6479K(7808K)
[2024-05-09T06:22:49.222+0000][gc            ] GC(13) Pause Young (Normal) (G1 Evacuation Pause) 291M->178M(1024M) 14.796ms
[2024-05-09T06:22:49.222+0000][gc,cpu        ] GC(13) User=0.10s Sys=0.00s Real=0.02s
[2024-05-09T06:29:10.885+0000][gc,start      ] GC(14) Pause Young (Normal) (G1 Evacuation Pause)
[2024-05-09T06:29:10.885+0000][gc,task       ] GC(14) Using 13 workers of 13 for evacuation
[2024-05-09T06:29:10.891+0000][gc,phases     ] GC(14)   Pre Evacuate Collection Set: 0.0ms
[2024-05-09T06:29:10.891+0000][gc,phases     ] GC(14)   Evacuate Collection Set: 5.0ms
[2024-05-09T06:29:10.891+0000][gc,phases     ] GC(14)   Post Evacuate Collection Set: 0.4ms
[2024-05-09T06:29:10.891+0000][gc,phases     ] GC(14)   Other: 0.2ms
[2024-05-09T06:29:10.891+0000][gc,heap       ] GC(14) Eden regions: 121->0(152)
[2024-05-09T06:29:10.891+0000][gc,heap       ] GC(14) Survivor regions: 14->14(17)
[2024-05-09T06:29:10.891+0000][gc,heap       ] GC(14) Old regions: 27->33
[2024-05-09T06:29:10.891+0000][gc,heap       ] GC(14) Humongous regions: 138->138
[2024-05-09T06:29:10.891+0000][gc,metaspace  ] GC(14) Metaspace: 56533K(59516K)->56533K(59516K) NonClass: 50054K(51708K)->50054K(51708K) Class: 6479K(7808K)->6479K(7808K)
[2024-05-09T06:29:10.891+0000][gc            ] GC(14) Pause Young (Normal) (G1 Evacuation Pause) 299M->183M(1024M) 5.676ms
[2024-05-09T06:29:10.891+0000][gc,cpu        ] GC(14) User=0.06s Sys=0.00s Real=0.01s
[2024-05-09T06:37:14.668+0000][gc,start      ] GC(15) Pause Young (Normal) (G1 Evacuation Pause)
[2024-05-09T06:37:14.668+0000][gc,task       ] GC(15) Using 13 workers of 13 for evacuation
[2024-05-09T06:37:14.678+0000][gc,phases     ] GC(15)   Pre Evacuate Collection Set: 0.0ms
[2024-05-09T06:37:14.678+0000][gc,phases     ] GC(15)   Evacuate Collection Set: 9.2ms
[2024-05-09T06:37:14.678+0000][gc,phases     ] GC(15)   Post Evacuate Collection Set: 0.5ms
[2024-05-09T06:37:14.678+0000][gc,phases     ] GC(15)   Other: 0.3ms
[2024-05-09T06:37:14.678+0000][gc,heap       ] GC(15) Eden regions: 152->0(450)
[2024-05-09T06:37:14.678+0000][gc,heap       ] GC(15) Survivor regions: 14->15(21)
[2024-05-09T06:37:14.678+0000][gc,heap       ] GC(15) Old regions: 33->38
[2024-05-09T06:37:14.678+0000][gc,heap       ] GC(15) Humongous regions: 138->138
[2024-05-09T06:37:14.678+0000][gc,metaspace  ] GC(15) Metaspace: 56573K(59516K)->56573K(59516K) NonClass: 50094K(51708K)->50094K(51708K) Class: 6479K(7808K)->6479K(7808K)
[2024-05-09T06:37:14.678+0000][gc            ] GC(15) Pause Young (Normal) (G1 Evacuation Pause) 335M->189M(1024M) 10.142ms
[2024-05-09T06:37:14.678+0000][gc,cpu        ] GC(15) User=0.09s Sys=0.01s Real=0.01s
[2024-05-09T07:01:04.343+0000][gc,start      ] GC(16) Pause Young (Normal) (G1 Evacuation Pause)
[2024-05-09T07:01:04.343+0000][gc,task       ] GC(16) Using 13 workers of 13 for evacuation
[2024-05-09T07:01:04.357+0000][gc,phases     ] GC(16)   Pre Evacuate Collection Set: 0.0ms
[2024-05-09T07:01:04.357+0000][gc,phases     ] GC(16)   Evacuate Collection Set: 13.1ms
[2024-05-09T07:01:04.357+0000][gc,phases     ] GC(16)   Post Evacuate Collection Set: 0.5ms
[2024-05-09T07:01:04.357+0000][gc,phases     ] GC(16)   Other: 0.6ms
[2024-05-09T07:01:04.357+0000][gc,heap       ] GC(16) Eden regions: 450->0(221)
[2024-05-09T07:01:04.357+0000][gc,heap       ] GC(16) Survivor regions: 15->32(59)
[2024-05-09T07:01:04.357+0000][gc,heap       ] GC(16) Old regions: 38->38
[2024-05-09T07:01:04.357+0000][gc,heap       ] GC(16) Humongous regions: 147->147
[2024-05-09T07:01:04.357+0000][gc,metaspace  ] GC(16) Metaspace: 56838K(59900K)->56838K(59900K) NonClass: 50320K(51964K)->50320K(51964K) Class: 6518K(7936K)->6518K(7936K)
[2024-05-09T07:01:04.357+0000][gc            ] GC(16) Pause Young (Normal) (G1 Evacuation Pause) 648M->215M(1024M) 14.400ms
[2024-05-09T07:01:04.357+0000][gc,cpu        ] GC(16) User=0.13s Sys=0.01s Real=0.02s
[2024-05-09T07:12:57.829+0000][gc,start      ] GC(17) Pause Young (Normal) (G1 Evacuation Pause)
[2024-05-09T07:12:57.830+0000][gc,task       ] GC(17) Using 13 workers of 13 for evacuation
[2024-05-09T07:12:57.842+0000][gc,phases     ] GC(17)   Pre Evacuate Collection Set: 0.0ms
[2024-05-09T07:12:57.842+0000][gc,phases     ] GC(17)   Evacuate Collection Set: 11.8ms
[2024-05-09T07:12:57.842+0000][gc,phases     ] GC(17)   Post Evacuate Collection Set: 0.5ms
[2024-05-09T07:12:57.842+0000][gc,phases     ] GC(17)   Other: 0.8ms
[2024-05-09T07:12:57.842+0000][gc,heap       ] GC(17) Eden regions: 221->0(487)
[2024-05-09T07:12:57.842+0000][gc,heap       ] GC(17) Survivor regions: 32->7(32)
[2024-05-09T07:12:57.843+0000][gc,heap       ] GC(17) Old regions: 38->66
[2024-05-09T07:12:57.843+0000][gc,heap       ] GC(17) Humongous regions: 147->147
[2024-05-09T07:12:57.843+0000][gc,metaspace  ] GC(17) Metaspace: 56858K(59900K)->56858K(59900K) NonClass: 50337K(51964K)->50337K(51964K) Class: 6520K(7936K)->6520K(7936K)
[2024-05-09T07:12:57.843+0000][gc            ] GC(17) Pause Young (Normal) (G1 Evacuation Pause) 436M->219M(1024M) 13.151ms
[2024-05-09T07:12:57.843+0000][gc,cpu        ] GC(17) User=0.08s Sys=0.01s Real=0.01s
[2024-05-09T07:19:14.230+0000][gc,start      ] GC(18) Pause Young (Concurrent Start) (Metadata GC Threshold)
[2024-05-09T07:19:14.230+0000][gc,task       ] GC(18) Using 13 workers of 13 for evacuation
[2024-05-09T07:19:14.238+0000][gc,phases     ] GC(18)   Pre Evacuate Collection Set: 0.3ms
[2024-05-09T07:19:14.238+0000][gc,phases     ] GC(18)   Evacuate Collection Set: 7.0ms
[2024-05-09T07:19:14.239+0000][gc,phases     ] GC(18)   Post Evacuate Collection Set: 0.5ms
[2024-05-09T07:19:14.239+0000][gc,phases     ] GC(18)   Other: 0.3ms
[2024-05-09T07:19:14.239+0000][gc,heap       ] GC(18) Eden regions: 132->0(610)
[2024-05-09T07:19:14.239+0000][gc,heap       ] GC(18) Survivor regions: 7->4(62)
[2024-05-09T07:19:14.239+0000][gc,heap       ] GC(18) Old regions: 66->66
[2024-05-09T07:19:14.239+0000][gc,heap       ] GC(18) Humongous regions: 147->147
[2024-05-09T07:19:14.239+0000][gc,metaspace  ] GC(18) Metaspace: 57396K(60368K)->57396K(60368K) NonClass: 50790K(52432K)->50790K(52432K) Class: 6606K(7936K)->6606K(7936K)
[2024-05-09T07:19:14.239+0000][gc            ] GC(18) Pause Young (Concurrent Start) (Metadata GC Threshold) 351M->215M(1024M) 8.319ms
[2024-05-09T07:19:14.239+0000][gc,cpu        ] GC(18) User=0.05s Sys=0.00s Real=0.01s
[2024-05-09T07:19:14.239+0000][gc            ] GC(19) Concurrent Cycle
[2024-05-09T07:19:14.239+0000][gc,marking    ] GC(19) Concurrent Clear Claimed Marks
[2024-05-09T07:19:14.239+0000][gc,marking    ] GC(19) Concurrent Clear Claimed Marks 0.074ms
[2024-05-09T07:19:14.239+0000][gc,marking    ] GC(19) Concurrent Scan Root Regions
[2024-05-09T07:19:14.240+0000][gc,marking    ] GC(19) Concurrent Scan Root Regions 1.560ms
[2024-05-09T07:19:14.240+0000][gc,marking    ] GC(19) Concurrent Mark (5055.680s)
[2024-05-09T07:19:14.240+0000][gc,marking    ] GC(19) Concurrent Mark From Roots
[2024-05-09T07:19:14.240+0000][gc,task       ] GC(19) Using 3 workers of 3 for marking
[2024-05-09T07:19:14.263+0000][gc,marking    ] GC(19) Concurrent Mark From Roots 22.259ms
[2024-05-09T07:19:14.263+0000][gc,marking    ] GC(19) Concurrent Preclean
[2024-05-09T07:19:14.263+0000][gc,marking    ] GC(19) Concurrent Preclean 0.363ms
[2024-05-09T07:19:14.263+0000][gc,marking    ] GC(19) Concurrent Mark (5055.680s, 5055.703s) 22.688ms
[2024-05-09T07:19:14.263+0000][gc,start      ] GC(19) Pause Remark
[2024-05-09T07:19:14.351+0000][gc,stringtable] GC(19) Cleaned string and symbol table, strings: 20994 processed, 2487 removed, symbols: 137208 processed, 18 removed
[2024-05-09T07:19:14.352+0000][gc,mmu        ] GC(19) MMU target violated: 21.0ms (20.0ms/21.0ms)
[2024-05-09T07:19:14.352+0000][gc            ] GC(19) Pause Remark 217M->217M(1024M) 88.491ms
[2024-05-09T07:19:14.352+0000][gc,cpu        ] GC(19) User=0.31s Sys=0.00s Real=0.09s
[2024-05-09T07:19:14.353+0000][gc,marking    ] GC(19) Concurrent Rebuild Remembered Sets
[2024-05-09T07:19:14.364+0000][gc,marking    ] GC(19) Concurrent Rebuild Remembered Sets 11.273ms
[2024-05-09T07:19:14.365+0000][gc,start      ] GC(19) Pause Cleanup
[2024-05-09T07:19:14.365+0000][gc            ] GC(19) Pause Cleanup 219M->219M(1024M) 0.231ms
[2024-05-09T07:19:14.365+0000][gc,cpu        ] GC(19) User=0.00s Sys=0.00s Real=0.00s
[2024-05-09T07:19:14.365+0000][gc,marking    ] GC(19) Concurrent Cleanup for Next Mark
[2024-05-09T07:19:14.366+0000][gc,marking    ] GC(19) Concurrent Cleanup for Next Mark 1.418ms
[2024-05-09T07:19:14.366+0000][gc            ] GC(19) Concurrent Cycle 127.642ms
[2024-05-09T07:20:08.142+0000][gc,heap,exit  ] Heap
[2024-05-09T07:20:08.142+0000][gc,heap,exit  ]  garbage-first heap   total 1048576K, used 239488K [0x00000000c0000000, 0x0000000100000000)
[2024-05-09T07:20:08.142+0000][gc,heap,exit  ]   region size 1024K, 24 young (24576K), 4 survivors (4096K)
[2024-05-09T07:20:08.142+0000][gc,heap,exit  ]  Metaspace       used 58303K, capacity 61266K, committed 61520K, reserved 1101824K
[2024-05-09T07:20:08.142+0000][gc,heap,exit  ]   class space    used 6819K, capacity 8207K, committed 8320K, reserved 1048576K
