[2024-05-09T05:25:15.581+0700][gc] Using G1
[2024-05-09T05:25:15.585+0700][gc,init] Version: 17.0.10+7-Ubuntu-122.04.1 (release)
[2024-05-09T05:25:15.585+0700][gc,init] CPUs: 12 total, 12 available
[2024-05-09T05:25:15.585+0700][gc,init] Memory: 3845M
[2024-05-09T05:25:15.585+0700][gc,init] Large Page Support: Disabled
[2024-05-09T05:25:15.585+0700][gc,init] NUMA Support: Disabled
[2024-05-09T05:25:15.585+0700][gc,init] Compressed Oops: Enabled (32-bit)
[2024-05-09T05:25:15.585+0700][gc,init] Heap Region Size: 1M
[2024-05-09T05:25:15.585+0700][gc,init] Heap Min Capacity: 1G
[2024-05-09T05:25:15.586+0700][gc,init] Heap Initial Capacity: 1G
[2024-05-09T05:25:15.586+0700][gc,init] Heap Max Capacity: 1G
[2024-05-09T05:25:15.586+0700][gc,init] Pre-touch: Disabled
[2024-05-09T05:25:15.586+0700][gc,init] Parallel Workers: 10
[2024-05-09T05:25:15.586+0700][gc,init] Concurrent Workers: 3
[2024-05-09T05:25:15.586+0700][gc,init] Concurrent Refinement Workers: 10
[2024-05-09T05:25:15.586+0700][gc,init] Periodic GC: Disabled
[2024-05-09T05:25:15.591+0700][gc,metaspace] CDS archive(s) mapped at: [0x00007fa333000000-0x00007fa333bc7000-0x00007fa333bc7000), size 12349440, SharedBaseAddress: 0x00007fa333000000, ArchiveRelocationMode: 1.
[2024-05-09T05:25:15.591+0700][gc,metaspace] Compressed class space mapped at: 0x00007fa334000000-0x00007fa374000000, reserved size: 1073741824
[2024-05-09T05:25:15.591+0700][gc,metaspace] Narrow klass base: 0x00007fa333000000, Narrow klass shift: 0, Narrow klass range: 0x100000000
[2024-05-09T05:25:16.279+0700][gc,start    ] GC(0) Pause Young (Normal) (G1 Evacuation Pause)
[2024-05-09T05:25:16.280+0700][gc,task     ] GC(0) Using 10 workers of 10 for evacuation
[2024-05-09T05:25:16.295+0700][gc,phases   ] GC(0)   Pre Evacuate Collection Set: 0.1ms
[2024-05-09T05:25:16.295+0700][gc,phases   ] GC(0)   Merge Heap Roots: 0.1ms
[2024-05-09T05:25:16.295+0700][gc,phases   ] GC(0)   Evacuate Collection Set: 14.1ms
[2024-05-09T05:25:16.295+0700][gc,phases   ] GC(0)   Post Evacuate Collection Set: 0.7ms
[2024-05-09T05:25:16.295+0700][gc,phases   ] GC(0)   Other: 1.0ms
[2024-05-09T05:25:16.295+0700][gc,heap     ] GC(0) Eden regions: 51->0(44)
[2024-05-09T05:25:16.295+0700][gc,heap     ] GC(0) Survivor regions: 0->7(7)
[2024-05-09T05:25:16.295+0700][gc,heap     ] GC(0) Old regions: 0->2
[2024-05-09T05:25:16.295+0700][gc,heap     ] GC(0) Archive regions: 2->2
[2024-05-09T05:25:16.295+0700][gc,heap     ] GC(0) Humongous regions: 0->0
[2024-05-09T05:25:16.295+0700][gc,metaspace] GC(0) Metaspace: 18841K(19072K)->18841K(19072K) NonClass: 16783K(16896K)->16783K(16896K) Class: 2058K(2176K)->2058K(2176K)
[2024-05-09T05:25:16.295+0700][gc          ] GC(0) Pause Young (Normal) (G1 Evacuation Pause) 51M->9M(1024M) 16.098ms
[2024-05-09T05:25:16.295+0700][gc,cpu      ] GC(0) User=0.13s Sys=0.00s Real=0.00s
[2024-05-09T05:25:17.589+0700][gc,start    ] GC(1) Pause Young (Concurrent Start) (Metadata GC Threshold)
[2024-05-09T05:25:17.589+0700][gc,task     ] GC(1) Using 10 workers of 10 for evacuation
[2024-05-09T05:25:17.607+0700][gc,phases   ] GC(1)   Pre Evacuate Collection Set: 0.2ms
[2024-05-09T05:25:17.607+0700][gc,phases   ] GC(1)   Merge Heap Roots: 0.1ms
[2024-05-09T05:25:17.607+0700][gc,phases   ] GC(1)   Evacuate Collection Set: 17.6ms
[2024-05-09T05:25:17.607+0700][gc,phases   ] GC(1)   Post Evacuate Collection Set: 0.6ms
[2024-05-09T05:25:17.607+0700][gc,phases   ] GC(1)   Other: 0.3ms
[2024-05-09T05:25:17.607+0700][gc,heap     ] GC(1) Eden regions: 9->0(50)
[2024-05-09T05:25:17.607+0700][gc,heap     ] GC(1) Survivor regions: 7->1(7)
[2024-05-09T05:25:17.607+0700][gc,heap     ] GC(1) Old regions: 2->9
[2024-05-09T05:25:17.607+0700][gc,heap     ] GC(1) Archive regions: 2->2
[2024-05-09T05:25:17.607+0700][gc,heap     ] GC(1) Humongous regions: 0->0
[2024-05-09T05:25:17.607+0700][gc,metaspace] GC(1) Metaspace: 21320K(21504K)->21320K(21504K) NonClass: 18925K(19008K)->18925K(19008K) Class: 2394K(2496K)->2394K(2496K)
[2024-05-09T05:25:17.607+0700][gc          ] GC(1) Pause Young (Concurrent Start) (Metadata GC Threshold) 18M->10M(1024M) 18.909ms
[2024-05-09T05:25:17.608+0700][gc,cpu      ] GC(1) User=0.16s Sys=0.00s Real=0.00s
[2024-05-09T05:25:17.608+0700][gc          ] GC(2) Concurrent Mark Cycle
[2024-05-09T05:25:17.608+0700][gc,marking  ] GC(2) Concurrent Clear Claimed Marks
[2024-05-09T05:25:17.608+0700][gc,marking  ] GC(2) Concurrent Clear Claimed Marks 0.028ms
[2024-05-09T05:25:17.608+0700][gc,marking  ] GC(2) Concurrent Scan Root Regions
[2024-05-09T05:25:17.610+0700][gc,marking  ] GC(2) Concurrent Scan Root Regions 2.159ms
[2024-05-09T05:25:17.610+0700][gc,marking  ] GC(2) Concurrent Mark
[2024-05-09T05:25:17.610+0700][gc,marking  ] GC(2) Concurrent Mark From Roots
[2024-05-09T05:25:17.610+0700][gc,task     ] GC(2) Using 3 workers of 3 for marking
[2024-05-09T05:25:17.611+0700][gc,marking  ] GC(2) Concurrent Mark From Roots 1.058ms
[2024-05-09T05:25:17.611+0700][gc,marking  ] GC(2) Concurrent Preclean
[2024-05-09T05:25:17.611+0700][gc,marking  ] GC(2) Concurrent Preclean 0.046ms
[2024-05-09T05:25:18.618+0700][gc,start    ] GC(2) Pause Remark
[2024-05-09T05:25:18.620+0700][gc          ] GC(2) Pause Remark 10M->10M(1024M) 1.853ms
[2024-05-09T05:25:18.620+0700][gc,cpu      ] GC(2) User=0.00s Sys=0.00s Real=0.00s
[2024-05-09T05:25:18.620+0700][gc,marking  ] GC(2) Concurrent Mark 1010.438ms
[2024-05-09T05:25:18.620+0700][gc,marking  ] GC(2) Concurrent Rebuild Remembered Sets
[2024-05-09T05:25:18.622+0700][gc,marking  ] GC(2) Concurrent Rebuild Remembered Sets 1.306ms
[2024-05-09T05:25:20.638+0700][gc,start    ] GC(2) Pause Cleanup
[2024-05-09T05:25:20.639+0700][gc          ] GC(2) Pause Cleanup 10M->10M(1024M) 0.289ms
[2024-05-09T05:25:20.639+0700][gc,cpu      ] GC(2) User=0.00s Sys=0.00s Real=0.00s
[2024-05-09T05:25:20.639+0700][gc,marking  ] GC(2) Concurrent Cleanup for Next Mark
[2024-05-09T05:25:20.646+0700][gc,marking  ] GC(2) Concurrent Cleanup for Next Mark 6.799ms
[2024-05-09T05:25:20.646+0700][gc          ] GC(2) Concurrent Mark Cycle 3038.259ms
[2024-05-09T05:25:22.659+0700][gc,start    ] GC(3) Pause Young (Normal) (G1 Evacuation Pause)
[2024-05-09T05:25:22.659+0700][gc,task     ] GC(3) Using 10 workers of 10 for evacuation
[2024-05-09T05:25:22.662+0700][gc,phases   ] GC(3)   Pre Evacuate Collection Set: 0.3ms
[2024-05-09T05:25:22.662+0700][gc,phases   ] GC(3)   Merge Heap Roots: 0.2ms
[2024-05-09T05:25:22.662+0700][gc,phases   ] GC(3)   Evacuate Collection Set: 2.4ms
[2024-05-09T05:25:22.662+0700][gc,phases   ] GC(3)   Post Evacuate Collection Set: 0.5ms
[2024-05-09T05:25:22.662+0700][gc,phases   ] GC(3)   Other: 0.1ms
[2024-05-09T05:25:22.662+0700][gc,heap     ] GC(3) Eden regions: 50->0(47)
[2024-05-09T05:25:22.662+0700][gc,heap     ] GC(3) Survivor regions: 1->4(7)
[2024-05-09T05:25:22.662+0700][gc,heap     ] GC(3) Old regions: 9->9
[2024-05-09T05:25:22.662+0700][gc,heap     ] GC(3) Archive regions: 2->2
[2024-05-09T05:25:22.662+0700][gc,heap     ] GC(3) Humongous regions: 9->9
[2024-05-09T05:25:22.662+0700][gc,metaspace] GC(3) Metaspace: 31555K(31808K)->31555K(31808K) NonClass: 27986K(28096K)->27986K(28096K) Class: 3568K(3712K)->3568K(3712K)
[2024-05-09T05:25:22.662+0700][gc          ] GC(3) Pause Young (Normal) (G1 Evacuation Pause) 69M->21M(1024M) 3.606ms
[2024-05-09T05:25:22.662+0700][gc,cpu      ] GC(3) User=0.03s Sys=0.00s Real=0.00s
[2024-05-09T05:25:23.597+0700][gc,start    ] GC(4) Pause Young (Concurrent Start) (Metadata GC Threshold)
[2024-05-09T05:25:23.597+0700][gc,task     ] GC(4) Using 10 workers of 10 for evacuation
[2024-05-09T05:25:23.603+0700][gc,phases   ] GC(4)   Pre Evacuate Collection Set: 0.2ms
[2024-05-09T05:25:23.603+0700][gc,phases   ] GC(4)   Merge Heap Roots: 0.1ms
[2024-05-09T05:25:23.603+0700][gc,phases   ] GC(4)   Evacuate Collection Set: 4.6ms
[2024-05-09T05:25:23.603+0700][gc,phases   ] GC(4)   Post Evacuate Collection Set: 0.9ms
[2024-05-09T05:25:23.603+0700][gc,phases   ] GC(4)   Other: 0.2ms
[2024-05-09T05:25:23.603+0700][gc,heap     ] GC(4) Eden regions: 25->0(44)
[2024-05-09T05:25:23.603+0700][gc,heap     ] GC(4) Survivor regions: 4->7(7)
[2024-05-09T05:25:23.603+0700][gc,heap     ] GC(4) Old regions: 9->9
[2024-05-09T05:25:23.603+0700][gc,heap     ] GC(4) Archive regions: 2->2
[2024-05-09T05:25:23.603+0700][gc,heap     ] GC(4) Humongous regions: 9->9
[2024-05-09T05:25:23.603+0700][gc,metaspace] GC(4) Metaspace: 35686K(35968K)->35686K(35968K) NonClass: 31681K(31808K)->31681K(31808K) Class: 4004K(4160K)->4004K(4160K)
[2024-05-09T05:25:23.603+0700][gc          ] GC(4) Pause Young (Concurrent Start) (Metadata GC Threshold) 46M->25M(1024M) 6.058ms
[2024-05-09T05:25:23.603+0700][gc,cpu      ] GC(4) User=0.06s Sys=0.00s Real=0.00s
[2024-05-09T05:25:23.603+0700][gc          ] GC(5) Concurrent Mark Cycle
[2024-05-09T05:25:23.603+0700][gc,marking  ] GC(5) Concurrent Clear Claimed Marks
[2024-05-09T05:25:23.603+0700][gc,marking  ] GC(5) Concurrent Clear Claimed Marks 0.050ms
[2024-05-09T05:25:23.603+0700][gc,marking  ] GC(5) Concurrent Scan Root Regions
[2024-05-09T05:25:23.605+0700][gc,marking  ] GC(5) Concurrent Scan Root Regions 2.052ms
[2024-05-09T05:25:23.605+0700][gc,marking  ] GC(5) Concurrent Mark
[2024-05-09T05:25:23.605+0700][gc,marking  ] GC(5) Concurrent Mark From Roots
[2024-05-09T05:25:23.605+0700][gc,task     ] GC(5) Using 3 workers of 3 for marking
[2024-05-09T05:25:23.608+0700][gc,marking  ] GC(5) Concurrent Mark From Roots 3.606ms
[2024-05-09T05:25:23.608+0700][gc,marking  ] GC(5) Concurrent Preclean
[2024-05-09T05:25:23.609+0700][gc,marking  ] GC(5) Concurrent Preclean 0.079ms
[2024-05-09T05:25:23.648+0700][gc,start    ] GC(5) Pause Remark
[2024-05-09T05:25:23.650+0700][gc          ] GC(5) Pause Remark 25M->25M(1024M) 1.945ms
[2024-05-09T05:25:23.650+0700][gc,cpu      ] GC(5) User=0.01s Sys=0.00s Real=0.00s
[2024-05-09T05:25:23.650+0700][gc,marking  ] GC(5) Concurrent Mark 45.627ms
[2024-05-09T05:25:23.650+0700][gc,marking  ] GC(5) Concurrent Rebuild Remembered Sets
[2024-05-09T05:25:23.652+0700][gc,marking  ] GC(5) Concurrent Rebuild Remembered Sets 1.507ms
[2024-05-09T05:25:25.459+0700][gc,start    ] GC(5) Pause Cleanup
[2024-05-09T05:25:25.459+0700][gc          ] GC(5) Pause Cleanup 25M->25M(1024M) 0.325ms
[2024-05-09T05:25:25.459+0700][gc,cpu      ] GC(5) User=0.00s Sys=0.00s Real=0.00s
[2024-05-09T05:25:25.459+0700][gc,marking  ] GC(5) Concurrent Cleanup for Next Mark
[2024-05-09T05:25:25.466+0700][gc,marking  ] GC(5) Concurrent Cleanup for Next Mark 6.727ms
[2024-05-09T05:25:25.466+0700][gc          ] GC(5) Concurrent Mark Cycle 1863.566ms
[2024-05-09T05:25:35.049+0700][gc,heap,exit] Heap
[2024-05-09T05:25:35.049+0700][gc,heap,exit]  garbage-first heap   total 1048576K, used 194075K [0x00000000c0000000, 0x0000000100000000)
[2024-05-09T05:25:35.050+0700][gc,heap,exit]   region size 1024K, 34 young (34816K), 7 survivors (7168K)
[2024-05-09T05:25:35.050+0700][gc,heap,exit]  Metaspace       used 38884K, committed 39296K, reserved 1114112K
[2024-05-09T05:25:35.050+0700][gc,heap,exit]   class space    used 4480K, committed 4672K, reserved 1048576K
