[2024-05-09T05:13:47.119+0700][gc] Using G1
[2024-05-09T05:13:47.124+0700][gc,init] Version: 17.0.10+7-Ubuntu-122.04.1 (release)
[2024-05-09T05:13:47.124+0700][gc,init] CPUs: 12 total, 12 available
[2024-05-09T05:13:47.124+0700][gc,init] Memory: 3845M
[2024-05-09T05:13:47.124+0700][gc,init] Large Page Support: Disabled
[2024-05-09T05:13:47.124+0700][gc,init] NUMA Support: Disabled
[2024-05-09T05:13:47.124+0700][gc,init] Compressed Oops: Enabled (32-bit)
[2024-05-09T05:13:47.124+0700][gc,init] Heap Region Size: 1M
[2024-05-09T05:13:47.124+0700][gc,init] Heap Min Capacity: 1G
[2024-05-09T05:13:47.124+0700][gc,init] Heap Initial Capacity: 1G
[2024-05-09T05:13:47.124+0700][gc,init] Heap Max Capacity: 1G
[2024-05-09T05:13:47.124+0700][gc,init] Pre-touch: Disabled
[2024-05-09T05:13:47.124+0700][gc,init] Parallel Workers: 10
[2024-05-09T05:13:47.124+0700][gc,init] Concurrent Workers: 3
[2024-05-09T05:13:47.124+0700][gc,init] Concurrent Refinement Workers: 10
[2024-05-09T05:13:47.124+0700][gc,init] Periodic GC: Disabled
[2024-05-09T05:13:47.129+0700][gc,metaspace] CDS archive(s) mapped at: [0x00007f28bf000000-0x00007f28bfbc7000-0x00007f28bfbc7000), size 12349440, SharedBaseAddress: 0x00007f28bf000000, ArchiveRelocationMode: 1.
[2024-05-09T05:13:47.129+0700][gc,metaspace] Compressed class space mapped at: 0x00007f28c0000000-0x00007f2900000000, reserved size: 1073741824
[2024-05-09T05:13:47.129+0700][gc,metaspace] Narrow klass base: 0x00007f28bf000000, Narrow klass shift: 0, Narrow klass range: 0x100000000
[2024-05-09T05:13:47.910+0700][gc,start    ] GC(0) Pause Young (Normal) (G1 Evacuation Pause)
[2024-05-09T05:13:47.911+0700][gc,task     ] GC(0) Using 10 workers of 10 for evacuation
[2024-05-09T05:13:47.931+0700][gc,phases   ] GC(0)   Pre Evacuate Collection Set: 0.2ms
[2024-05-09T05:13:47.931+0700][gc,phases   ] GC(0)   Merge Heap Roots: 0.2ms
[2024-05-09T05:13:47.931+0700][gc,phases   ] GC(0)   Evacuate Collection Set: 18.9ms
[2024-05-09T05:13:47.931+0700][gc,phases   ] GC(0)   Post Evacuate Collection Set: 0.8ms
[2024-05-09T05:13:47.931+0700][gc,phases   ] GC(0)   Other: 1.3ms
[2024-05-09T05:13:47.931+0700][gc,heap     ] GC(0) Eden regions: 51->0(44)
[2024-05-09T05:13:47.931+0700][gc,heap     ] GC(0) Survivor regions: 0->7(7)
[2024-05-09T05:13:47.931+0700][gc,heap     ] GC(0) Old regions: 0->2
[2024-05-09T05:13:47.931+0700][gc,heap     ] GC(0) Archive regions: 2->2
[2024-05-09T05:13:47.931+0700][gc,heap     ] GC(0) Humongous regions: 0->0
[2024-05-09T05:13:47.931+0700][gc,metaspace] GC(0) Metaspace: 18745K(18944K)->18745K(18944K) NonClass: 16692K(16768K)->16692K(16768K) Class: 2052K(2176K)->2052K(2176K)
[2024-05-09T05:13:47.931+0700][gc          ] GC(0) Pause Young (Normal) (G1 Evacuation Pause) 51M->9M(1024M) 21.317ms
[2024-05-09T05:13:47.931+0700][gc,cpu      ] GC(0) User=0.00s Sys=0.18s Real=0.00s
[2024-05-09T05:13:49.683+0700][gc,start    ] GC(1) Pause Young (Concurrent Start) (Metadata GC Threshold)
[2024-05-09T05:13:49.683+0700][gc,task     ] GC(1) Using 10 workers of 10 for evacuation
[2024-05-09T05:13:49.705+0700][gc,mmu      ] GC(1) MMU target violated: 21.0ms (20.0ms/21.0ms)
[2024-05-09T05:13:49.705+0700][gc,phases   ] GC(1)   Pre Evacuate Collection Set: 0.4ms
[2024-05-09T05:13:49.705+0700][gc,phases   ] GC(1)   Merge Heap Roots: 0.1ms
[2024-05-09T05:13:49.705+0700][gc,phases   ] GC(1)   Evacuate Collection Set: 20.7ms
[2024-05-09T05:13:49.705+0700][gc,phases   ] GC(1)   Post Evacuate Collection Set: 0.5ms
[2024-05-09T05:13:49.705+0700][gc,phases   ] GC(1)   Other: 0.5ms
[2024-05-09T05:13:49.705+0700][gc,heap     ] GC(1) Eden regions: 10->0(49)
[2024-05-09T05:13:49.705+0700][gc,heap     ] GC(1) Survivor regions: 7->2(7)
[2024-05-09T05:13:49.705+0700][gc,heap     ] GC(1) Old regions: 2->9
[2024-05-09T05:13:49.705+0700][gc,heap     ] GC(1) Archive regions: 2->2
[2024-05-09T05:13:49.705+0700][gc,heap     ] GC(1) Humongous regions: 0->0
[2024-05-09T05:13:49.705+0700][gc,metaspace] GC(1) Metaspace: 21311K(21504K)->21311K(21504K) NonClass: 18917K(19008K)->18917K(19008K) Class: 2394K(2496K)->2394K(2496K)
[2024-05-09T05:13:49.705+0700][gc          ] GC(1) Pause Young (Concurrent Start) (Metadata GC Threshold) 18M->10M(1024M) 22.189ms
[2024-05-09T05:13:49.705+0700][gc,cpu      ] GC(1) User=0.20s Sys=0.00s Real=0.00s
[2024-05-09T05:13:49.705+0700][gc          ] GC(2) Concurrent Mark Cycle
[2024-05-09T05:13:49.705+0700][gc,marking  ] GC(2) Concurrent Clear Claimed Marks
[2024-05-09T05:13:49.705+0700][gc,marking  ] GC(2) Concurrent Clear Claimed Marks 0.023ms
[2024-05-09T05:13:49.705+0700][gc,marking  ] GC(2) Concurrent Scan Root Regions
[2024-05-09T05:13:49.707+0700][gc,marking  ] GC(2) Concurrent Scan Root Regions 1.937ms
[2024-05-09T05:13:49.707+0700][gc,marking  ] GC(2) Concurrent Mark
[2024-05-09T05:13:49.707+0700][gc,marking  ] GC(2) Concurrent Mark From Roots
[2024-05-09T05:13:49.707+0700][gc,task     ] GC(2) Using 3 workers of 3 for marking
[2024-05-09T05:13:49.709+0700][gc,marking  ] GC(2) Concurrent Mark From Roots 1.208ms
[2024-05-09T05:13:49.709+0700][gc,marking  ] GC(2) Concurrent Preclean
[2024-05-09T05:13:49.709+0700][gc,marking  ] GC(2) Concurrent Preclean 0.055ms
[2024-05-09T05:13:51.683+0700][gc,start    ] GC(2) Pause Remark
[2024-05-09T05:13:51.685+0700][gc          ] GC(2) Pause Remark 11M->11M(1024M) 2.236ms
[2024-05-09T05:13:51.685+0700][gc,cpu      ] GC(2) User=0.01s Sys=0.00s Real=0.00s
[2024-05-09T05:13:51.685+0700][gc,marking  ] GC(2) Concurrent Mark 1977.565ms
[2024-05-09T05:13:51.685+0700][gc,marking  ] GC(2) Concurrent Rebuild Remembered Sets
[2024-05-09T05:13:51.686+0700][gc,marking  ] GC(2) Concurrent Rebuild Remembered Sets 1.377ms
[2024-05-09T05:13:53.677+0700][gc,start    ] GC(2) Pause Cleanup
[2024-05-09T05:13:53.678+0700][gc          ] GC(2) Pause Cleanup 11M->11M(1024M) 0.262ms
[2024-05-09T05:13:53.678+0700][gc,cpu      ] GC(2) User=0.00s Sys=0.00s Real=1.10s
[2024-05-09T05:13:53.678+0700][gc,marking  ] GC(2) Concurrent Cleanup for Next Mark
[2024-05-09T05:13:53.683+0700][gc,marking  ] GC(2) Concurrent Cleanup for Next Mark 5.165ms
[2024-05-09T05:13:53.683+0700][gc          ] GC(2) Concurrent Mark Cycle 3977.718ms
[2024-05-09T05:13:55.373+0700][gc,start    ] GC(3) Pause Young (Normal) (G1 Evacuation Pause)
[2024-05-09T05:13:55.373+0700][gc,task     ] GC(3) Using 10 workers of 10 for evacuation
[2024-05-09T05:13:55.377+0700][gc,phases   ] GC(3)   Pre Evacuate Collection Set: 0.3ms
[2024-05-09T05:13:55.377+0700][gc,phases   ] GC(3)   Merge Heap Roots: 0.1ms
[2024-05-09T05:13:55.377+0700][gc,phases   ] GC(3)   Evacuate Collection Set: 2.8ms
[2024-05-09T05:13:55.377+0700][gc,phases   ] GC(3)   Post Evacuate Collection Set: 0.4ms
[2024-05-09T05:13:55.377+0700][gc,phases   ] GC(3)   Other: 0.2ms
[2024-05-09T05:13:55.377+0700][gc,heap     ] GC(3) Eden regions: 49->0(47)
[2024-05-09T05:13:55.377+0700][gc,heap     ] GC(3) Survivor regions: 2->4(7)
[2024-05-09T05:13:55.377+0700][gc,heap     ] GC(3) Old regions: 9->9
[2024-05-09T05:13:55.377+0700][gc,heap     ] GC(3) Archive regions: 2->2
[2024-05-09T05:13:55.377+0700][gc,heap     ] GC(3) Humongous regions: 9->9
[2024-05-09T05:13:55.377+0700][gc,metaspace] GC(3) Metaspace: 31459K(31744K)->31459K(31744K) NonClass: 27902K(28096K)->27902K(28096K) Class: 3556K(3648K)->3556K(3648K)
[2024-05-09T05:13:55.377+0700][gc          ] GC(3) Pause Young (Normal) (G1 Evacuation Pause) 68M->22M(1024M) 3.872ms
[2024-05-09T05:13:55.377+0700][gc,cpu      ] GC(3) User=0.03s Sys=0.00s Real=0.06s
[2024-05-09T05:13:58.598+0700][gc,start    ] GC(4) Pause Young (Concurrent Start) (Metadata GC Threshold)
[2024-05-09T05:13:58.599+0700][gc,task     ] GC(4) Using 10 workers of 10 for evacuation
[2024-05-09T05:13:58.609+0700][gc,phases   ] GC(4)   Pre Evacuate Collection Set: 0.2ms
[2024-05-09T05:13:58.609+0700][gc,phases   ] GC(4)   Merge Heap Roots: 0.1ms
[2024-05-09T05:13:58.609+0700][gc,phases   ] GC(4)   Evacuate Collection Set: 9.4ms
[2024-05-09T05:13:58.609+0700][gc,phases   ] GC(4)   Post Evacuate Collection Set: 0.6ms
[2024-05-09T05:13:58.609+0700][gc,phases   ] GC(4)   Other: 0.2ms
[2024-05-09T05:13:58.609+0700][gc,heap     ] GC(4) Eden regions: 25->0(44)
[2024-05-09T05:13:58.609+0700][gc,heap     ] GC(4) Survivor regions: 4->7(7)
[2024-05-09T05:13:58.609+0700][gc,heap     ] GC(4) Old regions: 9->10
[2024-05-09T05:13:58.609+0700][gc,heap     ] GC(4) Archive regions: 2->2
[2024-05-09T05:13:58.609+0700][gc,heap     ] GC(4) Humongous regions: 9->9
[2024-05-09T05:13:58.609+0700][gc,metaspace] GC(4) Metaspace: 35689K(35968K)->35689K(35968K) NonClass: 31729K(31872K)->31729K(31872K) Class: 3959K(4096K)->3959K(4096K)
[2024-05-09T05:13:58.609+0700][gc          ] GC(4) Pause Young (Concurrent Start) (Metadata GC Threshold) 47M->25M(1024M) 10.620ms
[2024-05-09T05:13:58.609+0700][gc,cpu      ] GC(4) User=0.05s Sys=0.05s Real=0.00s
[2024-05-09T05:13:58.609+0700][gc          ] GC(5) Concurrent Mark Cycle
[2024-05-09T05:13:58.609+0700][gc,marking  ] GC(5) Concurrent Clear Claimed Marks
[2024-05-09T05:13:58.609+0700][gc,marking  ] GC(5) Concurrent Clear Claimed Marks 0.037ms
[2024-05-09T05:13:58.609+0700][gc,marking  ] GC(5) Concurrent Scan Root Regions
[2024-05-09T05:13:58.611+0700][gc,marking  ] GC(5) Concurrent Scan Root Regions 2.093ms
[2024-05-09T05:13:58.611+0700][gc,marking  ] GC(5) Concurrent Mark
[2024-05-09T05:13:58.611+0700][gc,marking  ] GC(5) Concurrent Mark From Roots
[2024-05-09T05:13:58.611+0700][gc,task     ] GC(5) Using 3 workers of 3 for marking
[2024-05-09T05:13:59.680+0700][gc,marking  ] GC(5) Concurrent Mark From Roots 1068.509ms
[2024-05-09T05:13:59.680+0700][gc,marking  ] GC(5) Concurrent Preclean
[2024-05-09T05:13:59.680+0700][gc,marking  ] GC(5) Concurrent Preclean 0.099ms
[2024-05-09T05:13:59.680+0700][gc,start    ] GC(5) Pause Remark
[2024-05-09T05:13:59.682+0700][gc          ] GC(5) Pause Remark 27M->27M(1024M) 1.585ms
[2024-05-09T05:13:59.682+0700][gc,cpu      ] GC(5) User=0.01s Sys=0.00s Real=0.00s
[2024-05-09T05:13:59.682+0700][gc,marking  ] GC(5) Concurrent Mark 1070.519ms
[2024-05-09T05:13:59.682+0700][gc,marking  ] GC(5) Concurrent Rebuild Remembered Sets
[2024-05-09T05:13:59.685+0700][gc,marking  ] GC(5) Concurrent Rebuild Remembered Sets 2.988ms
[2024-05-09T05:13:59.685+0700][gc,start    ] GC(5) Pause Cleanup
[2024-05-09T05:13:59.685+0700][gc          ] GC(5) Pause Cleanup 28M->28M(1024M) 0.262ms
[2024-05-09T05:13:59.685+0700][gc,cpu      ] GC(5) User=0.00s Sys=0.00s Real=0.00s
[2024-05-09T05:13:59.685+0700][gc,marking  ] GC(5) Concurrent Cleanup for Next Mark
[2024-05-09T05:13:59.695+0700][gc,marking  ] GC(5) Concurrent Cleanup for Next Mark 9.748ms
[2024-05-09T05:13:59.696+0700][gc          ] GC(5) Concurrent Mark Cycle 1086.313ms
[2024-05-09T05:14:54.141+0700][gc,heap,exit] Heap
[2024-05-09T05:14:54.141+0700][gc,heap,exit]  garbage-first heap   total 1048576K, used 194106K [0x00000000c0000000, 0x0000000100000000)
[2024-05-09T05:14:54.141+0700][gc,heap,exit]   region size 1024K, 33 young (33792K), 7 survivors (7168K)
[2024-05-09T05:14:54.141+0700][gc,heap,exit]  Metaspace       used 38647K, committed 39040K, reserved 1114112K
[2024-05-09T05:14:54.141+0700][gc,heap,exit]   class space    used 4458K, committed 4608K, reserved 1048576K
