[2024-05-09T09:08:21.967+0700][gc] Using G1
[2024-05-09T09:08:21.971+0700][gc,init] Version: 17.0.10+7-Ubuntu-122.04.1 (release)
[2024-05-09T09:08:21.971+0700][gc,init] CPUs: 12 total, 12 available
[2024-05-09T09:08:21.971+0700][gc,init] Memory: 3845M
[2024-05-09T09:08:21.971+0700][gc,init] Large Page Support: Disabled
[2024-05-09T09:08:21.971+0700][gc,init] NUMA Support: Disabled
[2024-05-09T09:08:21.971+0700][gc,init] Compressed Oops: Enabled (32-bit)
[2024-05-09T09:08:21.971+0700][gc,init] Heap Region Size: 1M
[2024-05-09T09:08:21.971+0700][gc,init] Heap Min Capacity: 1G
[2024-05-09T09:08:21.971+0700][gc,init] Heap Initial Capacity: 1G
[2024-05-09T09:08:21.971+0700][gc,init] Heap Max Capacity: 1G
[2024-05-09T09:08:21.971+0700][gc,init] Pre-touch: Disabled
[2024-05-09T09:08:21.971+0700][gc,init] Parallel Workers: 10
[2024-05-09T09:08:21.971+0700][gc,init] Concurrent Workers: 3
[2024-05-09T09:08:21.971+0700][gc,init] Concurrent Refinement Workers: 10
[2024-05-09T09:08:21.971+0700][gc,init] Periodic GC: Disabled
[2024-05-09T09:08:21.976+0700][gc,metaspace] CDS archive(s) mapped at: [0x00007fc59f000000-0x00007fc59fbc7000-0x00007fc59fbc7000), size 12349440, SharedBaseAddress: 0x00007fc59f000000, ArchiveRelocationMode: 1.
[2024-05-09T09:08:21.976+0700][gc,metaspace] Compressed class space mapped at: 0x00007fc5a0000000-0x00007fc5e0000000, reserved size: 1073741824
[2024-05-09T09:08:21.976+0700][gc,metaspace] Narrow klass base: 0x00007fc59f000000, Narrow klass shift: 0, Narrow klass range: 0x100000000
[2024-05-09T09:08:22.688+0700][gc,start    ] GC(0) Pause Young (Normal) (G1 Evacuation Pause)
[2024-05-09T09:08:22.690+0700][gc,task     ] GC(0) Using 10 workers of 10 for evacuation
[2024-05-09T09:08:22.712+0700][gc,mmu      ] GC(0) MMU target violated: 21.0ms (20.0ms/21.0ms)
[2024-05-09T09:08:22.712+0700][gc,phases   ] GC(0)   Pre Evacuate Collection Set: 0.2ms
[2024-05-09T09:08:22.712+0700][gc,phases   ] GC(0)   Merge Heap Roots: 0.1ms
[2024-05-09T09:08:22.712+0700][gc,phases   ] GC(0)   Evacuate Collection Set: 20.8ms
[2024-05-09T09:08:22.712+0700][gc,phases   ] GC(0)   Post Evacuate Collection Set: 0.7ms
[2024-05-09T09:08:22.712+0700][gc,phases   ] GC(0)   Other: 1.4ms
[2024-05-09T09:08:22.712+0700][gc,heap     ] GC(0) Eden regions: 51->0(44)
[2024-05-09T09:08:22.712+0700][gc,heap     ] GC(0) Survivor regions: 0->7(7)
[2024-05-09T09:08:22.712+0700][gc,heap     ] GC(0) Old regions: 0->2
[2024-05-09T09:08:22.712+0700][gc,heap     ] GC(0) Archive regions: 2->2
[2024-05-09T09:08:22.712+0700][gc,heap     ] GC(0) Humongous regions: 0->0
[2024-05-09T09:08:22.712+0700][gc,metaspace] GC(0) Metaspace: 18762K(19008K)->18762K(19008K) NonClass: 16707K(16832K)->16707K(16832K) Class: 2054K(2176K)->2054K(2176K)
[2024-05-09T09:08:22.712+0700][gc          ] GC(0) Pause Young (Normal) (G1 Evacuation Pause) 51M->9M(1024M) 23.230ms
[2024-05-09T09:08:22.712+0700][gc,cpu      ] GC(0) User=0.05s Sys=0.16s Real=0.02s
[2024-05-09T09:08:22.808+0700][gc,start    ] GC(1) Pause Young (Concurrent Start) (Metadata GC Threshold)
[2024-05-09T09:08:22.808+0700][gc,task     ] GC(1) Using 10 workers of 10 for evacuation
[2024-05-09T09:08:22.828+0700][gc,phases   ] GC(1)   Pre Evacuate Collection Set: 0.1ms
[2024-05-09T09:08:22.828+0700][gc,phases   ] GC(1)   Merge Heap Roots: 0.1ms
[2024-05-09T09:08:22.828+0700][gc,phases   ] GC(1)   Evacuate Collection Set: 18.4ms
[2024-05-09T09:08:22.828+0700][gc,phases   ] GC(1)   Post Evacuate Collection Set: 0.6ms
[2024-05-09T09:08:22.828+0700][gc,phases   ] GC(1)   Other: 0.1ms
[2024-05-09T09:08:22.828+0700][gc,heap     ] GC(1) Eden regions: 10->0(50)
[2024-05-09T09:08:22.828+0700][gc,heap     ] GC(1) Survivor regions: 7->1(7)
[2024-05-09T09:08:22.828+0700][gc,heap     ] GC(1) Old regions: 2->9
[2024-05-09T09:08:22.828+0700][gc,heap     ] GC(1) Archive regions: 2->2
[2024-05-09T09:08:22.828+0700][gc,heap     ] GC(1) Humongous regions: 0->0
[2024-05-09T09:08:22.828+0700][gc,metaspace] GC(1) Metaspace: 21317K(21504K)->21317K(21504K) NonClass: 18921K(19008K)->18921K(19008K) Class: 2396K(2496K)->2396K(2496K)
[2024-05-09T09:08:22.828+0700][gc          ] GC(1) Pause Young (Concurrent Start) (Metadata GC Threshold) 18M->10M(1024M) 19.499ms
[2024-05-09T09:08:22.828+0700][gc,cpu      ] GC(1) User=0.01s Sys=0.16s Real=0.02s
[2024-05-09T09:08:22.828+0700][gc          ] GC(2) Concurrent Mark Cycle
[2024-05-09T09:08:22.828+0700][gc,marking  ] GC(2) Concurrent Clear Claimed Marks
[2024-05-09T09:08:22.828+0700][gc,marking  ] GC(2) Concurrent Clear Claimed Marks 0.021ms
[2024-05-09T09:08:22.828+0700][gc,marking  ] GC(2) Concurrent Scan Root Regions
[2024-05-09T09:08:22.830+0700][gc,marking  ] GC(2) Concurrent Scan Root Regions 1.950ms
[2024-05-09T09:08:22.830+0700][gc,marking  ] GC(2) Concurrent Mark
[2024-05-09T09:08:22.830+0700][gc,marking  ] GC(2) Concurrent Mark From Roots
[2024-05-09T09:08:22.830+0700][gc,task     ] GC(2) Using 3 workers of 3 for marking
[2024-05-09T09:08:22.831+0700][gc,marking  ] GC(2) Concurrent Mark From Roots 1.215ms
[2024-05-09T09:08:22.831+0700][gc,marking  ] GC(2) Concurrent Preclean
[2024-05-09T09:08:22.831+0700][gc,marking  ] GC(2) Concurrent Preclean 0.047ms
[2024-05-09T09:08:22.831+0700][gc,start    ] GC(2) Pause Remark
[2024-05-09T09:08:22.833+0700][gc          ] GC(2) Pause Remark 10M->10M(1024M) 1.326ms
[2024-05-09T09:08:22.833+0700][gc,cpu      ] GC(2) User=0.00s Sys=0.01s Real=0.00s
[2024-05-09T09:08:22.833+0700][gc,marking  ] GC(2) Concurrent Mark 2.826ms
[2024-05-09T09:08:22.833+0700][gc,marking  ] GC(2) Concurrent Rebuild Remembered Sets
[2024-05-09T09:08:22.834+0700][gc,marking  ] GC(2) Concurrent Rebuild Remembered Sets 0.930ms
[2024-05-09T09:08:22.834+0700][gc,start    ] GC(2) Pause Cleanup
[2024-05-09T09:08:22.834+0700][gc          ] GC(2) Pause Cleanup 10M->10M(1024M) 0.143ms
[2024-05-09T09:08:22.834+0700][gc,cpu      ] GC(2) User=0.00s Sys=0.00s Real=0.00s
[2024-05-09T09:08:22.834+0700][gc,marking  ] GC(2) Concurrent Cleanup for Next Mark
[2024-05-09T09:08:22.839+0700][gc,marking  ] GC(2) Concurrent Cleanup for Next Mark 4.465ms
[2024-05-09T09:08:22.839+0700][gc          ] GC(2) Concurrent Mark Cycle 10.636ms
[2024-05-09T09:08:23.278+0700][gc,start    ] GC(3) Pause Young (Normal) (G1 Evacuation Pause)
[2024-05-09T09:08:23.278+0700][gc,task     ] GC(3) Using 10 workers of 10 for evacuation
[2024-05-09T09:08:23.282+0700][gc,phases   ] GC(3)   Pre Evacuate Collection Set: 0.2ms
[2024-05-09T09:08:23.282+0700][gc,phases   ] GC(3)   Merge Heap Roots: 0.1ms
[2024-05-09T09:08:23.282+0700][gc,phases   ] GC(3)   Evacuate Collection Set: 2.5ms
[2024-05-09T09:08:23.282+0700][gc,phases   ] GC(3)   Post Evacuate Collection Set: 0.6ms
[2024-05-09T09:08:23.282+0700][gc,phases   ] GC(3)   Other: 0.1ms
[2024-05-09T09:08:23.282+0700][gc,heap     ] GC(3) Eden regions: 50->0(47)
[2024-05-09T09:08:23.282+0700][gc,heap     ] GC(3) Survivor regions: 1->4(7)
[2024-05-09T09:08:23.282+0700][gc,heap     ] GC(3) Old regions: 9->9
[2024-05-09T09:08:23.282+0700][gc,heap     ] GC(3) Archive regions: 2->2
[2024-05-09T09:08:23.282+0700][gc,heap     ] GC(3) Humongous regions: 9->9
[2024-05-09T09:08:23.282+0700][gc,metaspace] GC(3) Metaspace: 31573K(31872K)->31573K(31872K) NonClass: 27995K(28160K)->27995K(28160K) Class: 3578K(3712K)->3578K(3712K)
[2024-05-09T09:08:23.282+0700][gc          ] GC(3) Pause Young (Normal) (G1 Evacuation Pause) 69M->21M(1024M) 3.613ms
[2024-05-09T09:08:23.282+0700][gc,cpu      ] GC(3) User=0.02s Sys=0.00s Real=0.00s
[2024-05-09T09:08:23.458+0700][gc,start    ] GC(4) Pause Young (Concurrent Start) (Metadata GC Threshold)
[2024-05-09T09:08:23.458+0700][gc,task     ] GC(4) Using 10 workers of 10 for evacuation
[2024-05-09T09:08:23.463+0700][gc,phases   ] GC(4)   Pre Evacuate Collection Set: 0.2ms
[2024-05-09T09:08:23.463+0700][gc,phases   ] GC(4)   Merge Heap Roots: 0.1ms
[2024-05-09T09:08:23.463+0700][gc,phases   ] GC(4)   Evacuate Collection Set: 3.7ms
[2024-05-09T09:08:23.463+0700][gc,phases   ] GC(4)   Post Evacuate Collection Set: 0.6ms
[2024-05-09T09:08:23.463+0700][gc,phases   ] GC(4)   Other: 0.1ms
[2024-05-09T09:08:23.463+0700][gc,heap     ] GC(4) Eden regions: 24->0(44)
[2024-05-09T09:08:23.463+0700][gc,heap     ] GC(4) Survivor regions: 4->7(7)
[2024-05-09T09:08:23.463+0700][gc,heap     ] GC(4) Old regions: 9->9
[2024-05-09T09:08:23.463+0700][gc,heap     ] GC(4) Archive regions: 2->2
[2024-05-09T09:08:23.463+0700][gc,heap     ] GC(4) Humongous regions: 9->9
[2024-05-09T09:08:23.463+0700][gc,metaspace] GC(4) Metaspace: 35643K(35968K)->35643K(35968K) NonClass: 31698K(31872K)->31698K(31872K) Class: 3944K(4096K)->3944K(4096K)
[2024-05-09T09:08:23.463+0700][gc          ] GC(4) Pause Young (Concurrent Start) (Metadata GC Threshold) 45M->25M(1024M) 4.770ms
[2024-05-09T09:08:23.463+0700][gc,cpu      ] GC(4) User=0.03s Sys=0.01s Real=0.00s
[2024-05-09T09:08:23.463+0700][gc          ] GC(5) Concurrent Mark Cycle
[2024-05-09T09:08:23.463+0700][gc,marking  ] GC(5) Concurrent Clear Claimed Marks
[2024-05-09T09:08:23.463+0700][gc,marking  ] GC(5) Concurrent Clear Claimed Marks 0.021ms
[2024-05-09T09:08:23.463+0700][gc,marking  ] GC(5) Concurrent Scan Root Regions
[2024-05-09T09:08:23.465+0700][gc,marking  ] GC(5) Concurrent Scan Root Regions 1.873ms
[2024-05-09T09:08:23.465+0700][gc,marking  ] GC(5) Concurrent Mark
[2024-05-09T09:08:23.465+0700][gc,marking  ] GC(5) Concurrent Mark From Roots
[2024-05-09T09:08:23.465+0700][gc,task     ] GC(5) Using 3 workers of 3 for marking
[2024-05-09T09:08:23.468+0700][gc,marking  ] GC(5) Concurrent Mark From Roots 2.816ms
[2024-05-09T09:08:23.468+0700][gc,marking  ] GC(5) Concurrent Preclean
[2024-05-09T09:08:23.468+0700][gc,marking  ] GC(5) Concurrent Preclean 0.071ms
[2024-05-09T09:08:23.468+0700][gc,start    ] GC(5) Pause Remark
[2024-05-09T09:08:23.469+0700][gc          ] GC(5) Pause Remark 25M->25M(1024M) 1.438ms
[2024-05-09T09:08:23.469+0700][gc,cpu      ] GC(5) User=0.01s Sys=0.00s Real=0.00s
[2024-05-09T09:08:23.470+0700][gc,marking  ] GC(5) Concurrent Mark 4.595ms
[2024-05-09T09:08:23.470+0700][gc,marking  ] GC(5) Concurrent Rebuild Remembered Sets
[2024-05-09T09:08:23.471+0700][gc,marking  ] GC(5) Concurrent Rebuild Remembered Sets 1.653ms
[2024-05-09T09:08:23.471+0700][gc,start    ] GC(5) Pause Cleanup
[2024-05-09T09:08:23.472+0700][gc          ] GC(5) Pause Cleanup 26M->26M(1024M) 0.133ms
[2024-05-09T09:08:23.472+0700][gc,cpu      ] GC(5) User=0.00s Sys=0.00s Real=0.00s
[2024-05-09T09:08:23.472+0700][gc,marking  ] GC(5) Concurrent Cleanup for Next Mark
[2024-05-09T09:08:23.480+0700][gc,marking  ] GC(5) Concurrent Cleanup for Next Mark 8.698ms
[2024-05-09T09:08:23.480+0700][gc          ] GC(5) Concurrent Mark Cycle 17.365ms
[2024-05-09T09:09:50.234+0700][gc,start    ] GC(6) Pause Young (Prepare Mixed) (G1 Evacuation Pause)
[2024-05-09T09:09:50.234+0700][gc,task     ] GC(6) Using 10 workers of 10 for evacuation
[2024-05-09T09:09:50.246+0700][gc,phases   ] GC(6)   Pre Evacuate Collection Set: 0.3ms
[2024-05-09T09:09:50.246+0700][gc,phases   ] GC(6)   Merge Heap Roots: 0.1ms
[2024-05-09T09:09:50.246+0700][gc,phases   ] GC(6)   Evacuate Collection Set: 10.9ms
[2024-05-09T09:09:50.246+0700][gc,phases   ] GC(6)   Post Evacuate Collection Set: 0.7ms
[2024-05-09T09:09:50.246+0700][gc,phases   ] GC(6)   Other: 0.1ms
[2024-05-09T09:09:50.246+0700][gc,heap     ] GC(6) Eden regions: 44->0(44)
[2024-05-09T09:09:50.246+0700][gc,heap     ] GC(6) Survivor regions: 7->7(7)
[2024-05-09T09:09:50.246+0700][gc,heap     ] GC(6) Old regions: 9->12
[2024-05-09T09:09:50.246+0700][gc,heap     ] GC(6) Archive regions: 2->2
[2024-05-09T09:09:50.246+0700][gc,heap     ] GC(6) Humongous regions: 138->138
[2024-05-09T09:09:50.246+0700][gc,metaspace] GC(6) Metaspace: 40112K(40576K)->40112K(40576K) NonClass: 35546K(35840K)->35546K(35840K) Class: 4566K(4736K)->4566K(4736K)
[2024-05-09T09:09:50.246+0700][gc          ] GC(6) Pause Young (Prepare Mixed) (G1 Evacuation Pause) 198M->157M(1024M) 12.221ms
[2024-05-09T09:09:50.246+0700][gc,cpu      ] GC(6) User=0.09s Sys=0.01s Real=0.01s
[2024-05-09T09:11:30.262+0700][gc,start    ] GC(7) Pause Young (Mixed) (G1 Evacuation Pause)
[2024-05-09T09:11:30.262+0700][gc,task     ] GC(7) Using 10 workers of 10 for evacuation
[2024-05-09T09:11:30.274+0700][gc,phases   ] GC(7)   Pre Evacuate Collection Set: 0.6ms
[2024-05-09T09:11:30.274+0700][gc,phases   ] GC(7)   Merge Heap Roots: 0.2ms
[2024-05-09T09:11:30.274+0700][gc,phases   ] GC(7)   Evacuate Collection Set: 9.5ms
[2024-05-09T09:11:30.274+0700][gc,phases   ] GC(7)   Post Evacuate Collection Set: 0.8ms
[2024-05-09T09:11:30.274+0700][gc,phases   ] GC(7)   Other: 0.1ms
[2024-05-09T09:11:30.274+0700][gc,heap     ] GC(7) Eden regions: 44->0(44)
[2024-05-09T09:11:30.274+0700][gc,heap     ] GC(7) Survivor regions: 7->7(7)
[2024-05-09T09:11:30.274+0700][gc,heap     ] GC(7) Old regions: 12->15
[2024-05-09T09:11:30.274+0700][gc,heap     ] GC(7) Archive regions: 2->2
[2024-05-09T09:11:30.274+0700][gc,heap     ] GC(7) Humongous regions: 138->138
[2024-05-09T09:11:30.274+0700][gc,metaspace] GC(7) Metaspace: 42457K(43008K)->42457K(43008K) NonClass: 37655K(37952K)->37655K(37952K) Class: 4801K(5056K)->4801K(5056K)
[2024-05-09T09:11:30.274+0700][gc          ] GC(7) Pause Young (Mixed) (G1 Evacuation Pause) 201M->160M(1024M) 11.359ms
[2024-05-09T09:11:30.274+0700][gc,cpu      ] GC(7) User=0.07s Sys=0.03s Real=0.02s
[2024-05-09T09:12:29.492+0700][gc,start    ] GC(8) Pause Young (Normal) (G1 Evacuation Pause)
[2024-05-09T09:12:29.492+0700][gc,task     ] GC(8) Using 10 workers of 10 for evacuation
[2024-05-09T09:12:29.501+0700][gc,phases   ] GC(8)   Pre Evacuate Collection Set: 0.3ms
[2024-05-09T09:12:29.501+0700][gc,phases   ] GC(8)   Merge Heap Roots: 0.2ms
[2024-05-09T09:12:29.501+0700][gc,phases   ] GC(8)   Evacuate Collection Set: 7.0ms
[2024-05-09T09:12:29.501+0700][gc,phases   ] GC(8)   Post Evacuate Collection Set: 0.7ms
[2024-05-09T09:12:29.501+0700][gc,phases   ] GC(8)   Other: 0.1ms
[2024-05-09T09:12:29.501+0700][gc,heap     ] GC(8) Eden regions: 44->0(47)
[2024-05-09T09:12:29.501+0700][gc,heap     ] GC(8) Survivor regions: 7->4(7)
[2024-05-09T09:12:29.501+0700][gc,heap     ] GC(8) Old regions: 15->18
[2024-05-09T09:12:29.501+0700][gc,heap     ] GC(8) Archive regions: 2->2
[2024-05-09T09:12:29.501+0700][gc,heap     ] GC(8) Humongous regions: 138->138
[2024-05-09T09:12:29.501+0700][gc,metaspace] GC(8) Metaspace: 44278K(44928K)->44278K(44928K) NonClass: 39191K(39552K)->39191K(39552K) Class: 5087K(5376K)->5087K(5376K)
[2024-05-09T09:12:29.501+0700][gc          ] GC(8) Pause Young (Normal) (G1 Evacuation Pause) 204M->160M(1024M) 8.350ms
[2024-05-09T09:12:29.501+0700][gc,cpu      ] GC(8) User=0.06s Sys=0.00s Real=0.01s
[2024-05-09T09:14:43.508+0700][gc,start    ] GC(9) Pause Young (Normal) (G1 Evacuation Pause)
[2024-05-09T09:14:43.508+0700][gc,task     ] GC(9) Using 10 workers of 10 for evacuation
[2024-05-09T09:14:43.518+0700][gc,phases   ] GC(9)   Pre Evacuate Collection Set: 0.3ms
[2024-05-09T09:14:43.518+0700][gc,phases   ] GC(9)   Merge Heap Roots: 0.3ms
[2024-05-09T09:14:43.518+0700][gc,phases   ] GC(9)   Evacuate Collection Set: 9.0ms
[2024-05-09T09:14:43.518+0700][gc,phases   ] GC(9)   Post Evacuate Collection Set: 0.7ms
[2024-05-09T09:14:43.518+0700][gc,phases   ] GC(9)   Other: 0.2ms
[2024-05-09T09:14:43.518+0700][gc,heap     ] GC(9) Eden regions: 47->0(47)
[2024-05-09T09:14:43.518+0700][gc,heap     ] GC(9) Survivor regions: 4->4(7)
[2024-05-09T09:14:43.518+0700][gc,heap     ] GC(9) Old regions: 18->20
[2024-05-09T09:14:43.518+0700][gc,heap     ] GC(9) Archive regions: 2->2
[2024-05-09T09:14:43.518+0700][gc,heap     ] GC(9) Humongous regions: 138->138
[2024-05-09T09:14:43.518+0700][gc,metaspace] GC(9) Metaspace: 44489K(45120K)->44489K(45120K) NonClass: 39396K(39744K)->39396K(39744K) Class: 5093K(5376K)->5093K(5376K)
[2024-05-09T09:14:43.518+0700][gc          ] GC(9) Pause Young (Normal) (G1 Evacuation Pause) 207M->161M(1024M) 10.458ms
[2024-05-09T09:14:43.518+0700][gc,cpu      ] GC(9) User=0.07s Sys=0.01s Real=0.01s
[2024-05-09T09:17:01.708+0700][gc,start    ] GC(10) Pause Young (Normal) (G1 Evacuation Pause)
[2024-05-09T09:17:01.708+0700][gc,task     ] GC(10) Using 10 workers of 10 for evacuation
[2024-05-09T09:17:01.712+0700][gc,phases   ] GC(10)   Pre Evacuate Collection Set: 0.3ms
[2024-05-09T09:17:01.712+0700][gc,phases   ] GC(10)   Merge Heap Roots: 0.2ms
[2024-05-09T09:17:01.712+0700][gc,phases   ] GC(10)   Evacuate Collection Set: 3.2ms
[2024-05-09T09:17:01.712+0700][gc,phases   ] GC(10)   Post Evacuate Collection Set: 0.7ms
[2024-05-09T09:17:01.712+0700][gc,phases   ] GC(10)   Other: 0.2ms
[2024-05-09T09:17:01.712+0700][gc,heap     ] GC(10) Eden regions: 47->0(48)
[2024-05-09T09:17:01.712+0700][gc,heap     ] GC(10) Survivor regions: 4->6(7)
[2024-05-09T09:17:01.712+0700][gc,heap     ] GC(10) Old regions: 20->20
[2024-05-09T09:17:01.712+0700][gc,heap     ] GC(10) Archive regions: 2->2
[2024-05-09T09:17:01.712+0700][gc,heap     ] GC(10) Humongous regions: 138->138
[2024-05-09T09:17:01.712+0700][gc,metaspace] GC(10) Metaspace: 44655K(45312K)->44655K(45312K) NonClass: 39562K(39936K)->39562K(39936K) Class: 5093K(5376K)->5093K(5376K)
[2024-05-09T09:17:01.712+0700][gc          ] GC(10) Pause Young (Normal) (G1 Evacuation Pause) 208M->163M(1024M) 4.648ms
[2024-05-09T09:17:01.712+0700][gc,cpu      ] GC(10) User=0.02s Sys=0.00s Real=0.00s
[2024-05-09T09:19:23.651+0700][gc,start    ] GC(11) Pause Young (Normal) (G1 Evacuation Pause)
[2024-05-09T09:19:23.651+0700][gc,task     ] GC(11) Using 10 workers of 10 for evacuation
[2024-05-09T09:19:23.665+0700][gc,phases   ] GC(11)   Pre Evacuate Collection Set: 0.3ms
[2024-05-09T09:19:23.665+0700][gc,phases   ] GC(11)   Merge Heap Roots: 0.2ms
[2024-05-09T09:19:23.665+0700][gc,phases   ] GC(11)   Evacuate Collection Set: 12.9ms
[2024-05-09T09:19:23.665+0700][gc,phases   ] GC(11)   Post Evacuate Collection Set: 0.7ms
[2024-05-09T09:19:23.665+0700][gc,phases   ] GC(11)   Other: 0.2ms
[2024-05-09T09:19:23.665+0700][gc,heap     ] GC(11) Eden regions: 48->0(45)
[2024-05-09T09:19:23.665+0700][gc,heap     ] GC(11) Survivor regions: 6->7(7)
[2024-05-09T09:19:23.665+0700][gc,heap     ] GC(11) Old regions: 20->21
[2024-05-09T09:19:23.665+0700][gc,heap     ] GC(11) Archive regions: 2->2
[2024-05-09T09:19:23.665+0700][gc,heap     ] GC(11) Humongous regions: 138->138
[2024-05-09T09:19:23.665+0700][gc,metaspace] GC(11) Metaspace: 44733K(45376K)->44733K(45376K) NonClass: 39628K(40000K)->39628K(40000K) Class: 5105K(5376K)->5105K(5376K)
[2024-05-09T09:19:23.665+0700][gc          ] GC(11) Pause Young (Normal) (G1 Evacuation Pause) 211M->166M(1024M) 14.339ms
[2024-05-09T09:19:23.665+0700][gc,cpu      ] GC(11) User=0.02s Sys=0.10s Real=0.02s
[2024-05-09T09:21:41.726+0700][gc,start    ] GC(12) Pause Young (Normal) (G1 Evacuation Pause)
[2024-05-09T09:21:41.726+0700][gc,task     ] GC(12) Using 10 workers of 10 for evacuation
[2024-05-09T09:21:41.740+0700][gc,phases   ] GC(12)   Pre Evacuate Collection Set: 0.4ms
[2024-05-09T09:21:41.740+0700][gc,phases   ] GC(12)   Merge Heap Roots: 0.2ms
[2024-05-09T09:21:41.740+0700][gc,phases   ] GC(12)   Evacuate Collection Set: 12.5ms
[2024-05-09T09:21:41.740+0700][gc,phases   ] GC(12)   Post Evacuate Collection Set: 0.7ms
[2024-05-09T09:21:41.740+0700][gc,phases   ] GC(12)   Other: 0.2ms
[2024-05-09T09:21:41.740+0700][gc,heap     ] GC(12) Eden regions: 45->0(61)
[2024-05-09T09:21:41.740+0700][gc,heap     ] GC(12) Survivor regions: 7->6(7)
[2024-05-09T09:21:41.740+0700][gc,heap     ] GC(12) Old regions: 21->24
[2024-05-09T09:21:41.740+0700][gc,heap     ] GC(12) Archive regions: 2->2
[2024-05-09T09:21:41.740+0700][gc,heap     ] GC(12) Humongous regions: 138->138
[2024-05-09T09:21:41.740+0700][gc,metaspace] GC(12) Metaspace: 44797K(45440K)->44797K(45440K) NonClass: 39688K(40064K)->39688K(40064K) Class: 5108K(5376K)->5108K(5376K)
[2024-05-09T09:21:41.740+0700][gc          ] GC(12) Pause Young (Normal) (G1 Evacuation Pause) 211M->167M(1024M) 14.016ms
[2024-05-09T09:21:41.740+0700][gc,cpu      ] GC(12) User=0.04s Sys=0.08s Real=0.01s
[2024-05-09T09:24:53.239+0700][gc,start    ] GC(13) Pause Young (Normal) (G1 Evacuation Pause)
[2024-05-09T09:24:53.239+0700][gc,task     ] GC(13) Using 10 workers of 10 for evacuation
[2024-05-09T09:24:53.259+0700][gc,mmu      ] GC(13) MMU target violated: 20.2ms (20.0ms/21.0ms)
[2024-05-09T09:24:53.259+0700][gc,phases   ] GC(13)   Pre Evacuate Collection Set: 0.4ms
[2024-05-09T09:24:53.259+0700][gc,phases   ] GC(13)   Merge Heap Roots: 0.1ms
[2024-05-09T09:24:53.259+0700][gc,phases   ] GC(13)   Evacuate Collection Set: 19.1ms
[2024-05-09T09:24:53.259+0700][gc,phases   ] GC(13)   Post Evacuate Collection Set: 0.6ms
[2024-05-09T09:24:53.259+0700][gc,phases   ] GC(13)   Other: 0.3ms
[2024-05-09T09:24:53.259+0700][gc,heap     ] GC(13) Eden regions: 61->0(43)
[2024-05-09T09:24:53.259+0700][gc,heap     ] GC(13) Survivor regions: 6->8(9)
[2024-05-09T09:24:53.259+0700][gc,heap     ] GC(13) Old regions: 24->26
[2024-05-09T09:24:53.259+0700][gc,heap     ] GC(13) Archive regions: 2->2
[2024-05-09T09:24:53.259+0700][gc,heap     ] GC(13) Humongous regions: 138->138
[2024-05-09T09:24:53.259+0700][gc,metaspace] GC(13) Metaspace: 44854K(45440K)->44854K(45440K) NonClass: 39745K(40064K)->39745K(40064K) Class: 5108K(5376K)->5108K(5376K)
[2024-05-09T09:24:53.259+0700][gc          ] GC(13) Pause Young (Normal) (G1 Evacuation Pause) 228M->172M(1024M) 20.574ms
[2024-05-09T09:24:53.260+0700][gc,cpu      ] GC(13) User=0.06s Sys=0.13s Real=0.02s
[2024-05-09T09:27:07.521+0700][gc,start    ] GC(14) Pause Young (Normal) (G1 Evacuation Pause)
[2024-05-09T09:27:07.521+0700][gc,task     ] GC(14) Using 10 workers of 10 for evacuation
[2024-05-09T09:27:07.539+0700][gc,phases   ] GC(14)   Pre Evacuate Collection Set: 0.4ms
[2024-05-09T09:27:07.539+0700][gc,phases   ] GC(14)   Merge Heap Roots: 0.2ms
[2024-05-09T09:27:07.539+0700][gc,phases   ] GC(14)   Evacuate Collection Set: 17.3ms
[2024-05-09T09:27:07.539+0700][gc,phases   ] GC(14)   Post Evacuate Collection Set: 0.6ms
[2024-05-09T09:27:07.539+0700][gc,phases   ] GC(14)   Other: 0.4ms
[2024-05-09T09:27:07.539+0700][gc,heap     ] GC(14) Eden regions: 43->0(84)
[2024-05-09T09:27:07.539+0700][gc,heap     ] GC(14) Survivor regions: 8->3(7)
[2024-05-09T09:27:07.539+0700][gc,heap     ] GC(14) Old regions: 26->31
[2024-05-09T09:27:07.539+0700][gc,heap     ] GC(14) Archive regions: 2->2
[2024-05-09T09:27:07.539+0700][gc,heap     ] GC(14) Humongous regions: 138->138
[2024-05-09T09:27:07.539+0700][gc,metaspace] GC(14) Metaspace: 44926K(45568K)->44926K(45568K) NonClass: 39817K(40192K)->39817K(40192K) Class: 5108K(5376K)->5108K(5376K)
[2024-05-09T09:27:07.539+0700][gc          ] GC(14) Pause Young (Normal) (G1 Evacuation Pause) 215M->171M(1024M) 18.768ms
[2024-05-09T09:27:07.539+0700][gc,cpu      ] GC(14) User=0.01s Sys=0.15s Real=0.02s
[2024-05-09T09:31:32.655+0700][gc,start    ] GC(15) Pause Young (Normal) (G1 Evacuation Pause)
[2024-05-09T09:31:32.655+0700][gc,task     ] GC(15) Using 10 workers of 10 for evacuation
[2024-05-09T09:31:32.684+0700][gc,mmu      ] GC(15) MMU target violated: 21.0ms (20.0ms/21.0ms)
[2024-05-09T09:31:32.684+0700][gc,phases   ] GC(15)   Pre Evacuate Collection Set: 0.4ms
[2024-05-09T09:31:32.684+0700][gc,phases   ] GC(15)   Merge Heap Roots: 0.2ms
[2024-05-09T09:31:32.684+0700][gc,phases   ] GC(15)   Evacuate Collection Set: 20.8ms
[2024-05-09T09:31:32.684+0700][gc,phases   ] GC(15)   Post Evacuate Collection Set: 0.8ms
[2024-05-09T09:31:32.684+0700][gc,phases   ] GC(15)   Other: 6.6ms
[2024-05-09T09:31:32.684+0700][gc,heap     ] GC(15) Eden regions: 84->0(44)
[2024-05-09T09:31:32.684+0700][gc,heap     ] GC(15) Survivor regions: 3->7(11)
[2024-05-09T09:31:32.684+0700][gc,heap     ] GC(15) Old regions: 31->31
[2024-05-09T09:31:32.684+0700][gc,heap     ] GC(15) Archive regions: 2->2
[2024-05-09T09:31:32.684+0700][gc,heap     ] GC(15) Humongous regions: 138->138
[2024-05-09T09:31:32.684+0700][gc,metaspace] GC(15) Metaspace: 44976K(45568K)->44976K(45568K) NonClass: 39867K(40192K)->39867K(40192K) Class: 5108K(5376K)->5108K(5376K)
[2024-05-09T09:31:32.684+0700][gc          ] GC(15) Pause Young (Normal) (G1 Evacuation Pause) 255M->175M(1024M) 28.794ms
[2024-05-09T09:31:32.684+0700][gc,cpu      ] GC(15) User=0.06s Sys=0.15s Real=0.03s
[2024-05-09T09:33:49.764+0700][gc,start    ] GC(16) Pause Young (Normal) (G1 Evacuation Pause)
[2024-05-09T09:33:49.764+0700][gc,task     ] GC(16) Using 10 workers of 10 for evacuation
[2024-05-09T09:33:49.784+0700][gc,mmu      ] GC(16) MMU target violated: 20.2ms (20.0ms/21.0ms)
[2024-05-09T09:33:49.784+0700][gc,phases   ] GC(16)   Pre Evacuate Collection Set: 0.3ms
[2024-05-09T09:33:49.784+0700][gc,phases   ] GC(16)   Merge Heap Roots: 0.1ms
[2024-05-09T09:33:49.784+0700][gc,phases   ] GC(16)   Evacuate Collection Set: 18.2ms
[2024-05-09T09:33:49.784+0700][gc,phases   ] GC(16)   Post Evacuate Collection Set: 1.7ms
[2024-05-09T09:33:49.784+0700][gc,phases   ] GC(16)   Other: 0.5ms
[2024-05-09T09:33:49.784+0700][gc,heap     ] GC(16) Eden regions: 44->0(62)
[2024-05-09T09:33:49.784+0700][gc,heap     ] GC(16) Survivor regions: 7->3(7)
[2024-05-09T09:33:49.784+0700][gc,heap     ] GC(16) Old regions: 31->36
[2024-05-09T09:33:49.784+0700][gc,heap     ] GC(16) Archive regions: 2->2
[2024-05-09T09:33:49.784+0700][gc,heap     ] GC(16) Humongous regions: 138->138
[2024-05-09T09:33:49.785+0700][gc,metaspace] GC(16) Metaspace: 44995K(45568K)->44995K(45568K) NonClass: 39886K(40192K)->39886K(40192K) Class: 5109K(5376K)->5109K(5376K)
[2024-05-09T09:33:49.785+0700][gc          ] GC(16) Pause Young (Normal) (G1 Evacuation Pause) 219M->177M(1024M) 20.748ms
[2024-05-09T09:33:49.785+0700][gc,cpu      ] GC(16) User=0.14s Sys=0.04s Real=0.02s
[2024-05-09T09:37:03.712+0700][gc,start    ] GC(17) Pause Young (Normal) (G1 Evacuation Pause)
[2024-05-09T09:37:03.712+0700][gc,task     ] GC(17) Using 10 workers of 10 for evacuation
[2024-05-09T09:37:03.718+0700][gc,phases   ] GC(17)   Pre Evacuate Collection Set: 0.2ms
[2024-05-09T09:37:03.718+0700][gc,phases   ] GC(17)   Merge Heap Roots: 0.2ms
[2024-05-09T09:37:03.718+0700][gc,phases   ] GC(17)   Evacuate Collection Set: 4.7ms
[2024-05-09T09:37:03.718+0700][gc,phases   ] GC(17)   Post Evacuate Collection Set: 0.7ms
[2024-05-09T09:37:03.718+0700][gc,phases   ] GC(17)   Other: 0.2ms
[2024-05-09T09:37:03.718+0700][gc,heap     ] GC(17) Eden regions: 62->0(44)
[2024-05-09T09:37:03.718+0700][gc,heap     ] GC(17) Survivor regions: 3->7(9)
[2024-05-09T09:37:03.718+0700][gc,heap     ] GC(17) Old regions: 36->36
[2024-05-09T09:37:03.718+0700][gc,heap     ] GC(17) Archive regions: 2->2
[2024-05-09T09:37:03.718+0700][gc,heap     ] GC(17) Humongous regions: 138->138
[2024-05-09T09:37:03.718+0700][gc,metaspace] GC(17) Metaspace: 45035K(45696K)->45035K(45696K) NonClass: 39926K(40320K)->39926K(40320K) Class: 5109K(5376K)->5109K(5376K)
[2024-05-09T09:37:03.718+0700][gc          ] GC(17) Pause Young (Normal) (G1 Evacuation Pause) 239M->181M(1024M) 5.944ms
[2024-05-09T09:37:03.718+0700][gc,cpu      ] GC(17) User=0.04s Sys=0.00s Real=0.01s
[2024-05-09T09:39:20.269+0700][gc,start    ] GC(18) Pause Young (Normal) (G1 Evacuation Pause)
[2024-05-09T09:39:20.269+0700][gc,task     ] GC(18) Using 10 workers of 10 for evacuation
[2024-05-09T09:39:20.303+0700][gc,mmu      ] GC(18) MMU target violated: 21.0ms (20.0ms/21.0ms)
[2024-05-09T09:39:20.303+0700][gc,phases   ] GC(18)   Pre Evacuate Collection Set: 0.3ms
[2024-05-09T09:39:20.303+0700][gc,phases   ] GC(18)   Merge Heap Roots: 0.1ms
[2024-05-09T09:39:20.303+0700][gc,phases   ] GC(18)   Evacuate Collection Set: 19.1ms
[2024-05-09T09:39:20.303+0700][gc,phases   ] GC(18)   Post Evacuate Collection Set: 14.5ms
[2024-05-09T09:39:20.303+0700][gc,phases   ] GC(18)   Other: 0.3ms
[2024-05-09T09:39:20.304+0700][gc,heap     ] GC(18) Eden regions: 44->0(46)
[2024-05-09T09:39:20.304+0700][gc,heap     ] GC(18) Survivor regions: 7->5(7)
[2024-05-09T09:39:20.304+0700][gc,heap     ] GC(18) Old regions: 36->41
[2024-05-09T09:39:20.304+0700][gc,heap     ] GC(18) Archive regions: 2->2
[2024-05-09T09:39:20.304+0700][gc,heap     ] GC(18) Humongous regions: 138->138
[2024-05-09T09:39:20.304+0700][gc,metaspace] GC(18) Metaspace: 45172K(45824K)->45172K(45824K) NonClass: 40042K(40384K)->40042K(40384K) Class: 5129K(5440K)->5129K(5440K)
[2024-05-09T09:39:20.304+0700][gc          ] GC(18) Pause Young (Normal) (G1 Evacuation Pause) 225M->183M(1024M) 34.212ms
[2024-05-09T09:39:20.304+0700][gc,cpu      ] GC(18) User=0.11s Sys=0.07s Real=0.04s
[2024-05-09T09:41:43.172+0700][gc,start    ] GC(19) Pause Young (Normal) (G1 Evacuation Pause)
[2024-05-09T09:41:43.172+0700][gc,task     ] GC(19) Using 10 workers of 10 for evacuation
[2024-05-09T09:41:43.186+0700][gc,phases   ] GC(19)   Pre Evacuate Collection Set: 0.4ms
[2024-05-09T09:41:43.186+0700][gc,phases   ] GC(19)   Merge Heap Roots: 0.2ms
[2024-05-09T09:41:43.186+0700][gc,phases   ] GC(19)   Evacuate Collection Set: 11.9ms
[2024-05-09T09:41:43.186+0700][gc,phases   ] GC(19)   Post Evacuate Collection Set: 0.8ms
[2024-05-09T09:41:43.186+0700][gc,phases   ] GC(19)   Other: 0.5ms
[2024-05-09T09:41:43.186+0700][gc,heap     ] GC(19) Eden regions: 46->0(46)
[2024-05-09T09:41:43.186+0700][gc,heap     ] GC(19) Survivor regions: 5->5(7)
[2024-05-09T09:41:43.186+0700][gc,heap     ] GC(19) Old regions: 41->43
[2024-05-09T09:41:43.186+0700][gc,heap     ] GC(19) Archive regions: 2->2
[2024-05-09T09:41:43.186+0700][gc,heap     ] GC(19) Humongous regions: 138->138
[2024-05-09T09:41:43.186+0700][gc,metaspace] GC(19) Metaspace: 45209K(45888K)->45209K(45888K) NonClass: 40080K(40448K)->40080K(40448K) Class: 5129K(5440K)->5129K(5440K)
[2024-05-09T09:41:43.186+0700][gc          ] GC(19) Pause Young (Normal) (G1 Evacuation Pause) 229M->186M(1024M) 13.814ms
[2024-05-09T09:41:43.186+0700][gc,cpu      ] GC(19) User=0.04s Sys=0.02s Real=0.02s
[2024-05-09T09:44:07.154+0700][gc,start    ] GC(20) Pause Young (Normal) (G1 Evacuation Pause)
[2024-05-09T09:44:07.154+0700][gc,task     ] GC(20) Using 10 workers of 10 for evacuation
[2024-05-09T09:44:07.164+0700][gc,phases   ] GC(20)   Pre Evacuate Collection Set: 0.3ms
[2024-05-09T09:44:07.164+0700][gc,phases   ] GC(20)   Merge Heap Roots: 0.2ms
[2024-05-09T09:44:07.164+0700][gc,phases   ] GC(20)   Evacuate Collection Set: 7.9ms
[2024-05-09T09:44:07.164+0700][gc,phases   ] GC(20)   Post Evacuate Collection Set: 0.9ms
[2024-05-09T09:44:07.164+0700][gc,phases   ] GC(20)   Other: 0.3ms
[2024-05-09T09:44:07.164+0700][gc,heap     ] GC(20) Eden regions: 46->0(86)
[2024-05-09T09:44:07.164+0700][gc,heap     ] GC(20) Survivor regions: 5->3(7)
[2024-05-09T09:44:07.164+0700][gc,heap     ] GC(20) Old regions: 43->45
[2024-05-09T09:44:07.164+0700][gc,heap     ] GC(20) Archive regions: 2->2
[2024-05-09T09:44:07.164+0700][gc,heap     ] GC(20) Humongous regions: 138->138
[2024-05-09T09:44:07.164+0700][gc,metaspace] GC(20) Metaspace: 45232K(45888K)->45232K(45888K) NonClass: 40102K(40448K)->40102K(40448K) Class: 5129K(5440K)->5129K(5440K)
[2024-05-09T09:44:07.164+0700][gc          ] GC(20) Pause Young (Normal) (G1 Evacuation Pause) 232M->186M(1024M) 9.544ms
[2024-05-09T09:44:07.164+0700][gc,cpu      ] GC(20) User=0.06s Sys=0.02s Real=0.01s
[2024-05-09T09:48:38.777+0700][gc,start    ] GC(21) Pause Young (Normal) (G1 Evacuation Pause)
[2024-05-09T09:48:38.777+0700][gc,task     ] GC(21) Using 10 workers of 10 for evacuation
[2024-05-09T09:48:38.790+0700][gc,phases   ] GC(21)   Pre Evacuate Collection Set: 0.3ms
[2024-05-09T09:48:38.790+0700][gc,phases   ] GC(21)   Merge Heap Roots: 0.2ms
[2024-05-09T09:48:38.790+0700][gc,phases   ] GC(21)   Evacuate Collection Set: 10.8ms
[2024-05-09T09:48:38.790+0700][gc,phases   ] GC(21)   Post Evacuate Collection Set: 0.8ms
[2024-05-09T09:48:38.790+0700][gc,phases   ] GC(21)   Other: 0.4ms
[2024-05-09T09:48:38.790+0700][gc,heap     ] GC(21) Eden regions: 86->0(44)
[2024-05-09T09:48:38.790+0700][gc,heap     ] GC(21) Survivor regions: 3->7(12)
[2024-05-09T09:48:38.790+0700][gc,heap     ] GC(21) Old regions: 45->45
[2024-05-09T09:48:38.790+0700][gc,heap     ] GC(21) Archive regions: 2->2
[2024-05-09T09:48:38.790+0700][gc,heap     ] GC(21) Humongous regions: 138->138
[2024-05-09T09:48:38.790+0700][gc,metaspace] GC(21) Metaspace: 45248K(45888K)->45248K(45888K) NonClass: 40119K(40448K)->40119K(40448K) Class: 5129K(5440K)->5129K(5440K)
[2024-05-09T09:48:38.790+0700][gc          ] GC(21) Pause Young (Normal) (G1 Evacuation Pause) 272M->190M(1024M) 12.373ms
[2024-05-09T09:48:38.790+0700][gc,cpu      ] GC(21) User=0.00s Sys=0.09s Real=0.01s
[2024-05-09T09:50:55.117+0700][gc,start    ] GC(22) Pause Young (Normal) (G1 Evacuation Pause)
[2024-05-09T09:50:55.117+0700][gc,task     ] GC(22) Using 10 workers of 10 for evacuation
[2024-05-09T09:50:55.137+0700][gc,phases   ] GC(22)   Pre Evacuate Collection Set: 0.3ms
[2024-05-09T09:50:55.137+0700][gc,phases   ] GC(22)   Merge Heap Roots: 0.2ms
[2024-05-09T09:50:55.137+0700][gc,phases   ] GC(22)   Evacuate Collection Set: 18.2ms
[2024-05-09T09:50:55.137+0700][gc,phases   ] GC(22)   Post Evacuate Collection Set: 1.0ms
[2024-05-09T09:50:55.137+0700][gc,phases   ] GC(22)   Other: 0.8ms
[2024-05-09T09:50:55.137+0700][gc,heap     ] GC(22) Eden regions: 44->0(87)
[2024-05-09T09:50:55.137+0700][gc,heap     ] GC(22) Survivor regions: 7->4(7)
[2024-05-09T09:50:55.137+0700][gc,heap     ] GC(22) Old regions: 45->51
[2024-05-09T09:50:55.137+0700][gc,heap     ] GC(22) Archive regions: 2->2
[2024-05-09T09:50:55.137+0700][gc,heap     ] GC(22) Humongous regions: 138->138
[2024-05-09T09:50:55.137+0700][gc,metaspace] GC(22) Metaspace: 45254K(45888K)->45254K(45888K) NonClass: 40125K(40448K)->40125K(40448K) Class: 5129K(5440K)->5129K(5440K)
[2024-05-09T09:50:55.137+0700][gc          ] GC(22) Pause Young (Normal) (G1 Evacuation Pause) 234M->192M(1024M) 19.896ms
[2024-05-09T09:50:55.137+0700][gc,cpu      ] GC(22) User=0.07s Sys=0.10s Real=0.02s
[2024-05-09T09:55:30.702+0700][gc,start    ] GC(23) Pause Young (Normal) (G1 Evacuation Pause)
[2024-05-09T09:55:30.702+0700][gc,task     ] GC(23) Using 10 workers of 10 for evacuation
[2024-05-09T09:55:30.714+0700][gc,phases   ] GC(23)   Pre Evacuate Collection Set: 0.3ms
[2024-05-09T09:55:30.714+0700][gc,phases   ] GC(23)   Merge Heap Roots: 0.3ms
[2024-05-09T09:55:30.714+0700][gc,phases   ] GC(23)   Evacuate Collection Set: 10.9ms
[2024-05-09T09:55:30.714+0700][gc,phases   ] GC(23)   Post Evacuate Collection Set: 0.6ms
[2024-05-09T09:55:30.714+0700][gc,phases   ] GC(23)   Other: 0.2ms
[2024-05-09T09:55:30.714+0700][gc,heap     ] GC(23) Eden regions: 87->0(43)
[2024-05-09T09:55:30.714+0700][gc,heap     ] GC(23) Survivor regions: 4->8(12)
[2024-05-09T09:55:30.714+0700][gc,heap     ] GC(23) Old regions: 51->51
[2024-05-09T09:55:30.714+0700][gc,heap     ] GC(23) Archive regions: 2->2
[2024-05-09T09:55:30.714+0700][gc,heap     ] GC(23) Humongous regions: 138->138
[2024-05-09T09:55:30.714+0700][gc,metaspace] GC(23) Metaspace: 45274K(45952K)->45274K(45952K) NonClass: 40144K(40512K)->40144K(40512K) Class: 5130K(5440K)->5130K(5440K)
[2024-05-09T09:55:30.715+0700][gc          ] GC(23) Pause Young (Normal) (G1 Evacuation Pause) 279M->196M(1024M) 12.583ms
[2024-05-09T09:55:30.715+0700][gc,cpu      ] GC(23) User=0.09s Sys=0.01s Real=0.02s
[2024-05-09T09:57:46.980+0700][gc,start    ] GC(24) Pause Young (Normal) (G1 Evacuation Pause)
[2024-05-09T09:57:46.980+0700][gc,task     ] GC(24) Using 10 workers of 10 for evacuation
[2024-05-09T09:57:47.023+0700][gc,mmu      ] GC(24) MMU target violated: 21.0ms (20.0ms/21.0ms)
[2024-05-09T09:57:47.023+0700][gc,phases   ] GC(24)   Pre Evacuate Collection Set: 0.2ms
[2024-05-09T09:57:47.023+0700][gc,phases   ] GC(24)   Merge Heap Roots: 0.2ms
[2024-05-09T09:57:47.023+0700][gc,phases   ] GC(24)   Evacuate Collection Set: 17.8ms
[2024-05-09T09:57:47.023+0700][gc,phases   ] GC(24)   Post Evacuate Collection Set: 25.3ms
[2024-05-09T09:57:47.023+0700][gc,phases   ] GC(24)   Other: 0.2ms
[2024-05-09T09:57:47.023+0700][gc,heap     ] GC(24) Eden regions: 43->0(47)
[2024-05-09T09:57:47.023+0700][gc,heap     ] GC(24) Survivor regions: 8->4(7)
[2024-05-09T09:57:47.023+0700][gc,heap     ] GC(24) Old regions: 51->56
[2024-05-09T09:57:47.023+0700][gc,heap     ] GC(24) Archive regions: 2->2
[2024-05-09T09:57:47.023+0700][gc,heap     ] GC(24) Humongous regions: 138->138
[2024-05-09T09:57:47.023+0700][gc,metaspace] GC(24) Metaspace: 45279K(45952K)->45279K(45952K) NonClass: 40149K(40512K)->40149K(40512K) Class: 5130K(5440K)->5130K(5440K)
[2024-05-09T09:57:47.023+0700][gc          ] GC(24) Pause Young (Normal) (G1 Evacuation Pause) 239M->198M(1024M) 43.636ms
[2024-05-09T09:57:47.024+0700][gc,cpu      ] GC(24) User=0.03s Sys=0.13s Real=0.05s
[2024-05-09T10:00:13.798+0700][gc,start    ] GC(25) Pause Young (Normal) (G1 Evacuation Pause)
[2024-05-09T10:00:13.798+0700][gc,task     ] GC(25) Using 10 workers of 10 for evacuation
[2024-05-09T10:00:13.804+0700][gc,phases   ] GC(25)   Pre Evacuate Collection Set: 0.3ms
[2024-05-09T10:00:13.804+0700][gc,phases   ] GC(25)   Merge Heap Roots: 0.1ms
[2024-05-09T10:00:13.804+0700][gc,phases   ] GC(25)   Evacuate Collection Set: 4.8ms
[2024-05-09T10:00:13.804+0700][gc,phases   ] GC(25)   Post Evacuate Collection Set: 0.8ms
[2024-05-09T10:00:13.804+0700][gc,phases   ] GC(25)   Other: 0.2ms
[2024-05-09T10:00:13.804+0700][gc,heap     ] GC(25) Eden regions: 47->0(44)
[2024-05-09T10:00:13.804+0700][gc,heap     ] GC(25) Survivor regions: 4->7(7)
[2024-05-09T10:00:13.804+0700][gc,heap     ] GC(25) Old regions: 56->56
[2024-05-09T10:00:13.804+0700][gc,heap     ] GC(25) Archive regions: 2->2
[2024-05-09T10:00:13.804+0700][gc,heap     ] GC(25) Humongous regions: 138->138
[2024-05-09T10:00:13.804+0700][gc,metaspace] GC(25) Metaspace: 45295K(45952K)->45295K(45952K) NonClass: 40164K(40512K)->40164K(40512K) Class: 5131K(5440K)->5131K(5440K)
[2024-05-09T10:00:13.805+0700][gc          ] GC(25) Pause Young (Normal) (G1 Evacuation Pause) 245M->200M(1024M) 6.615ms
[2024-05-09T10:00:13.805+0700][gc,cpu      ] GC(25) User=0.04s Sys=0.01s Real=0.01s
[2024-05-09T10:02:31.574+0700][gc,start    ] GC(26) Pause Young (Normal) (G1 Evacuation Pause)
[2024-05-09T10:02:31.574+0700][gc,task     ] GC(26) Using 10 workers of 10 for evacuation
[2024-05-09T10:02:31.603+0700][gc,mmu      ] GC(26) MMU target violated: 21.0ms (20.0ms/21.0ms)
[2024-05-09T10:02:31.604+0700][gc,phases   ] GC(26)   Pre Evacuate Collection Set: 0.3ms
[2024-05-09T10:02:31.604+0700][gc,phases   ] GC(26)   Merge Heap Roots: 0.1ms
[2024-05-09T10:02:31.604+0700][gc,phases   ] GC(26)   Evacuate Collection Set: 15.2ms
[2024-05-09T10:02:31.604+0700][gc,phases   ] GC(26)   Post Evacuate Collection Set: 13.3ms
[2024-05-09T10:02:31.604+0700][gc,phases   ] GC(26)   Other: 0.3ms
[2024-05-09T10:02:31.604+0700][gc,heap     ] GC(26) Eden regions: 44->0(46)
[2024-05-09T10:02:31.604+0700][gc,heap     ] GC(26) Survivor regions: 7->5(7)
[2024-05-09T10:02:31.604+0700][gc,heap     ] GC(26) Old regions: 56->60
[2024-05-09T10:02:31.604+0700][gc,heap     ] GC(26) Archive regions: 2->2
[2024-05-09T10:02:31.604+0700][gc,heap     ] GC(26) Humongous regions: 138->138
[2024-05-09T10:02:31.604+0700][gc,metaspace] GC(26) Metaspace: 45298K(45952K)->45298K(45952K) NonClass: 40167K(40512K)->40167K(40512K) Class: 5131K(5440K)->5131K(5440K)
[2024-05-09T10:02:31.604+0700][gc          ] GC(26) Pause Young (Normal) (G1 Evacuation Pause) 244M->203M(1024M) 29.218ms
[2024-05-09T10:02:31.604+0700][gc,cpu      ] GC(26) User=0.10s Sys=0.05s Real=0.03s
[2024-05-09T10:04:54.867+0700][gc,start    ] GC(27) Pause Young (Normal) (G1 Evacuation Pause)
[2024-05-09T10:04:54.867+0700][gc,task     ] GC(27) Using 10 workers of 10 for evacuation
[2024-05-09T10:04:54.874+0700][gc,phases   ] GC(27)   Pre Evacuate Collection Set: 0.4ms
[2024-05-09T10:04:54.874+0700][gc,phases   ] GC(27)   Merge Heap Roots: 0.2ms
[2024-05-09T10:04:54.874+0700][gc,phases   ] GC(27)   Evacuate Collection Set: 6.1ms
[2024-05-09T10:04:54.874+0700][gc,phases   ] GC(27)   Post Evacuate Collection Set: 0.6ms
[2024-05-09T10:04:54.874+0700][gc,phases   ] GC(27)   Other: 0.1ms
[2024-05-09T10:04:54.874+0700][gc,heap     ] GC(27) Eden regions: 46->0(74)
[2024-05-09T10:04:54.874+0700][gc,heap     ] GC(27) Survivor regions: 5->3(7)
[2024-05-09T10:04:54.874+0700][gc,heap     ] GC(27) Old regions: 60->62
[2024-05-09T10:04:54.874+0700][gc,heap     ] GC(27) Archive regions: 2->2
[2024-05-09T10:04:54.874+0700][gc,heap     ] GC(27) Humongous regions: 138->138
[2024-05-09T10:04:54.874+0700][gc,metaspace] GC(27) Metaspace: 45303K(45952K)->45303K(45952K) NonClass: 40172K(40512K)->40172K(40512K) Class: 5131K(5440K)->5131K(5440K)
[2024-05-09T10:04:54.874+0700][gc          ] GC(27) Pause Young (Normal) (G1 Evacuation Pause) 249M->203M(1024M) 7.448ms
[2024-05-09T10:04:54.874+0700][gc,cpu      ] GC(27) User=0.00s Sys=0.06s Real=0.01s
[2024-05-09T10:08:30.225+0700][gc,start    ] GC(28) Pause Young (Normal) (G1 Evacuation Pause)
[2024-05-09T10:08:30.225+0700][gc,task     ] GC(28) Using 10 workers of 10 for evacuation
[2024-05-09T10:08:30.264+0700][gc,mmu      ] GC(28) MMU target violated: 21.0ms (20.0ms/21.0ms)
[2024-05-09T10:08:30.264+0700][gc,phases   ] GC(28)   Pre Evacuate Collection Set: 2.1ms
[2024-05-09T10:08:30.264+0700][gc,phases   ] GC(28)   Merge Heap Roots: 0.4ms
[2024-05-09T10:08:30.264+0700][gc,phases   ] GC(28)   Evacuate Collection Set: 18.8ms
[2024-05-09T10:08:30.264+0700][gc,phases   ] GC(28)   Post Evacuate Collection Set: 17.2ms
[2024-05-09T10:08:30.264+0700][gc,phases   ] GC(28)   Other: 3.0ms
[2024-05-09T10:08:30.264+0700][gc,heap     ] GC(28) Eden regions: 74->0(41)
[2024-05-09T10:08:30.264+0700][gc,heap     ] GC(28) Survivor regions: 3->10(10)
[2024-05-09T10:08:30.264+0700][gc,heap     ] GC(28) Old regions: 62->63
[2024-05-09T10:08:30.264+0700][gc,heap     ] GC(28) Archive regions: 2->2
[2024-05-09T10:08:30.264+0700][gc,heap     ] GC(28) Humongous regions: 147->147
[2024-05-09T10:08:30.264+0700][gc,metaspace] GC(28) Metaspace: 45510K(46144K)->45510K(46144K) NonClass: 40351K(40704K)->40351K(40704K) Class: 5159K(5440K)->5159K(5440K)
[2024-05-09T10:08:30.264+0700][gc          ] GC(28) Pause Young (Normal) (G1 Evacuation Pause) 286M->220M(1024M) 39.458ms
[2024-05-09T10:08:30.264+0700][gc,cpu      ] GC(28) User=0.20s Sys=0.00s Real=0.04s
[2024-05-09T10:10:39.212+0700][gc,start    ] GC(29) Pause Young (Normal) (G1 Evacuation Pause)
[2024-05-09T10:10:39.212+0700][gc,task     ] GC(29) Using 10 workers of 10 for evacuation
[2024-05-09T10:10:39.247+0700][gc,mmu      ] GC(29) MMU target violated: 21.0ms (20.0ms/21.0ms)
[2024-05-09T10:10:39.247+0700][gc,phases   ] GC(29)   Pre Evacuate Collection Set: 0.3ms
[2024-05-09T10:10:39.247+0700][gc,phases   ] GC(29)   Merge Heap Roots: 0.1ms
[2024-05-09T10:10:39.247+0700][gc,phases   ] GC(29)   Evacuate Collection Set: 32.6ms
[2024-05-09T10:10:39.247+0700][gc,phases   ] GC(29)   Post Evacuate Collection Set: 1.6ms
[2024-05-09T10:10:39.247+0700][gc,phases   ] GC(29)   Other: 0.3ms
[2024-05-09T10:10:39.247+0700][gc,heap     ] GC(29) Eden regions: 41->0(47)
[2024-05-09T10:10:39.247+0700][gc,heap     ] GC(29) Survivor regions: 10->4(7)
[2024-05-09T10:10:39.247+0700][gc,heap     ] GC(29) Old regions: 63->71
[2024-05-09T10:10:39.247+0700][gc,heap     ] GC(29) Archive regions: 2->2
[2024-05-09T10:10:39.247+0700][gc,heap     ] GC(29) Humongous regions: 147->147
[2024-05-09T10:10:39.247+0700][gc,metaspace] GC(29) Metaspace: 45535K(46144K)->45535K(46144K) NonClass: 40369K(40704K)->40369K(40704K) Class: 5165K(5440K)->5165K(5440K)
[2024-05-09T10:10:39.247+0700][gc          ] GC(29) Pause Young (Normal) (G1 Evacuation Pause) 261M->222M(1024M) 35.119ms
[2024-05-09T10:10:39.247+0700][gc,cpu      ] GC(29) User=0.17s Sys=0.13s Real=0.04s
[2024-05-09T10:13:06.647+0700][gc,start    ] GC(30) Pause Young (Normal) (G1 Evacuation Pause)
[2024-05-09T10:13:06.647+0700][gc,task     ] GC(30) Using 10 workers of 10 for evacuation
[2024-05-09T10:13:06.651+0700][gc,phases   ] GC(30)   Pre Evacuate Collection Set: 0.3ms
[2024-05-09T10:13:06.651+0700][gc,phases   ] GC(30)   Merge Heap Roots: 0.1ms
[2024-05-09T10:13:06.651+0700][gc,phases   ] GC(30)   Evacuate Collection Set: 3.6ms
[2024-05-09T10:13:06.651+0700][gc,phases   ] GC(30)   Post Evacuate Collection Set: 0.5ms
[2024-05-09T10:13:06.651+0700][gc,phases   ] GC(30)   Other: 0.2ms
[2024-05-09T10:13:06.651+0700][gc,heap     ] GC(30) Eden regions: 47->0(45)
[2024-05-09T10:13:06.651+0700][gc,heap     ] GC(30) Survivor regions: 4->6(7)
[2024-05-09T10:13:06.651+0700][gc,heap     ] GC(30) Old regions: 71->71
[2024-05-09T10:13:06.651+0700][gc,heap     ] GC(30) Archive regions: 2->2
[2024-05-09T10:13:06.651+0700][gc,heap     ] GC(30) Humongous regions: 147->147
[2024-05-09T10:13:06.651+0700][gc,metaspace] GC(30) Metaspace: 45560K(46208K)->45560K(46208K) NonClass: 40394K(40768K)->40394K(40768K) Class: 5165K(5440K)->5165K(5440K)
[2024-05-09T10:13:06.651+0700][gc          ] GC(30) Pause Young (Normal) (G1 Evacuation Pause) 269M->224M(1024M) 4.732ms
[2024-05-09T10:13:06.651+0700][gc,cpu      ] GC(30) User=0.03s Sys=0.01s Real=0.00s
[2024-05-09T10:15:27.984+0700][gc,start    ] GC(31) Pause Young (Normal) (G1 Evacuation Pause)
[2024-05-09T10:15:27.984+0700][gc,task     ] GC(31) Using 10 workers of 10 for evacuation
[2024-05-09T10:15:28.003+0700][gc,phases   ] GC(31)   Pre Evacuate Collection Set: 0.2ms
[2024-05-09T10:15:28.003+0700][gc,phases   ] GC(31)   Merge Heap Roots: 0.2ms
[2024-05-09T10:15:28.003+0700][gc,phases   ] GC(31)   Evacuate Collection Set: 11.8ms
[2024-05-09T10:15:28.003+0700][gc,phases   ] GC(31)   Post Evacuate Collection Set: 7.1ms
[2024-05-09T10:15:28.003+0700][gc,phases   ] GC(31)   Other: 0.2ms
[2024-05-09T10:15:28.003+0700][gc,heap     ] GC(31) Eden regions: 45->0(48)
[2024-05-09T10:15:28.003+0700][gc,heap     ] GC(31) Survivor regions: 6->3(7)
[2024-05-09T10:15:28.003+0700][gc,heap     ] GC(31) Old regions: 71->74
[2024-05-09T10:15:28.003+0700][gc,heap     ] GC(31) Archive regions: 2->2
[2024-05-09T10:15:28.003+0700][gc,heap     ] GC(31) Humongous regions: 147->147
[2024-05-09T10:15:28.003+0700][gc,metaspace] GC(31) Metaspace: 45566K(46208K)->45566K(46208K) NonClass: 40400K(40768K)->40400K(40768K) Class: 5165K(5440K)->5165K(5440K)
[2024-05-09T10:15:28.003+0700][gc          ] GC(31) Pause Young (Normal) (G1 Evacuation Pause) 269M->224M(1024M) 19.587ms
[2024-05-09T10:15:28.003+0700][gc,cpu      ] GC(31) User=0.03s Sys=0.09s Real=0.02s
[2024-05-09T10:17:59.837+0700][gc,start    ] GC(32) Pause Young (Normal) (G1 Evacuation Pause)
[2024-05-09T10:17:59.837+0700][gc,task     ] GC(32) Using 10 workers of 10 for evacuation
[2024-05-09T10:17:59.842+0700][gc,phases   ] GC(32)   Pre Evacuate Collection Set: 0.3ms
[2024-05-09T10:17:59.842+0700][gc,phases   ] GC(32)   Merge Heap Roots: 0.1ms
[2024-05-09T10:17:59.842+0700][gc,phases   ] GC(32)   Evacuate Collection Set: 3.3ms
[2024-05-09T10:17:59.842+0700][gc,phases   ] GC(32)   Post Evacuate Collection Set: 1.2ms
[2024-05-09T10:17:59.842+0700][gc,phases   ] GC(32)   Other: 0.2ms
[2024-05-09T10:17:59.842+0700][gc,heap     ] GC(32) Eden regions: 48->0(55)
[2024-05-09T10:17:59.842+0700][gc,heap     ] GC(32) Survivor regions: 3->5(7)
[2024-05-09T10:17:59.842+0700][gc,heap     ] GC(32) Old regions: 74->74
[2024-05-09T10:17:59.842+0700][gc,heap     ] GC(32) Archive regions: 2->2
[2024-05-09T10:17:59.842+0700][gc,heap     ] GC(32) Humongous regions: 147->147
[2024-05-09T10:17:59.842+0700][gc,metaspace] GC(32) Metaspace: 45570K(46208K)->45570K(46208K) NonClass: 40405K(40768K)->40405K(40768K) Class: 5165K(5440K)->5165K(5440K)
[2024-05-09T10:17:59.842+0700][gc          ] GC(32) Pause Young (Normal) (G1 Evacuation Pause) 272M->226M(1024M) 5.127ms
[2024-05-09T10:17:59.842+0700][gc,cpu      ] GC(32) User=0.03s Sys=0.00s Real=0.00s
[2024-05-09T10:20:53.495+0700][gc,start    ] GC(33) Pause Young (Normal) (G1 Evacuation Pause)
[2024-05-09T10:20:53.495+0700][gc,task     ] GC(33) Using 10 workers of 10 for evacuation
[2024-05-09T10:20:53.506+0700][gc,phases   ] GC(33)   Pre Evacuate Collection Set: 0.2ms
[2024-05-09T10:20:53.506+0700][gc,phases   ] GC(33)   Merge Heap Roots: 0.1ms
[2024-05-09T10:20:53.506+0700][gc,phases   ] GC(33)   Evacuate Collection Set: 9.9ms
[2024-05-09T10:20:53.506+0700][gc,phases   ] GC(33)   Post Evacuate Collection Set: 0.9ms
[2024-05-09T10:20:53.506+0700][gc,phases   ] GC(33)   Other: 0.1ms
[2024-05-09T10:20:53.506+0700][gc,heap     ] GC(33) Eden regions: 55->0(61)
[2024-05-09T10:20:53.506+0700][gc,heap     ] GC(33) Survivor regions: 5->7(8)
[2024-05-09T10:20:53.506+0700][gc,heap     ] GC(33) Old regions: 74->76
[2024-05-09T10:20:53.506+0700][gc,heap     ] GC(33) Archive regions: 2->2
[2024-05-09T10:20:53.506+0700][gc,heap     ] GC(33) Humongous regions: 147->147
[2024-05-09T10:20:53.506+0700][gc,metaspace] GC(33) Metaspace: 45571K(46208K)->45571K(46208K) NonClass: 40406K(40768K)->40406K(40768K) Class: 5165K(5440K)->5165K(5440K)
[2024-05-09T10:20:53.506+0700][gc          ] GC(33) Pause Young (Normal) (G1 Evacuation Pause) 281M->230M(1024M) 11.350ms
[2024-05-09T10:20:53.506+0700][gc,cpu      ] GC(33) User=0.09s Sys=0.01s Real=0.01s
[2024-05-09T10:24:03.577+0700][gc,start    ] GC(34) Pause Young (Normal) (G1 Evacuation Pause)
[2024-05-09T10:24:03.577+0700][gc,task     ] GC(34) Using 10 workers of 10 for evacuation
[2024-05-09T10:24:03.589+0700][gc,phases   ] GC(34)   Pre Evacuate Collection Set: 0.4ms
[2024-05-09T10:24:03.589+0700][gc,phases   ] GC(34)   Merge Heap Roots: 0.2ms
[2024-05-09T10:24:03.589+0700][gc,phases   ] GC(34)   Evacuate Collection Set: 10.9ms
[2024-05-09T10:24:03.589+0700][gc,phases   ] GC(34)   Post Evacuate Collection Set: 0.7ms
[2024-05-09T10:24:03.589+0700][gc,phases   ] GC(34)   Other: 0.2ms
[2024-05-09T10:24:03.589+0700][gc,heap     ] GC(34) Eden regions: 60->0(100)
[2024-05-09T10:24:03.589+0700][gc,heap     ] GC(34) Survivor regions: 7->6(9)
[2024-05-09T10:24:03.589+0700][gc,heap     ] GC(34) Old regions: 76->78
[2024-05-09T10:24:03.589+0700][gc,heap     ] GC(34) Archive regions: 2->2
[2024-05-09T10:24:03.589+0700][gc,heap     ] GC(34) Humongous regions: 147->147
[2024-05-09T10:24:03.589+0700][gc,metaspace] GC(34) Metaspace: 45574K(46208K)->45574K(46208K) NonClass: 40408K(40768K)->40408K(40768K) Class: 5165K(5440K)->5165K(5440K)
[2024-05-09T10:24:03.589+0700][gc          ] GC(34) Pause Young (Normal) (G1 Evacuation Pause) 290M->231M(1024M) 12.445ms
[2024-05-09T10:24:03.589+0700][gc,cpu      ] GC(34) User=0.00s Sys=0.10s Real=0.01s
[2024-05-09T10:29:23.563+0700][gc,start    ] GC(35) Pause Young (Normal) (G1 Evacuation Pause)
[2024-05-09T10:29:23.563+0700][gc,task     ] GC(35) Using 10 workers of 10 for evacuation
[2024-05-09T10:29:23.603+0700][gc,mmu      ] GC(35) MMU target violated: 21.0ms (20.0ms/21.0ms)
[2024-05-09T10:29:23.603+0700][gc,phases   ] GC(35)   Pre Evacuate Collection Set: 0.3ms
[2024-05-09T10:29:23.603+0700][gc,phases   ] GC(35)   Merge Heap Roots: 0.2ms
[2024-05-09T10:29:23.603+0700][gc,phases   ] GC(35)   Evacuate Collection Set: 38.7ms
[2024-05-09T10:29:23.603+0700][gc,phases   ] GC(35)   Post Evacuate Collection Set: 1.3ms
[2024-05-09T10:29:23.603+0700][gc,phases   ] GC(35)   Other: 0.3ms
[2024-05-09T10:29:23.603+0700][gc,heap     ] GC(35) Eden regions: 100->0(39)
[2024-05-09T10:29:23.603+0700][gc,heap     ] GC(35) Survivor regions: 6->12(14)
[2024-05-09T10:29:23.603+0700][gc,heap     ] GC(35) Old regions: 78->78
[2024-05-09T10:29:23.603+0700][gc,heap     ] GC(35) Archive regions: 2->2
[2024-05-09T10:29:23.603+0700][gc,heap     ] GC(35) Humongous regions: 147->147
[2024-05-09T10:29:23.603+0700][gc,metaspace] GC(35) Metaspace: 45588K(46208K)->45588K(46208K) NonClass: 40423K(40768K)->40423K(40768K) Class: 5165K(5440K)->5165K(5440K)
[2024-05-09T10:29:23.603+0700][gc          ] GC(35) Pause Young (Normal) (G1 Evacuation Pause) 331M->237M(1024M) 40.827ms
[2024-05-09T10:29:23.604+0700][gc,cpu      ] GC(35) User=0.24s Sys=0.13s Real=0.05s
[2024-05-09T10:31:23.962+0700][gc,start    ] GC(36) Pause Young (Normal) (G1 Evacuation Pause)
[2024-05-09T10:31:23.962+0700][gc,task     ] GC(36) Using 10 workers of 10 for evacuation
[2024-05-09T10:31:23.999+0700][gc,mmu      ] GC(36) MMU target violated: 21.0ms (20.0ms/21.0ms)
[2024-05-09T10:31:23.999+0700][gc,phases   ] GC(36)   Pre Evacuate Collection Set: 0.2ms
[2024-05-09T10:31:23.999+0700][gc,phases   ] GC(36)   Merge Heap Roots: 0.2ms
[2024-05-09T10:31:23.999+0700][gc,phases   ] GC(36)   Evacuate Collection Set: 35.0ms
[2024-05-09T10:31:23.999+0700][gc,phases   ] GC(36)   Post Evacuate Collection Set: 1.2ms
[2024-05-09T10:31:23.999+0700][gc,phases   ] GC(36)   Other: 0.2ms
[2024-05-09T10:31:23.999+0700][gc,heap     ] GC(36) Eden regions: 39->0(46)
[2024-05-09T10:31:23.999+0700][gc,heap     ] GC(36) Survivor regions: 12->5(7)
[2024-05-09T10:31:23.999+0700][gc,heap     ] GC(36) Old regions: 78->88
[2024-05-09T10:31:23.999+0700][gc,heap     ] GC(36) Archive regions: 2->2
[2024-05-09T10:31:23.999+0700][gc,heap     ] GC(36) Humongous regions: 147->147
[2024-05-09T10:31:23.999+0700][gc,metaspace] GC(36) Metaspace: 45594K(46208K)->45594K(46208K) NonClass: 40429K(40768K)->40429K(40768K) Class: 5165K(5440K)->5165K(5440K)
[2024-05-09T10:31:23.999+0700][gc          ] GC(36) Pause Young (Normal) (G1 Evacuation Pause) 276M->239M(1024M) 36.880ms
[2024-05-09T10:31:23.999+0700][gc,cpu      ] GC(36) User=0.06s Sys=0.29s Real=0.04s
[2024-05-09T10:33:49.971+0700][gc,start    ] GC(37) Pause Young (Normal) (G1 Evacuation Pause)
[2024-05-09T10:33:49.971+0700][gc,task     ] GC(37) Using 10 workers of 10 for evacuation
[2024-05-09T10:33:49.977+0700][gc,phases   ] GC(37)   Pre Evacuate Collection Set: 0.2ms
[2024-05-09T10:33:49.977+0700][gc,phases   ] GC(37)   Merge Heap Roots: 0.1ms
[2024-05-09T10:33:49.977+0700][gc,phases   ] GC(37)   Evacuate Collection Set: 4.2ms
[2024-05-09T10:33:49.977+0700][gc,phases   ] GC(37)   Post Evacuate Collection Set: 0.7ms
[2024-05-09T10:33:49.977+0700][gc,phases   ] GC(37)   Other: 0.1ms
[2024-05-09T10:33:49.977+0700][gc,heap     ] GC(37) Eden regions: 46->0(44)
[2024-05-09T10:33:49.977+0700][gc,heap     ] GC(37) Survivor regions: 5->7(7)
[2024-05-09T10:33:49.977+0700][gc,heap     ] GC(37) Old regions: 88->88
[2024-05-09T10:33:49.977+0700][gc,heap     ] GC(37) Archive regions: 2->2
[2024-05-09T10:33:49.977+0700][gc,heap     ] GC(37) Humongous regions: 147->147
[2024-05-09T10:33:49.977+0700][gc,metaspace] GC(37) Metaspace: 45600K(46208K)->45600K(46208K) NonClass: 40434K(40768K)->40434K(40768K) Class: 5165K(5440K)->5165K(5440K)
[2024-05-09T10:33:49.977+0700][gc          ] GC(37) Pause Young (Normal) (G1 Evacuation Pause) 285M->241M(1024M) 5.388ms
[2024-05-09T10:33:49.977+0700][gc,cpu      ] GC(37) User=0.04s Sys=0.00s Real=0.01s
[2024-05-09T10:36:08.914+0700][gc,start    ] GC(38) Pause Young (Normal) (G1 Evacuation Pause)
[2024-05-09T10:36:08.914+0700][gc,task     ] GC(38) Using 10 workers of 10 for evacuation
[2024-05-09T10:36:08.926+0700][gc,phases   ] GC(38)   Pre Evacuate Collection Set: 0.3ms
[2024-05-09T10:36:08.926+0700][gc,phases   ] GC(38)   Merge Heap Roots: 0.1ms
[2024-05-09T10:36:08.926+0700][gc,phases   ] GC(38)   Evacuate Collection Set: 10.7ms
[2024-05-09T10:36:08.926+0700][gc,phases   ] GC(38)   Post Evacuate Collection Set: 1.2ms
[2024-05-09T10:36:08.926+0700][gc,phases   ] GC(38)   Other: 0.2ms
[2024-05-09T10:36:08.926+0700][gc,heap     ] GC(38) Eden regions: 44->0(88)
[2024-05-09T10:36:08.926+0700][gc,heap     ] GC(38) Survivor regions: 7->5(7)
[2024-05-09T10:36:08.926+0700][gc,heap     ] GC(38) Old regions: 88->91
[2024-05-09T10:36:08.926+0700][gc,heap     ] GC(38) Archive regions: 2->2
[2024-05-09T10:36:08.926+0700][gc,heap     ] GC(38) Humongous regions: 147->147
[2024-05-09T10:36:08.926+0700][gc,metaspace] GC(38) Metaspace: 45600K(46208K)->45600K(46208K) NonClass: 40434K(40768K)->40434K(40768K) Class: 5165K(5440K)->5165K(5440K)
[2024-05-09T10:36:08.926+0700][gc          ] GC(38) Pause Young (Normal) (G1 Evacuation Pause) 285M->243M(1024M) 12.590ms
[2024-05-09T10:36:08.926+0700][gc,cpu      ] GC(38) User=0.11s Sys=0.00s Real=0.01s
[2024-05-09T10:40:48.913+0700][gc,start    ] GC(39) Pause Young (Normal) (G1 Evacuation Pause)
[2024-05-09T10:40:48.914+0700][gc,task     ] GC(39) Using 10 workers of 10 for evacuation
[2024-05-09T10:40:48.919+0700][gc,phases   ] GC(39)   Pre Evacuate Collection Set: 0.3ms
[2024-05-09T10:40:48.919+0700][gc,phases   ] GC(39)   Merge Heap Roots: 0.1ms
[2024-05-09T10:40:48.919+0700][gc,phases   ] GC(39)   Evacuate Collection Set: 4.1ms
[2024-05-09T10:40:48.919+0700][gc,phases   ] GC(39)   Post Evacuate Collection Set: 0.5ms
[2024-05-09T10:40:48.919+0700][gc,phases   ] GC(39)   Other: 1.2ms
[2024-05-09T10:40:48.919+0700][gc,heap     ] GC(39) Eden regions: 88->0(112)
[2024-05-09T10:40:48.919+0700][gc,heap     ] GC(39) Survivor regions: 5->7(12)
[2024-05-09T10:40:48.919+0700][gc,heap     ] GC(39) Old regions: 91->91
[2024-05-09T10:40:48.919+0700][gc,heap     ] GC(39) Archive regions: 2->2
[2024-05-09T10:40:48.919+0700][gc,heap     ] GC(39) Humongous regions: 147->147
[2024-05-09T10:40:48.919+0700][gc,metaspace] GC(39) Metaspace: 45605K(46208K)->45605K(46208K) NonClass: 40439K(40768K)->40439K(40768K) Class: 5165K(5440K)->5165K(5440K)
[2024-05-09T10:40:48.919+0700][gc          ] GC(39) Pause Young (Normal) (G1 Evacuation Pause) 331M->245M(1024M) 6.352ms
[2024-05-09T10:40:48.919+0700][gc,cpu      ] GC(39) User=0.03s Sys=0.01s Real=0.01s
[2024-05-09T10:47:11.892+0700][gc,start    ] GC(40) Pause Young (Normal) (G1 Evacuation Pause)
[2024-05-09T10:47:11.892+0700][gc,task     ] GC(40) Using 10 workers of 10 for evacuation
[2024-05-09T10:47:11.920+0700][gc,mmu      ] GC(40) MMU target violated: 21.0ms (20.0ms/21.0ms)
[2024-05-09T10:47:11.920+0700][gc,phases   ] GC(40)   Pre Evacuate Collection Set: 0.3ms
[2024-05-09T10:47:11.920+0700][gc,phases   ] GC(40)   Merge Heap Roots: 0.1ms
[2024-05-09T10:47:11.920+0700][gc,phases   ] GC(40)   Evacuate Collection Set: 26.9ms
[2024-05-09T10:47:11.920+0700][gc,phases   ] GC(40)   Post Evacuate Collection Set: 0.6ms
[2024-05-09T10:47:11.920+0700][gc,phases   ] GC(40)   Other: 0.5ms
[2024-05-09T10:47:11.920+0700][gc,heap     ] GC(40) Eden regions: 112->0(38)
[2024-05-09T10:47:11.920+0700][gc,heap     ] GC(40) Survivor regions: 7->13(15)
[2024-05-09T10:47:11.920+0700][gc,heap     ] GC(40) Old regions: 91->91
[2024-05-09T10:47:11.920+0700][gc,heap     ] GC(40) Archive regions: 2->2
[2024-05-09T10:47:11.920+0700][gc,heap     ] GC(40) Humongous regions: 147->147
[2024-05-09T10:47:11.920+0700][gc,metaspace] GC(40) Metaspace: 45646K(46272K)->45646K(46272K) NonClass: 40479K(40832K)->40479K(40832K) Class: 5166K(5440K)->5166K(5440K)
[2024-05-09T10:47:11.920+0700][gc          ] GC(40) Pause Young (Normal) (G1 Evacuation Pause) 357M->251M(1024M) 28.381ms
[2024-05-09T10:47:11.920+0700][gc,cpu      ] GC(40) User=0.19s Sys=0.07s Real=0.03s
[2024-05-09T10:49:22.881+0700][gc,start    ] GC(41) Pause Young (Normal) (G1 Evacuation Pause)
[2024-05-09T10:49:22.881+0700][gc,task     ] GC(41) Using 10 workers of 10 for evacuation
[2024-05-09T10:49:22.918+0700][gc,mmu      ] GC(41) MMU target violated: 21.0ms (20.0ms/21.0ms)
[2024-05-09T10:49:22.918+0700][gc,phases   ] GC(41)   Pre Evacuate Collection Set: 0.3ms
[2024-05-09T10:49:22.918+0700][gc,phases   ] GC(41)   Merge Heap Roots: 0.1ms
[2024-05-09T10:49:22.918+0700][gc,phases   ] GC(41)   Evacuate Collection Set: 35.0ms
[2024-05-09T10:49:22.918+0700][gc,phases   ] GC(41)   Post Evacuate Collection Set: 1.2ms
[2024-05-09T10:49:22.918+0700][gc,phases   ] GC(41)   Other: 0.3ms
[2024-05-09T10:49:22.918+0700][gc,heap     ] GC(41) Eden regions: 38->0(91)
[2024-05-09T10:49:22.918+0700][gc,heap     ] GC(41) Survivor regions: 13->4(7)
[2024-05-09T10:49:22.918+0700][gc,heap     ] GC(41) Old regions: 91->101
[2024-05-09T10:49:22.918+0700][gc,heap     ] GC(41) Archive regions: 2->2
[2024-05-09T10:49:22.918+0700][gc,heap     ] GC(41) Humongous regions: 147->147
[2024-05-09T10:49:22.918+0700][gc,metaspace] GC(41) Metaspace: 45665K(46272K)->45665K(46272K) NonClass: 40499K(40832K)->40499K(40832K) Class: 5166K(5440K)->5166K(5440K)
[2024-05-09T10:49:22.918+0700][gc          ] GC(41) Pause Young (Normal) (G1 Evacuation Pause) 289M->252M(1024M) 36.988ms
[2024-05-09T10:49:22.918+0700][gc,cpu      ] GC(41) User=0.00s Sys=0.33s Real=0.04s
[2024-05-09T10:54:44.486+0700][gc,start    ] GC(42) Pause Young (Normal) (G1 Evacuation Pause)
[2024-05-09T10:54:44.488+0700][gc,task     ] GC(42) Using 10 workers of 10 for evacuation
[2024-05-09T10:54:44.521+0700][gc,mmu      ] GC(42) MMU target violated: 21.0ms (20.0ms/21.0ms)
[2024-05-09T10:54:44.522+0700][gc,phases   ] GC(42)   Pre Evacuate Collection Set: 4.3ms
[2024-05-09T10:54:44.522+0700][gc,phases   ] GC(42)   Merge Heap Roots: 1.1ms
[2024-05-09T10:54:44.522+0700][gc,phases   ] GC(42)   Evacuate Collection Set: 25.2ms
[2024-05-09T10:54:44.522+0700][gc,phases   ] GC(42)   Post Evacuate Collection Set: 2.8ms
[2024-05-09T10:54:44.522+0700][gc,phases   ] GC(42)   Other: 4.7ms
[2024-05-09T10:54:44.522+0700][gc,heap     ] GC(42) Eden regions: 91->0(44)
[2024-05-09T10:54:44.522+0700][gc,heap     ] GC(42) Survivor regions: 4->7(12)
[2024-05-09T10:54:44.522+0700][gc,heap     ] GC(42) Old regions: 101->101
[2024-05-09T10:54:44.522+0700][gc,heap     ] GC(42) Archive regions: 2->2
[2024-05-09T10:54:44.522+0700][gc,heap     ] GC(42) Humongous regions: 147->147
[2024-05-09T10:54:44.522+0700][gc,metaspace] GC(42) Metaspace: 45665K(46272K)->45665K(46272K) NonClass: 40499K(40832K)->40499K(40832K) Class: 5166K(5440K)->5166K(5440K)
[2024-05-09T10:54:44.522+0700][gc          ] GC(42) Pause Young (Normal) (G1 Evacuation Pause) 343M->255M(1024M) 36.154ms
[2024-05-09T10:54:44.523+0700][gc,cpu      ] GC(42) User=0.18s Sys=0.05s Real=0.03s
[2024-05-09T10:57:19.580+0700][gc,start    ] GC(43) Pause Young (Normal) (G1 Evacuation Pause)
[2024-05-09T10:57:19.580+0700][gc,task     ] GC(43) Using 10 workers of 10 for evacuation
[2024-05-09T10:57:19.599+0700][gc,phases   ] GC(43)   Pre Evacuate Collection Set: 0.7ms
[2024-05-09T10:57:19.599+0700][gc,phases   ] GC(43)   Merge Heap Roots: 0.3ms
[2024-05-09T10:57:19.599+0700][gc,phases   ] GC(43)   Evacuate Collection Set: 16.9ms
[2024-05-09T10:57:19.599+0700][gc,phases   ] GC(43)   Post Evacuate Collection Set: 0.9ms
[2024-05-09T10:57:19.599+0700][gc,phases   ] GC(43)   Other: 0.3ms
[2024-05-09T10:57:19.599+0700][gc,heap     ] GC(43) Eden regions: 44->0(96)
[2024-05-09T10:57:19.599+0700][gc,heap     ] GC(43) Survivor regions: 7->3(7)
[2024-05-09T10:57:19.599+0700][gc,heap     ] GC(43) Old regions: 101->106
[2024-05-09T10:57:19.599+0700][gc,heap     ] GC(43) Archive regions: 2->2
[2024-05-09T10:57:19.599+0700][gc,heap     ] GC(43) Humongous regions: 147->147
[2024-05-09T10:57:19.599+0700][gc,metaspace] GC(43) Metaspace: 45665K(46272K)->45665K(46272K) NonClass: 40499K(40832K)->40499K(40832K) Class: 5166K(5440K)->5166K(5440K)
[2024-05-09T10:57:19.599+0700][gc          ] GC(43) Pause Young (Normal) (G1 Evacuation Pause) 299M->256M(1024M) 19.108ms
[2024-05-09T10:57:19.599+0700][gc,cpu      ] GC(43) User=0.10s Sys=0.07s Real=0.02s
[2024-05-09T11:03:00.949+0700][gc,start    ] GC(44) Pause Young (Normal) (G1 Evacuation Pause)
[2024-05-09T11:03:00.949+0700][gc,task     ] GC(44) Using 10 workers of 10 for evacuation
[2024-05-09T11:03:00.959+0700][gc,phases   ] GC(44)   Pre Evacuate Collection Set: 0.2ms
[2024-05-09T11:03:00.960+0700][gc,phases   ] GC(44)   Merge Heap Roots: 0.4ms
[2024-05-09T11:03:00.960+0700][gc,phases   ] GC(44)   Evacuate Collection Set: 9.6ms
[2024-05-09T11:03:00.960+0700][gc,phases   ] GC(44)   Post Evacuate Collection Set: 0.6ms
[2024-05-09T11:03:00.960+0700][gc,phases   ] GC(44)   Other: 0.1ms
[2024-05-09T11:03:00.960+0700][gc,heap     ] GC(44) Eden regions: 96->0(45)
[2024-05-09T11:03:00.960+0700][gc,heap     ] GC(44) Survivor regions: 3->7(13)
[2024-05-09T11:03:00.960+0700][gc,heap     ] GC(44) Old regions: 106->106
[2024-05-09T11:03:00.960+0700][gc,heap     ] GC(44) Archive regions: 2->2
[2024-05-09T11:03:00.960+0700][gc,heap     ] GC(44) Humongous regions: 147->147
[2024-05-09T11:03:00.960+0700][gc,metaspace] GC(44) Metaspace: 45673K(46272K)->45673K(46272K) NonClass: 40507K(40832K)->40507K(40832K) Class: 5166K(5440K)->5166K(5440K)
[2024-05-09T11:03:00.960+0700][gc          ] GC(44) Pause Young (Normal) (G1 Evacuation Pause) 352M->260M(1024M) 10.999ms
[2024-05-09T11:03:00.960+0700][gc,cpu      ] GC(44) User=0.05s Sys=0.02s Real=0.01s
[2024-05-09T11:05:39.205+0700][gc,start    ] GC(45) Pause Young (Normal) (G1 Evacuation Pause)
[2024-05-09T11:05:39.205+0700][gc,task     ] GC(45) Using 10 workers of 10 for evacuation
[2024-05-09T11:05:39.212+0700][gc,phases   ] GC(45)   Pre Evacuate Collection Set: 0.3ms
[2024-05-09T11:05:39.212+0700][gc,phases   ] GC(45)   Merge Heap Roots: 0.1ms
[2024-05-09T11:05:39.212+0700][gc,phases   ] GC(45)   Evacuate Collection Set: 5.5ms
[2024-05-09T11:05:39.212+0700][gc,phases   ] GC(45)   Post Evacuate Collection Set: 0.7ms
[2024-05-09T11:05:39.212+0700][gc,phases   ] GC(45)   Other: 0.2ms
[2024-05-09T11:05:39.212+0700][gc,heap     ] GC(45) Eden regions: 45->0(142)
[2024-05-09T11:05:39.212+0700][gc,heap     ] GC(45) Survivor regions: 7->3(7)
[2024-05-09T11:05:39.212+0700][gc,heap     ] GC(45) Old regions: 106->112
[2024-05-09T11:05:39.212+0700][gc,heap     ] GC(45) Archive regions: 2->2
[2024-05-09T11:05:39.212+0700][gc,heap     ] GC(45) Humongous regions: 147->147
[2024-05-09T11:05:39.212+0700][gc,metaspace] GC(45) Metaspace: 45675K(46272K)->45675K(46272K) NonClass: 40509K(40832K)->40509K(40832K) Class: 5166K(5440K)->5166K(5440K)
[2024-05-09T11:05:39.213+0700][gc          ] GC(45) Pause Young (Normal) (G1 Evacuation Pause) 305M->262M(1024M) 7.085ms
[2024-05-09T11:05:39.213+0700][gc,cpu      ] GC(45) User=0.04s Sys=0.01s Real=0.00s
[2024-05-09T11:13:40.733+0700][gc,start    ] GC(46) Pause Young (Normal) (G1 Evacuation Pause)
[2024-05-09T11:13:40.740+0700][gc,task     ] GC(46) Using 10 workers of 10 for evacuation
[2024-05-09T11:13:40.766+0700][gc,mmu      ] GC(46) MMU target violated: 21.0ms (20.0ms/21.0ms)
[2024-05-09T11:13:40.766+0700][gc,phases   ] GC(46)   Pre Evacuate Collection Set: 0.4ms
[2024-05-09T11:13:40.766+0700][gc,phases   ] GC(46)   Merge Heap Roots: 0.2ms
[2024-05-09T11:13:40.766+0700][gc,phases   ] GC(46)   Evacuate Collection Set: 23.2ms
[2024-05-09T11:13:40.766+0700][gc,phases   ] GC(46)   Post Evacuate Collection Set: 0.7ms
[2024-05-09T11:13:40.766+0700][gc,phases   ] GC(46)   Other: 8.7ms
[2024-05-09T11:13:40.766+0700][gc,heap     ] GC(46) Eden regions: 141->0(42)
[2024-05-09T11:13:40.766+0700][gc,heap     ] GC(46) Survivor regions: 3->9(18)
[2024-05-09T11:13:40.766+0700][gc,heap     ] GC(46) Old regions: 112->112
[2024-05-09T11:13:40.766+0700][gc,heap     ] GC(46) Archive regions: 2->2
[2024-05-09T11:13:40.766+0700][gc,heap     ] GC(46) Humongous regions: 147->147
[2024-05-09T11:13:40.766+0700][gc,metaspace] GC(46) Metaspace: 45836K(46464K)->45836K(46464K) NonClass: 40643K(40960K)->40643K(40960K) Class: 5192K(5504K)->5192K(5504K)
[2024-05-09T11:13:40.766+0700][gc          ] GC(46) Pause Young (Normal) (G1 Evacuation Pause) 403M->267M(1024M) 33.178ms
[2024-05-09T11:13:40.766+0700][gc,cpu      ] GC(46) User=0.06s Sys=0.16s Real=0.04s
[2024-05-09T11:16:08.951+0700][gc,start    ] GC(47) Pause Young (Normal) (G1 Evacuation Pause)
[2024-05-09T11:16:08.951+0700][gc,task     ] GC(47) Using 10 workers of 10 for evacuation
[2024-05-09T11:16:08.970+0700][gc,phases   ] GC(47)   Pre Evacuate Collection Set: 0.2ms
[2024-05-09T11:16:08.970+0700][gc,phases   ] GC(47)   Merge Heap Roots: 0.2ms
[2024-05-09T11:16:08.970+0700][gc,phases   ] GC(47)   Evacuate Collection Set: 16.8ms
[2024-05-09T11:16:08.970+0700][gc,phases   ] GC(47)   Post Evacuate Collection Set: 0.8ms
[2024-05-09T11:16:08.970+0700][gc,phases   ] GC(47)   Other: 0.1ms
[2024-05-09T11:16:08.970+0700][gc,heap     ] GC(47) Eden regions: 42->0(158)
[2024-05-09T11:16:08.970+0700][gc,heap     ] GC(47) Survivor regions: 9->2(7)
[2024-05-09T11:16:08.970+0700][gc,heap     ] GC(47) Old regions: 112->118
[2024-05-09T11:16:08.970+0700][gc,heap     ] GC(47) Archive regions: 2->2
[2024-05-09T11:16:08.970+0700][gc,heap     ] GC(47) Humongous regions: 147->147
[2024-05-09T11:16:08.970+0700][gc,metaspace] GC(47) Metaspace: 45838K(46464K)->45838K(46464K) NonClass: 40645K(40960K)->40645K(40960K) Class: 5192K(5504K)->5192K(5504K)
[2024-05-09T11:16:08.970+0700][gc          ] GC(47) Pause Young (Normal) (G1 Evacuation Pause) 309M->267M(1024M) 18.285ms
[2024-05-09T11:16:08.970+0700][gc,cpu      ] GC(47) User=0.09s Sys=0.07s Real=0.02s
[2024-05-09T11:25:31.156+0700][gc,start    ] GC(48) Pause Young (Normal) (G1 Evacuation Pause)
[2024-05-09T11:25:31.163+0700][gc,task     ] GC(48) Using 10 workers of 10 for evacuation
[2024-05-09T11:25:31.193+0700][gc,mmu      ] GC(48) MMU target violated: 21.0ms (20.0ms/21.0ms)
[2024-05-09T11:25:31.193+0700][gc,phases   ] GC(48)   Pre Evacuate Collection Set: 0.3ms
[2024-05-09T11:25:31.193+0700][gc,phases   ] GC(48)   Merge Heap Roots: 0.2ms
[2024-05-09T11:25:31.193+0700][gc,phases   ] GC(48)   Evacuate Collection Set: 28.0ms
[2024-05-09T11:25:31.193+0700][gc,phases   ] GC(48)   Post Evacuate Collection Set: 0.7ms
[2024-05-09T11:25:31.193+0700][gc,phases   ] GC(48)   Other: 7.5ms
[2024-05-09T11:25:31.193+0700][gc,heap     ] GC(48) Eden regions: 158->0(42)
[2024-05-09T11:25:31.193+0700][gc,heap     ] GC(48) Survivor regions: 2->9(20)
[2024-05-09T11:25:31.193+0700][gc,heap     ] GC(48) Old regions: 118->118
[2024-05-09T11:25:31.193+0700][gc,heap     ] GC(48) Archive regions: 2->2
[2024-05-09T11:25:31.193+0700][gc,heap     ] GC(48) Humongous regions: 147->147
[2024-05-09T11:25:31.193+0700][gc,metaspace] GC(48) Metaspace: 45850K(46464K)->45850K(46464K) NonClass: 40657K(40960K)->40657K(40960K) Class: 5192K(5504K)->5192K(5504K)
[2024-05-09T11:25:31.193+0700][gc          ] GC(48) Pause Young (Normal) (G1 Evacuation Pause) 425M->274M(1024M) 36.690ms
[2024-05-09T11:25:31.193+0700][gc,cpu      ] GC(48) User=0.10s Sys=0.17s Real=0.03s
[2024-05-09T11:27:58.124+0700][gc,start    ] GC(49) Pause Young (Normal) (G1 Evacuation Pause)
[2024-05-09T11:27:58.124+0700][gc,task     ] GC(49) Using 10 workers of 10 for evacuation
[2024-05-09T11:27:58.148+0700][gc,mmu      ] GC(49) MMU target violated: 21.0ms (20.0ms/21.0ms)
[2024-05-09T11:27:58.148+0700][gc,phases   ] GC(49)   Pre Evacuate Collection Set: 0.3ms
[2024-05-09T11:27:58.148+0700][gc,phases   ] GC(49)   Merge Heap Roots: 0.1ms
[2024-05-09T11:27:58.148+0700][gc,phases   ] GC(49)   Evacuate Collection Set: 22.3ms
[2024-05-09T11:27:58.148+0700][gc,phases   ] GC(49)   Post Evacuate Collection Set: 1.1ms
[2024-05-09T11:27:58.148+0700][gc,phases   ] GC(49)   Other: 0.3ms
[2024-05-09T11:27:58.148+0700][gc,heap     ] GC(49) Eden regions: 42->0(96)
[2024-05-09T11:27:58.148+0700][gc,heap     ] GC(49) Survivor regions: 9->4(7)
[2024-05-09T11:27:58.148+0700][gc,heap     ] GC(49) Old regions: 118->125
[2024-05-09T11:27:58.148+0700][gc,heap     ] GC(49) Archive regions: 2->2
[2024-05-09T11:27:58.148+0700][gc,heap     ] GC(49) Humongous regions: 147->147
[2024-05-09T11:27:58.148+0700][gc,metaspace] GC(49) Metaspace: 45850K(46464K)->45850K(46464K) NonClass: 40657K(40960K)->40657K(40960K) Class: 5192K(5504K)->5192K(5504K)
[2024-05-09T11:27:58.148+0700][gc          ] GC(49) Pause Young (Normal) (G1 Evacuation Pause) 316M->275M(1024M) 24.194ms
[2024-05-09T11:27:58.148+0700][gc,cpu      ] GC(49) User=0.03s Sys=0.20s Real=0.02s
[2024-05-09T11:33:39.251+0700][gc,start    ] GC(50) Pause Young (Normal) (G1 Evacuation Pause)
[2024-05-09T11:33:39.258+0700][gc,task     ] GC(50) Using 10 workers of 10 for evacuation
[2024-05-09T11:33:39.264+0700][gc,phases   ] GC(50)   Pre Evacuate Collection Set: 0.3ms
[2024-05-09T11:33:39.264+0700][gc,phases   ] GC(50)   Merge Heap Roots: 0.1ms
[2024-05-09T11:33:39.264+0700][gc,phases   ] GC(50)   Evacuate Collection Set: 4.6ms
[2024-05-09T11:33:39.264+0700][gc,phases   ] GC(50)   Post Evacuate Collection Set: 0.7ms
[2024-05-09T11:33:39.264+0700][gc,phases   ] GC(50)   Other: 6.7ms
[2024-05-09T11:33:39.264+0700][gc,heap     ] GC(50) Eden regions: 96->0(78)
[2024-05-09T11:33:39.264+0700][gc,heap     ] GC(50) Survivor regions: 4->7(13)
[2024-05-09T11:33:39.264+0700][gc,heap     ] GC(50) Old regions: 125->125
[2024-05-09T11:33:39.264+0700][gc,heap     ] GC(50) Archive regions: 2->2
[2024-05-09T11:33:39.264+0700][gc,heap     ] GC(50) Humongous regions: 147->147
[2024-05-09T11:33:39.264+0700][gc,metaspace] GC(50) Metaspace: 45850K(46464K)->45850K(46464K) NonClass: 40657K(40960K)->40657K(40960K) Class: 5192K(5504K)->5192K(5504K)
[2024-05-09T11:33:39.264+0700][gc          ] GC(50) Pause Young (Normal) (G1 Evacuation Pause) 371M->278M(1024M) 12.557ms
[2024-05-09T11:33:39.264+0700][gc,cpu      ] GC(50) User=0.04s Sys=0.01s Real=0.02s
[2024-05-09T11:38:15.073+0700][gc,start    ] GC(51) Pause Young (Normal) (G1 Evacuation Pause)
[2024-05-09T11:38:15.073+0700][gc,task     ] GC(51) Using 10 workers of 10 for evacuation
[2024-05-09T11:38:15.086+0700][gc,phases   ] GC(51)   Pre Evacuate Collection Set: 0.4ms
[2024-05-09T11:38:15.086+0700][gc,phases   ] GC(51)   Merge Heap Roots: 0.2ms
[2024-05-09T11:38:15.086+0700][gc,phases   ] GC(51)   Evacuate Collection Set: 10.9ms
[2024-05-09T11:38:15.086+0700][gc,phases   ] GC(51)   Post Evacuate Collection Set: 0.8ms
[2024-05-09T11:38:15.086+0700][gc,phases   ] GC(51)   Other: 0.2ms
[2024-05-09T11:38:15.086+0700][gc,heap     ] GC(51) Eden regions: 78->0(41)
[2024-05-09T11:38:15.086+0700][gc,heap     ] GC(51) Survivor regions: 7->10(11)
[2024-05-09T11:38:15.086+0700][gc,heap     ] GC(51) Old regions: 125->127
[2024-05-09T11:38:15.086+0700][gc,heap     ] GC(51) Archive regions: 2->2
[2024-05-09T11:38:15.086+0700][gc,heap     ] GC(51) Humongous regions: 147->147
[2024-05-09T11:38:15.086+0700][gc,metaspace] GC(51) Metaspace: 45850K(46464K)->45850K(46464K) NonClass: 40657K(40960K)->40657K(40960K) Class: 5192K(5504K)->5192K(5504K)
[2024-05-09T11:38:15.086+0700][gc          ] GC(51) Pause Young (Normal) (G1 Evacuation Pause) 356M->283M(1024M) 12.505ms
[2024-05-09T11:38:15.086+0700][gc,cpu      ] GC(51) User=0.11s Sys=0.00s Real=0.02s
[2024-05-09T11:40:39.289+0700][gc,start    ] GC(52) Pause Young (Normal) (G1 Evacuation Pause)
[2024-05-09T11:40:39.289+0700][gc,task     ] GC(52) Using 10 workers of 10 for evacuation
[2024-05-09T11:40:39.312+0700][gc,mmu      ] GC(52) MMU target violated: 21.0ms (20.0ms/21.0ms)
[2024-05-09T11:40:39.312+0700][gc,phases   ] GC(52)   Pre Evacuate Collection Set: 0.2ms
[2024-05-09T11:40:39.312+0700][gc,phases   ] GC(52)   Merge Heap Roots: 0.1ms
[2024-05-09T11:40:39.312+0700][gc,phases   ] GC(52)   Evacuate Collection Set: 21.9ms
[2024-05-09T11:40:39.312+0700][gc,phases   ] GC(52)   Post Evacuate Collection Set: 0.7ms
[2024-05-09T11:40:39.312+0700][gc,phases   ] GC(52)   Other: 0.7ms
[2024-05-09T11:40:39.312+0700][gc,heap     ] GC(52) Eden regions: 41->0(91)
[2024-05-09T11:40:39.312+0700][gc,heap     ] GC(52) Survivor regions: 10->5(7)
[2024-05-09T11:40:39.312+0700][gc,heap     ] GC(52) Old regions: 127->133
[2024-05-09T11:40:39.312+0700][gc,heap     ] GC(52) Archive regions: 2->2
[2024-05-09T11:40:39.312+0700][gc,heap     ] GC(52) Humongous regions: 147->147
[2024-05-09T11:40:39.312+0700][gc,metaspace] GC(52) Metaspace: 45850K(46464K)->45850K(46464K) NonClass: 40658K(40960K)->40658K(40960K) Class: 5192K(5504K)->5192K(5504K)
[2024-05-09T11:40:39.312+0700][gc          ] GC(52) Pause Young (Normal) (G1 Evacuation Pause) 324M->285M(1024M) 23.543ms
[2024-05-09T11:40:39.312+0700][gc,cpu      ] GC(52) User=0.13s Sys=0.09s Real=0.02s
[2024-05-09T11:46:01.897+0700][gc,start    ] GC(53) Pause Young (Normal) (G1 Evacuation Pause)
[2024-05-09T11:46:01.897+0700][gc,task     ] GC(53) Using 10 workers of 10 for evacuation
[2024-05-09T11:46:01.905+0700][gc,phases   ] GC(53)   Pre Evacuate Collection Set: 0.3ms
[2024-05-09T11:46:01.905+0700][gc,phases   ] GC(53)   Merge Heap Roots: 0.1ms
[2024-05-09T11:46:01.905+0700][gc,phases   ] GC(53)   Evacuate Collection Set: 5.5ms
[2024-05-09T11:46:01.905+0700][gc,phases   ] GC(53)   Post Evacuate Collection Set: 1.2ms
[2024-05-09T11:46:01.905+0700][gc,phases   ] GC(53)   Other: 0.2ms
[2024-05-09T11:46:01.905+0700][gc,heap     ] GC(53) Eden regions: 91->0(84)
[2024-05-09T11:46:01.905+0700][gc,heap     ] GC(53) Survivor regions: 5->8(12)
[2024-05-09T11:46:01.905+0700][gc,heap     ] GC(53) Old regions: 133->133
[2024-05-09T11:46:01.905+0700][gc,heap     ] GC(53) Archive regions: 2->2
[2024-05-09T11:46:01.905+0700][gc,heap     ] GC(53) Humongous regions: 147->147
[2024-05-09T11:46:01.905+0700][gc,metaspace] GC(53) Metaspace: 45852K(46528K)->45852K(46528K) NonClass: 40660K(41024K)->40660K(41024K) Class: 5192K(5504K)->5192K(5504K)
[2024-05-09T11:46:01.905+0700][gc          ] GC(53) Pause Young (Normal) (G1 Evacuation Pause) 376M->288M(1024M) 7.744ms
[2024-05-09T11:46:01.905+0700][gc,cpu      ] GC(53) User=0.03s Sys=0.03s Real=0.01s
[2024-05-09T11:47:28.508+0700][gc,heap,exit] Heap
[2024-05-09T11:47:28.508+0700][gc,heap,exit]  garbage-first heap   total 1048576K, used 340747K [0x00000000c0000000, 0x0000000100000000)
[2024-05-09T11:47:28.508+0700][gc,heap,exit]   region size 1024K, 53 young (54272K), 8 survivors (8192K)
[2024-05-09T11:47:28.508+0700][gc,heap,exit]  Metaspace       used 47172K, committed 47808K, reserved 1114112K
[2024-05-09T11:47:28.508+0700][gc,heap,exit]   class space    used 5468K, committed 5760K, reserved 1048576K
