[2024-05-09T09:07:47.400+0700][gc] Using G1
[2024-05-09T09:07:47.404+0700][gc,init] Version: 17.0.10+7-Ubuntu-122.04.1 (release)
[2024-05-09T09:07:47.404+0700][gc,init] CPUs: 12 total, 12 available
[2024-05-09T09:07:47.404+0700][gc,init] Memory: 3845M
[2024-05-09T09:07:47.404+0700][gc,init] Large Page Support: Disabled
[2024-05-09T09:07:47.404+0700][gc,init] NUMA Support: Disabled
[2024-05-09T09:07:47.404+0700][gc,init] Compressed Oops: Enabled (32-bit)
[2024-05-09T09:07:47.404+0700][gc,init] Heap Region Size: 1M
[2024-05-09T09:07:47.404+0700][gc,init] Heap Min Capacity: 1G
[2024-05-09T09:07:47.404+0700][gc,init] Heap Initial Capacity: 1G
[2024-05-09T09:07:47.404+0700][gc,init] Heap Max Capacity: 1G
[2024-05-09T09:07:47.404+0700][gc,init] Pre-touch: Disabled
[2024-05-09T09:07:47.404+0700][gc,init] Parallel Workers: 10
[2024-05-09T09:07:47.404+0700][gc,init] Concurrent Workers: 3
[2024-05-09T09:07:47.404+0700][gc,init] Concurrent Refinement Workers: 10
[2024-05-09T09:07:47.404+0700][gc,init] Periodic GC: Disabled
[2024-05-09T09:07:47.408+0700][gc,metaspace] CDS archive(s) mapped at: [0x00007f2963000000-0x00007f2963bc7000-0x00007f2963bc7000), size 12349440, SharedBaseAddress: 0x00007f2963000000, ArchiveRelocationMode: 1.
[2024-05-09T09:07:47.408+0700][gc,metaspace] Compressed class space mapped at: 0x00007f2964000000-0x00007f29a4000000, reserved size: 1073741824
[2024-05-09T09:07:47.408+0700][gc,metaspace] Narrow klass base: 0x00007f2963000000, Narrow klass shift: 0, Narrow klass range: 0x100000000
[2024-05-09T09:07:48.154+0700][gc,heap,exit] Heap
[2024-05-09T09:07:48.154+0700][gc,heap,exit]  garbage-first heap   total 1048576K, used 37810K [0x00000000c0000000, 0x0000000100000000)
[2024-05-09T09:07:48.154+0700][gc,heap,exit]   region size 1024K, 37 young (37888K), 0 survivors (0K)
[2024-05-09T09:07:48.154+0700][gc,heap,exit]  Metaspace       used 13668K, committed 13888K, reserved 1114112K
[2024-05-09T09:07:48.154+0700][gc,heap,exit]   class space    used 1681K, committed 1792K, reserved 1048576K
