[2024-05-09T05:16:01.151+0700][gc] Using G1
[2024-05-09T05:16:01.157+0700][gc,init] Version: 17.0.10+7-Ubuntu-122.04.1 (release)
[2024-05-09T05:16:01.157+0700][gc,init] CPUs: 12 total, 12 available
[2024-05-09T05:16:01.157+0700][gc,init] Memory: 3845M
[2024-05-09T05:16:01.157+0700][gc,init] Large Page Support: Disabled
[2024-05-09T05:16:01.157+0700][gc,init] NUMA Support: Disabled
[2024-05-09T05:16:01.157+0700][gc,init] Compressed Oops: Enabled (32-bit)
[2024-05-09T05:16:01.157+0700][gc,init] Heap Region Size: 1M
[2024-05-09T05:16:01.157+0700][gc,init] Heap Min Capacity: 1G
[2024-05-09T05:16:01.157+0700][gc,init] Heap Initial Capacity: 1G
[2024-05-09T05:16:01.157+0700][gc,init] Heap Max Capacity: 1G
[2024-05-09T05:16:01.157+0700][gc,init] Pre-touch: Disabled
[2024-05-09T05:16:01.157+0700][gc,init] Parallel Workers: 10
[2024-05-09T05:16:01.157+0700][gc,init] Concurrent Workers: 3
[2024-05-09T05:16:01.157+0700][gc,init] Concurrent Refinement Workers: 10
[2024-05-09T05:16:01.157+0700][gc,init] Periodic GC: Disabled
[2024-05-09T05:16:01.162+0700][gc,metaspace] CDS archive(s) mapped at: [0x00007f6ddf000000-0x00007f6ddfbc7000-0x00007f6ddfbc7000), size 12349440, SharedBaseAddress: 0x00007f6ddf000000, ArchiveRelocationMode: 1.
[2024-05-09T05:16:01.162+0700][gc,metaspace] Compressed class space mapped at: 0x00007f6de0000000-0x00007f6e20000000, reserved size: 1073741824
[2024-05-09T05:16:01.162+0700][gc,metaspace] Narrow klass base: 0x00007f6ddf000000, Narrow klass shift: 0, Narrow klass range: 0x100000000
[2024-05-09T05:16:01.834+0700][gc,start    ] GC(0) Pause Young (Normal) (G1 Evacuation Pause)
[2024-05-09T05:16:01.835+0700][gc,task     ] GC(0) Using 10 workers of 10 for evacuation
[2024-05-09T05:16:01.855+0700][gc,phases   ] GC(0)   Pre Evacuate Collection Set: 0.1ms
[2024-05-09T05:16:01.855+0700][gc,phases   ] GC(0)   Merge Heap Roots: 0.1ms
[2024-05-09T05:16:01.855+0700][gc,phases   ] GC(0)   Evacuate Collection Set: 18.9ms
[2024-05-09T05:16:01.855+0700][gc,phases   ] GC(0)   Post Evacuate Collection Set: 0.8ms
[2024-05-09T05:16:01.855+0700][gc,phases   ] GC(0)   Other: 1.3ms
[2024-05-09T05:16:01.855+0700][gc,heap     ] GC(0) Eden regions: 51->0(44)
[2024-05-09T05:16:01.855+0700][gc,heap     ] GC(0) Survivor regions: 0->7(7)
[2024-05-09T05:16:01.855+0700][gc,heap     ] GC(0) Old regions: 0->2
[2024-05-09T05:16:01.855+0700][gc,heap     ] GC(0) Archive regions: 2->2
[2024-05-09T05:16:01.855+0700][gc,heap     ] GC(0) Humongous regions: 0->0
[2024-05-09T05:16:01.855+0700][gc,metaspace] GC(0) Metaspace: 18756K(19008K)->18756K(19008K) NonClass: 16704K(16832K)->16704K(16832K) Class: 2052K(2176K)->2052K(2176K)
[2024-05-09T05:16:01.855+0700][gc          ] GC(0) Pause Young (Normal) (G1 Evacuation Pause) 51M->9M(1024M) 21.223ms
[2024-05-09T05:16:01.855+0700][gc,cpu      ] GC(0) User=0.18s Sys=0.00s Real=0.00s
[2024-05-09T05:16:03.138+0700][gc,start    ] GC(1) Pause Young (Concurrent Start) (Metadata GC Threshold)
[2024-05-09T05:16:03.138+0700][gc,task     ] GC(1) Using 10 workers of 10 for evacuation
[2024-05-09T05:16:03.157+0700][gc,phases   ] GC(1)   Pre Evacuate Collection Set: 0.3ms
[2024-05-09T05:16:03.157+0700][gc,phases   ] GC(1)   Merge Heap Roots: 0.1ms
[2024-05-09T05:16:03.157+0700][gc,phases   ] GC(1)   Evacuate Collection Set: 18.3ms
[2024-05-09T05:16:03.157+0700][gc,phases   ] GC(1)   Post Evacuate Collection Set: 0.6ms
[2024-05-09T05:16:03.157+0700][gc,phases   ] GC(1)   Other: 0.4ms
[2024-05-09T05:16:03.157+0700][gc,heap     ] GC(1) Eden regions: 10->0(49)
[2024-05-09T05:16:03.157+0700][gc,heap     ] GC(1) Survivor regions: 7->2(7)
[2024-05-09T05:16:03.157+0700][gc,heap     ] GC(1) Old regions: 2->9
[2024-05-09T05:16:03.157+0700][gc,heap     ] GC(1) Archive regions: 2->2
[2024-05-09T05:16:03.157+0700][gc,heap     ] GC(1) Humongous regions: 0->0
[2024-05-09T05:16:03.157+0700][gc,metaspace] GC(1) Metaspace: 21313K(21504K)->21313K(21504K) NonClass: 18919K(19008K)->18919K(19008K) Class: 2394K(2496K)->2394K(2496K)
[2024-05-09T05:16:03.157+0700][gc          ] GC(1) Pause Young (Concurrent Start) (Metadata GC Threshold) 18M->10M(1024M) 19.803ms
[2024-05-09T05:16:03.157+0700][gc,cpu      ] GC(1) User=0.18s Sys=0.00s Real=0.00s
[2024-05-09T05:16:03.158+0700][gc          ] GC(2) Concurrent Mark Cycle
[2024-05-09T05:16:03.158+0700][gc,marking  ] GC(2) Concurrent Clear Claimed Marks
[2024-05-09T05:16:03.158+0700][gc,marking  ] GC(2) Concurrent Clear Claimed Marks 0.029ms
[2024-05-09T05:16:03.158+0700][gc,marking  ] GC(2) Concurrent Scan Root Regions
[2024-05-09T05:16:03.160+0700][gc,marking  ] GC(2) Concurrent Scan Root Regions 2.327ms
[2024-05-09T05:16:03.160+0700][gc,marking  ] GC(2) Concurrent Mark
[2024-05-09T05:16:03.160+0700][gc,marking  ] GC(2) Concurrent Mark From Roots
[2024-05-09T05:16:03.160+0700][gc,task     ] GC(2) Using 3 workers of 3 for marking
[2024-05-09T05:16:03.161+0700][gc,marking  ] GC(2) Concurrent Mark From Roots 0.957ms
[2024-05-09T05:16:03.161+0700][gc,marking  ] GC(2) Concurrent Preclean
[2024-05-09T05:16:03.161+0700][gc,marking  ] GC(2) Concurrent Preclean 0.045ms
[2024-05-09T05:16:03.923+0700][gc,start    ] GC(2) Pause Remark
[2024-05-09T05:16:03.925+0700][gc          ] GC(2) Pause Remark 10M->10M(1024M) 1.718ms
[2024-05-09T05:16:03.925+0700][gc,cpu      ] GC(2) User=0.01s Sys=0.00s Real=0.00s
[2024-05-09T05:16:03.925+0700][gc,marking  ] GC(2) Concurrent Mark 765.088ms
[2024-05-09T05:16:03.925+0700][gc,marking  ] GC(2) Concurrent Rebuild Remembered Sets
[2024-05-09T05:16:03.926+0700][gc,marking  ] GC(2) Concurrent Rebuild Remembered Sets 1.132ms
[2024-05-09T05:16:04.938+0700][gc,start    ] GC(2) Pause Cleanup
[2024-05-09T05:16:04.938+0700][gc          ] GC(2) Pause Cleanup 10M->10M(1024M) 0.258ms
[2024-05-09T05:16:04.938+0700][gc,cpu      ] GC(2) User=0.01s Sys=0.00s Real=0.00s
[2024-05-09T05:16:04.938+0700][gc,marking  ] GC(2) Concurrent Cleanup for Next Mark
[2024-05-09T05:16:04.943+0700][gc,marking  ] GC(2) Concurrent Cleanup for Next Mark 5.213ms
[2024-05-09T05:16:04.943+0700][gc          ] GC(2) Concurrent Mark Cycle 1785.817ms
[2024-05-09T05:16:05.678+0700][gc,start    ] GC(3) Pause Young (Normal) (G1 Evacuation Pause)
[2024-05-09T05:16:05.678+0700][gc,task     ] GC(3) Using 10 workers of 10 for evacuation
[2024-05-09T05:16:05.681+0700][gc,phases   ] GC(3)   Pre Evacuate Collection Set: 0.2ms
[2024-05-09T05:16:05.681+0700][gc,phases   ] GC(3)   Merge Heap Roots: 0.1ms
[2024-05-09T05:16:05.681+0700][gc,phases   ] GC(3)   Evacuate Collection Set: 2.3ms
[2024-05-09T05:16:05.681+0700][gc,phases   ] GC(3)   Post Evacuate Collection Set: 0.5ms
[2024-05-09T05:16:05.681+0700][gc,phases   ] GC(3)   Other: 0.1ms
[2024-05-09T05:16:05.681+0700][gc,heap     ] GC(3) Eden regions: 49->0(47)
[2024-05-09T05:16:05.681+0700][gc,heap     ] GC(3) Survivor regions: 2->4(7)
[2024-05-09T05:16:05.681+0700][gc,heap     ] GC(3) Old regions: 9->9
[2024-05-09T05:16:05.681+0700][gc,heap     ] GC(3) Archive regions: 2->2
[2024-05-09T05:16:05.681+0700][gc,heap     ] GC(3) Humongous regions: 9->9
[2024-05-09T05:16:05.681+0700][gc,metaspace] GC(3) Metaspace: 32068K(32384K)->32068K(32384K) NonClass: 28427K(28608K)->28427K(28608K) Class: 3641K(3776K)->3641K(3776K)
[2024-05-09T05:16:05.681+0700][gc          ] GC(3) Pause Young (Normal) (G1 Evacuation Pause) 68M->21M(1024M) 3.321ms
[2024-05-09T05:16:05.681+0700][gc,cpu      ] GC(3) User=0.02s Sys=0.00s Real=0.00s
[2024-05-09T05:16:05.836+0700][gc,start    ] GC(4) Pause Young (Concurrent Start) (Metadata GC Threshold)
[2024-05-09T05:16:05.836+0700][gc,task     ] GC(4) Using 10 workers of 10 for evacuation
[2024-05-09T05:16:05.840+0700][gc,phases   ] GC(4)   Pre Evacuate Collection Set: 0.2ms
[2024-05-09T05:16:05.841+0700][gc,phases   ] GC(4)   Merge Heap Roots: 0.1ms
[2024-05-09T05:16:05.841+0700][gc,phases   ] GC(4)   Evacuate Collection Set: 3.8ms
[2024-05-09T05:16:05.841+0700][gc,phases   ] GC(4)   Post Evacuate Collection Set: 0.5ms
[2024-05-09T05:16:05.841+0700][gc,phases   ] GC(4)   Other: 0.2ms
[2024-05-09T05:16:05.841+0700][gc,heap     ] GC(4) Eden regions: 22->0(44)
[2024-05-09T05:16:05.841+0700][gc,heap     ] GC(4) Survivor regions: 4->7(7)
[2024-05-09T05:16:05.841+0700][gc,heap     ] GC(4) Old regions: 9->9
[2024-05-09T05:16:05.841+0700][gc,heap     ] GC(4) Archive regions: 2->2
[2024-05-09T05:16:05.841+0700][gc,heap     ] GC(4) Humongous regions: 9->9
[2024-05-09T05:16:05.841+0700][gc,metaspace] GC(4) Metaspace: 35687K(35968K)->35687K(35968K) NonClass: 31667K(31808K)->31667K(31808K) Class: 4020K(4160K)->4020K(4160K)
[2024-05-09T05:16:05.841+0700][gc          ] GC(4) Pause Young (Concurrent Start) (Metadata GC Threshold) 43M->25M(1024M) 4.906ms
[2024-05-09T05:16:05.841+0700][gc,cpu      ] GC(4) User=0.03s Sys=0.00s Real=0.00s
[2024-05-09T05:16:05.841+0700][gc          ] GC(5) Concurrent Mark Cycle
[2024-05-09T05:16:05.841+0700][gc,marking  ] GC(5) Concurrent Clear Claimed Marks
[2024-05-09T05:16:05.841+0700][gc,marking  ] GC(5) Concurrent Clear Claimed Marks 0.014ms
[2024-05-09T05:16:05.841+0700][gc,marking  ] GC(5) Concurrent Scan Root Regions
[2024-05-09T05:16:05.843+0700][gc,marking  ] GC(5) Concurrent Scan Root Regions 1.853ms
[2024-05-09T05:16:05.843+0700][gc,marking  ] GC(5) Concurrent Mark
[2024-05-09T05:16:05.843+0700][gc,marking  ] GC(5) Concurrent Mark From Roots
[2024-05-09T05:16:05.843+0700][gc,task     ] GC(5) Using 3 workers of 3 for marking
[2024-05-09T05:16:05.845+0700][gc,marking  ] GC(5) Concurrent Mark From Roots 2.768ms
[2024-05-09T05:16:05.845+0700][gc,marking  ] GC(5) Concurrent Preclean
[2024-05-09T05:16:05.845+0700][gc,marking  ] GC(5) Concurrent Preclean 0.074ms
[2024-05-09T05:16:07.678+0700][gc,start    ] GC(5) Pause Remark
[2024-05-09T05:16:07.679+0700][gc          ] GC(5) Pause Remark 25M->25M(1024M) 1.603ms
[2024-05-09T05:16:07.679+0700][gc,cpu      ] GC(5) User=0.01s Sys=0.00s Real=0.00s
[2024-05-09T05:16:07.680+0700][gc,marking  ] GC(5) Concurrent Mark 1836.999ms
[2024-05-09T05:16:07.680+0700][gc,marking  ] GC(5) Concurrent Rebuild Remembered Sets
[2024-05-09T05:16:07.682+0700][gc,marking  ] GC(5) Concurrent Rebuild Remembered Sets 2.101ms
[2024-05-09T05:16:09.678+0700][gc,start    ] GC(5) Pause Cleanup
[2024-05-09T05:16:09.678+0700][gc          ] GC(5) Pause Cleanup 37M->37M(1024M) 0.470ms
[2024-05-09T05:16:09.678+0700][gc,cpu      ] GC(5) User=0.00s Sys=0.00s Real=0.00s
[2024-05-09T05:16:09.679+0700][gc,marking  ] GC(5) Concurrent Cleanup for Next Mark
[2024-05-09T05:16:09.688+0700][gc,marking  ] GC(5) Concurrent Cleanup for Next Mark 8.591ms
[2024-05-09T05:16:09.688+0700][gc          ] GC(5) Concurrent Mark Cycle 3846.925ms
[2024-05-09T05:25:01.451+0700][gc,heap,exit] Heap
[2024-05-09T05:25:01.451+0700][gc,heap,exit]  garbage-first heap   total 1048576K, used 207937K [0x00000000c0000000, 0x0000000100000000)
[2024-05-09T05:25:01.451+0700][gc,heap,exit]   region size 1024K, 47 young (48128K), 7 survivors (7168K)
[2024-05-09T05:25:01.451+0700][gc,heap,exit]  Metaspace       used 40193K, committed 40576K, reserved 1114112K
[2024-05-09T05:25:01.451+0700][gc,heap,exit]   class space    used 4559K, committed 4736K, reserved 1048576K
