[2024-05-09T06:04:34.705+0000][gc,heap] Heap region size: 1M
[2024-05-09T06:04:34.718+0000][gc     ] Using G1
[2024-05-09T06:04:34.718+0000][gc,heap,coops] Heap address: 0x0000000740000000, size: 3072 MB, Compressed Oops mode: Zero based, Oop shift amount: 3
[2024-05-09T06:04:36.447+0000][gc,start     ] GC(0) Pause Young (Concurrent Start) (Metadata GC Threshold)
[2024-05-09T06:04:36.448+0000][gc,task      ] GC(0) Using 13 workers of 13 for evacuation
[2024-05-09T06:04:36.482+0000][gc,phases    ] GC(0)   Pre Evacuate Collection Set: 0.1ms
[2024-05-09T06:04:36.482+0000][gc,phases    ] GC(0)   Evacuate Collection Set: 32.3ms
[2024-05-09T06:04:36.482+0000][gc,phases    ] GC(0)   Post Evacuate Collection Set: 1.0ms
[2024-05-09T06:04:36.482+0000][gc,phases    ] GC(0)   Other: 1.7ms
[2024-05-09T06:04:36.482+0000][gc,heap      ] GC(0) Eden regions: 146->0(462)
[2024-05-09T06:04:36.482+0000][gc,heap      ] GC(0) Survivor regions: 0->41(63)
[2024-05-09T06:04:36.482+0000][gc,heap      ] GC(0) Old regions: 0->0
[2024-05-09T06:04:36.482+0000][gc,heap      ] GC(0) Humongous regions: 6->4
[2024-05-09T06:04:36.482+0000][gc,metaspace ] GC(0) Metaspace: 20607K(21296K)->20607K(21296K) NonClass: 18373K(18864K)->18373K(18864K) Class: 2233K(2432K)->2233K(2432K)
[2024-05-09T06:04:36.482+0000][gc           ] GC(0) Pause Young (Concurrent Start) (Metadata GC Threshold) 151M->44M(1006M) 35.153ms
[2024-05-09T06:04:36.482+0000][gc,cpu       ] GC(0) User=0.10s Sys=0.02s Real=0.04s
[2024-05-09T06:04:36.482+0000][gc           ] GC(1) Concurrent Cycle
[2024-05-09T06:04:36.482+0000][gc,marking   ] GC(1) Concurrent Clear Claimed Marks
[2024-05-09T06:04:36.482+0000][gc,marking   ] GC(1) Concurrent Clear Claimed Marks 0.033ms
[2024-05-09T06:04:36.482+0000][gc,marking   ] GC(1) Concurrent Scan Root Regions
[2024-05-09T06:04:36.487+0000][gc,marking   ] GC(1) Concurrent Scan Root Regions 5.078ms
[2024-05-09T06:04:36.487+0000][gc,marking   ] GC(1) Concurrent Mark (1.786s)
[2024-05-09T06:04:36.487+0000][gc,marking   ] GC(1) Concurrent Mark From Roots
[2024-05-09T06:04:36.487+0000][gc,task      ] GC(1) Using 3 workers of 3 for marking
[2024-05-09T06:04:36.490+0000][gc,marking   ] GC(1) Concurrent Mark From Roots 2.110ms
[2024-05-09T06:04:36.490+0000][gc,marking   ] GC(1) Concurrent Preclean
[2024-05-09T06:04:36.490+0000][gc,marking   ] GC(1) Concurrent Preclean 0.114ms
[2024-05-09T06:04:36.490+0000][gc,marking   ] GC(1) Concurrent Mark (1.786s, 1.788s) 2.284ms
[2024-05-09T06:04:36.490+0000][gc,start     ] GC(1) Pause Remark
[2024-05-09T06:04:36.499+0000][gc,stringtable] GC(1) Cleaned string and symbol table, strings: 10863 processed, 0 removed, symbols: 68219 processed, 30 removed
[2024-05-09T06:04:36.500+0000][gc            ] GC(1) Pause Remark 53M->52M(1006M) 9.519ms
[2024-05-09T06:04:36.500+0000][gc,cpu        ] GC(1) User=0.04s Sys=0.01s Real=0.01s
[2024-05-09T06:04:36.500+0000][gc,marking    ] GC(1) Concurrent Rebuild Remembered Sets
[2024-05-09T06:04:36.501+0000][gc,marking    ] GC(1) Concurrent Rebuild Remembered Sets 0.799ms
[2024-05-09T06:04:36.504+0000][gc,start      ] GC(1) Pause Cleanup
[2024-05-09T06:04:36.504+0000][gc            ] GC(1) Pause Cleanup 53M->53M(1006M) 0.297ms
[2024-05-09T06:04:36.504+0000][gc,cpu        ] GC(1) User=0.01s Sys=0.00s Real=0.00s
[2024-05-09T06:04:36.504+0000][gc,marking    ] GC(1) Concurrent Cleanup for Next Mark
[2024-05-09T06:04:36.509+0000][gc,marking    ] GC(1) Concurrent Cleanup for Next Mark 4.671ms
[2024-05-09T06:04:36.509+0000][gc            ] GC(1) Concurrent Cycle 26.655ms
[2024-05-09T06:04:37.024+0000][gc,start      ] GC(2) Pause Young (Normal) (GCLocker Initiated GC)
[2024-05-09T06:04:37.024+0000][gc,task       ] GC(2) Using 13 workers of 13 for evacuation
[2024-05-09T06:04:37.118+0000][gc,phases     ] GC(2)   Pre Evacuate Collection Set: 0.0ms
[2024-05-09T06:04:37.118+0000][gc,phases     ] GC(2)   Evacuate Collection Set: 92.8ms
[2024-05-09T06:04:37.118+0000][gc,phases     ] GC(2)   Post Evacuate Collection Set: 0.7ms
[2024-05-09T06:04:37.118+0000][gc,phases     ] GC(2)   Other: 0.3ms
[2024-05-09T06:04:37.118+0000][gc,heap       ] GC(2) Eden regions: 463->0(485)
[2024-05-09T06:04:37.118+0000][gc,heap       ] GC(2) Survivor regions: 41->18(63)
[2024-05-09T06:04:37.118+0000][gc,heap       ] GC(2) Old regions: 0->38
[2024-05-09T06:04:37.118+0000][gc,heap       ] GC(2) Humongous regions: 3->3
[2024-05-09T06:04:37.118+0000][gc,metaspace  ] GC(2) Metaspace: 20898K(21680K)->20898K(21680K) NonClass: 18639K(19120K)->18639K(19120K) Class: 2259K(2560K)->2259K(2560K)
[2024-05-09T06:04:37.118+0000][gc            ] GC(2) Pause Young (Normal) (GCLocker Initiated GC) 505M->58M(1006M) 93.988ms
[2024-05-09T06:04:37.118+0000][gc,cpu        ] GC(2) User=0.25s Sys=0.05s Real=0.10s
[2024-05-09T06:04:37.413+0000][gc,start      ] GC(3) Pause Young (Normal) (GCLocker Initiated GC)
[2024-05-09T06:04:37.413+0000][gc,task       ] GC(3) Using 13 workers of 13 for evacuation
[2024-05-09T06:04:37.423+0000][gc,phases     ] GC(3)   Pre Evacuate Collection Set: 0.0ms
[2024-05-09T06:04:37.423+0000][gc,phases     ] GC(3)   Evacuate Collection Set: 9.6ms
[2024-05-09T06:04:37.423+0000][gc,phases     ] GC(3)   Post Evacuate Collection Set: 0.5ms
[2024-05-09T06:04:37.423+0000][gc,phases     ] GC(3)   Other: 0.2ms
[2024-05-09T06:04:37.423+0000][gc,heap       ] GC(3) Eden regions: 486->0(473)
[2024-05-09T06:04:37.423+0000][gc,heap       ] GC(3) Survivor regions: 18->30(63)
[2024-05-09T06:04:37.423+0000][gc,heap       ] GC(3) Old regions: 38->38
[2024-05-09T06:04:37.423+0000][gc,heap       ] GC(3) Humongous regions: 3->3
[2024-05-09T06:04:37.423+0000][gc,metaspace  ] GC(3) Metaspace: 20899K(21680K)->20899K(21680K) NonClass: 18639K(19120K)->18639K(19120K) Class: 2259K(2560K)->2259K(2560K)
[2024-05-09T06:04:37.423+0000][gc            ] GC(3) Pause Young (Normal) (GCLocker Initiated GC) 544M->70M(1006M) 10.499ms
[2024-05-09T06:04:37.423+0000][gc,cpu        ] GC(3) User=0.13s Sys=0.01s Real=0.01s
[2024-05-09T06:04:37.721+0000][gc,start      ] GC(4) Pause Young (Normal) (GCLocker Initiated GC)
[2024-05-09T06:04:37.721+0000][gc,task       ] GC(4) Using 13 workers of 13 for evacuation
[2024-05-09T06:04:37.805+0000][gc,phases     ] GC(4)   Pre Evacuate Collection Set: 0.0ms
[2024-05-09T06:04:37.805+0000][gc,phases     ] GC(4)   Evacuate Collection Set: 83.3ms
[2024-05-09T06:04:37.805+0000][gc,phases     ] GC(4)   Post Evacuate Collection Set: 0.5ms
[2024-05-09T06:04:37.805+0000][gc,phases     ] GC(4)   Other: 0.2ms
[2024-05-09T06:04:37.805+0000][gc,heap       ] GC(4) Eden regions: 474->0(454)
[2024-05-09T06:04:37.805+0000][gc,heap       ] GC(4) Survivor regions: 30->49(63)
[2024-05-09T06:04:37.805+0000][gc,heap       ] GC(4) Old regions: 38->38
[2024-05-09T06:04:37.805+0000][gc,heap       ] GC(4) Humongous regions: 4->4
[2024-05-09T06:04:37.805+0000][gc,metaspace  ] GC(4) Metaspace: 20900K(21680K)->20900K(21680K) NonClass: 18640K(19120K)->18640K(19120K) Class: 2259K(2560K)->2259K(2560K)
[2024-05-09T06:04:37.805+0000][gc            ] GC(4) Pause Young (Normal) (GCLocker Initiated GC) 545M->90M(1006M) 84.148ms
[2024-05-09T06:04:37.805+0000][gc,cpu        ] GC(4) User=0.17s Sys=0.01s Real=0.08s
[2024-05-09T06:04:38.315+0000][gc,start      ] GC(5) Pause Young (Normal) (GCLocker Initiated GC)
[2024-05-09T06:04:38.315+0000][gc,task       ] GC(5) Using 13 workers of 13 for evacuation
[2024-05-09T06:04:38.405+0000][gc,phases     ] GC(5)   Pre Evacuate Collection Set: 0.0ms
[2024-05-09T06:04:38.405+0000][gc,phases     ] GC(5)   Evacuate Collection Set: 88.7ms
[2024-05-09T06:04:38.405+0000][gc,phases     ] GC(5)   Post Evacuate Collection Set: 0.6ms
[2024-05-09T06:04:38.405+0000][gc,phases     ] GC(5)   Other: 0.2ms
[2024-05-09T06:04:38.405+0000][gc,heap       ] GC(5) Eden regions: 455->0(459)
[2024-05-09T06:04:38.405+0000][gc,heap       ] GC(5) Survivor regions: 49->44(63)
[2024-05-09T06:04:38.405+0000][gc,heap       ] GC(5) Old regions: 38->65
[2024-05-09T06:04:38.405+0000][gc,heap       ] GC(5) Humongous regions: 5->4
[2024-05-09T06:04:38.405+0000][gc,metaspace  ] GC(5) Metaspace: 20911K(21680K)->20911K(21680K) NonClass: 18651K(19120K)->18651K(19120K) Class: 2259K(2560K)->2259K(2560K)
[2024-05-09T06:04:38.405+0000][gc            ] GC(5) Pause Young (Normal) (GCLocker Initiated GC) 546M->112M(1006M) 89.728ms
[2024-05-09T06:04:38.405+0000][gc,cpu        ] GC(5) User=0.24s Sys=0.02s Real=0.09s
[2024-05-09T06:04:38.946+0000][gc,start      ] GC(6) Pause Young (Normal) (G1 Evacuation Pause)
[2024-05-09T06:04:38.946+0000][gc,task       ] GC(6) Using 13 workers of 13 for evacuation
[2024-05-09T06:04:38.957+0000][gc,phases     ] GC(6)   Pre Evacuate Collection Set: 0.0ms
[2024-05-09T06:04:38.957+0000][gc,phases     ] GC(6)   Evacuate Collection Set: 9.4ms
[2024-05-09T06:04:38.957+0000][gc,phases     ] GC(6)   Post Evacuate Collection Set: 0.6ms
[2024-05-09T06:04:38.957+0000][gc,phases     ] GC(6)   Other: 0.2ms
[2024-05-09T06:04:38.957+0000][gc,heap       ] GC(6) Eden regions: 459->0(461)
[2024-05-09T06:04:38.957+0000][gc,heap       ] GC(6) Survivor regions: 44->42(63)
[2024-05-09T06:04:38.957+0000][gc,heap       ] GC(6) Old regions: 65->70
[2024-05-09T06:04:38.957+0000][gc,heap       ] GC(6) Humongous regions: 4->4
[2024-05-09T06:04:38.957+0000][gc,metaspace  ] GC(6) Metaspace: 21917K(22832K)->21917K(22832K) NonClass: 19527K(20144K)->19527K(20144K) Class: 2389K(2688K)->2389K(2688K)
[2024-05-09T06:04:38.957+0000][gc            ] GC(6) Pause Young (Normal) (G1 Evacuation Pause) 571M->115M(1006M) 10.369ms
[2024-05-09T06:04:38.957+0000][gc,cpu        ] GC(6) User=0.12s Sys=0.00s Real=0.02s
[2024-05-09T06:04:39.797+0000][gc,start      ] GC(7) Pause Young (Concurrent Start) (Metadata GC Threshold)
[2024-05-09T06:04:39.797+0000][gc,task       ] GC(7) Using 13 workers of 13 for evacuation
[2024-05-09T06:04:39.810+0000][gc,phases     ] GC(7)   Pre Evacuate Collection Set: 0.1ms
[2024-05-09T06:04:39.810+0000][gc,phases     ] GC(7)   Evacuate Collection Set: 11.3ms
[2024-05-09T06:04:39.810+0000][gc,phases     ] GC(7)   Post Evacuate Collection Set: 1.7ms
[2024-05-09T06:04:39.810+0000][gc,phases     ] GC(7)   Other: 0.2ms
[2024-05-09T06:04:39.810+0000][gc,heap       ] GC(7) Eden regions: 90->0(466)
[2024-05-09T06:04:39.810+0000][gc,heap       ] GC(7) Survivor regions: 42->37(63)
[2024-05-09T06:04:39.810+0000][gc,heap       ] GC(7) Old regions: 70->79
[2024-05-09T06:04:39.810+0000][gc,heap       ] GC(7) Humongous regions: 4->4
[2024-05-09T06:04:39.811+0000][gc,metaspace  ] GC(7) Metaspace: 34817K(35708K)->34817K(35708K) NonClass: 30917K(31484K)->30917K(31484K) Class: 3899K(4224K)->3899K(4224K)
[2024-05-09T06:04:39.811+0000][gc            ] GC(7) Pause Young (Concurrent Start) (Metadata GC Threshold) 204M->119M(1006M) 13.431ms
[2024-05-09T06:04:39.811+0000][gc,cpu        ] GC(7) User=0.13s Sys=0.01s Real=0.01s
[2024-05-09T06:04:39.811+0000][gc            ] GC(8) Concurrent Cycle
[2024-05-09T06:04:39.811+0000][gc,marking    ] GC(8) Concurrent Clear Claimed Marks
[2024-05-09T06:04:39.811+0000][gc,marking    ] GC(8) Concurrent Clear Claimed Marks 0.117ms
[2024-05-09T06:04:39.811+0000][gc,marking    ] GC(8) Concurrent Scan Root Regions
[2024-05-09T06:04:39.821+0000][gc,marking    ] GC(8) Concurrent Scan Root Regions 9.942ms
[2024-05-09T06:04:39.821+0000][gc,marking    ] GC(8) Concurrent Mark (5.119s)
[2024-05-09T06:04:39.821+0000][gc,marking    ] GC(8) Concurrent Mark From Roots
[2024-05-09T06:04:39.821+0000][gc,task       ] GC(8) Using 3 workers of 3 for marking
[2024-05-09T06:04:39.837+0000][gc,marking    ] GC(8) Concurrent Mark From Roots 16.151ms
[2024-05-09T06:04:39.837+0000][gc,marking    ] GC(8) Concurrent Preclean
[2024-05-09T06:04:39.837+0000][gc,marking    ] GC(8) Concurrent Preclean 0.216ms
[2024-05-09T06:04:39.837+0000][gc,marking    ] GC(8) Concurrent Mark (5.119s, 5.135s) 16.438ms
[2024-05-09T06:04:39.837+0000][gc,start      ] GC(8) Pause Remark
[2024-05-09T06:04:39.846+0000][gc,stringtable] GC(8) Cleaned string and symbol table, strings: 16233 processed, 28 removed, symbols: 112540 processed, 36 removed
[2024-05-09T06:04:39.846+0000][gc            ] GC(8) Pause Remark 121M->119M(1006M) 8.597ms
[2024-05-09T06:04:39.846+0000][gc,cpu        ] GC(8) User=0.10s Sys=0.00s Real=0.00s
[2024-05-09T06:04:39.846+0000][gc,marking    ] GC(8) Concurrent Rebuild Remembered Sets
[2024-05-09T06:04:39.907+0000][gc,marking    ] GC(8) Concurrent Rebuild Remembered Sets 60.710ms
[2024-05-09T06:04:39.907+0000][gc,start      ] GC(8) Pause Cleanup
[2024-05-09T06:04:39.907+0000][gc            ] GC(8) Pause Cleanup 120M->120M(1006M) 0.342ms
[2024-05-09T06:04:39.907+0000][gc,cpu        ] GC(8) User=0.00s Sys=0.00s Real=0.00s
[2024-05-09T06:04:39.907+0000][gc,marking    ] GC(8) Concurrent Cleanup for Next Mark
[2024-05-09T06:04:39.911+0000][gc,marking    ] GC(8) Concurrent Cleanup for Next Mark 3.243ms
[2024-05-09T06:04:39.911+0000][gc            ] GC(8) Concurrent Cycle 100.153ms
[2024-05-09T06:04:42.014+0000][gc,start      ] GC(9) Pause Young (Concurrent Start) (Metadata GC Threshold)
[2024-05-09T06:04:42.014+0000][gc,task       ] GC(9) Using 13 workers of 13 for evacuation
[2024-05-09T06:04:42.027+0000][gc,phases     ] GC(9)   Pre Evacuate Collection Set: 0.2ms
[2024-05-09T06:04:42.027+0000][gc,phases     ] GC(9)   Evacuate Collection Set: 10.7ms
[2024-05-09T06:04:42.027+0000][gc,phases     ] GC(9)   Post Evacuate Collection Set: 1.0ms
[2024-05-09T06:04:42.027+0000][gc,phases     ] GC(9)   Other: 0.2ms
[2024-05-09T06:04:42.027+0000][gc,heap       ] GC(9) Eden regions: 228->0(487)
[2024-05-09T06:04:42.027+0000][gc,heap       ] GC(9) Survivor regions: 37->16(63)
[2024-05-09T06:04:42.027+0000][gc,heap       ] GC(9) Old regions: 79->108
[2024-05-09T06:04:42.027+0000][gc,heap       ] GC(9) Humongous regions: 2->2
[2024-05-09T06:04:42.027+0000][gc,metaspace  ] GC(9) Metaspace: 58347K(60616K)->58347K(60616K) NonClass: 51629K(52912K)->51629K(52912K) Class: 6718K(7704K)->6718K(7704K)
[2024-05-09T06:04:42.027+0000][gc            ] GC(9) Pause Young (Concurrent Start) (Metadata GC Threshold) 345M->125M(1006M) 12.288ms
[2024-05-09T06:04:42.027+0000][gc,cpu        ] GC(9) User=0.11s Sys=0.01s Real=0.01s
[2024-05-09T06:04:42.027+0000][gc            ] GC(10) Concurrent Cycle
[2024-05-09T06:04:42.027+0000][gc,marking    ] GC(10) Concurrent Clear Claimed Marks
[2024-05-09T06:04:42.027+0000][gc,marking    ] GC(10) Concurrent Clear Claimed Marks 0.141ms
[2024-05-09T06:04:42.027+0000][gc,marking    ] GC(10) Concurrent Scan Root Regions
[2024-05-09T06:04:42.030+0000][gc,marking    ] GC(10) Concurrent Scan Root Regions 2.658ms
[2024-05-09T06:04:42.030+0000][gc,marking    ] GC(10) Concurrent Mark (7.328s)
[2024-05-09T06:04:42.030+0000][gc,marking    ] GC(10) Concurrent Mark From Roots
[2024-05-09T06:04:42.030+0000][gc,task       ] GC(10) Using 3 workers of 3 for marking
[2024-05-09T06:04:42.065+0000][gc,marking    ] GC(10) Concurrent Mark From Roots 35.620ms
[2024-05-09T06:04:42.065+0000][gc,marking    ] GC(10) Concurrent Preclean
[2024-05-09T06:04:42.066+0000][gc,marking    ] GC(10) Concurrent Preclean 0.189ms
[2024-05-09T06:04:42.066+0000][gc,marking    ] GC(10) Concurrent Mark (7.328s, 7.364s) 35.876ms
[2024-05-09T06:04:42.066+0000][gc,start      ] GC(10) Pause Remark
[2024-05-09T06:04:42.069+0000][gc,stringtable] GC(10) Cleaned string and symbol table, strings: 24067 processed, 0 removed, symbols: 160472 processed, 98 removed
[2024-05-09T06:04:42.069+0000][gc            ] GC(10) Pause Remark 128M->128M(1006M) 3.515ms
[2024-05-09T06:04:42.069+0000][gc,cpu        ] GC(10) User=0.04s Sys=0.00s Real=0.01s
[2024-05-09T06:04:42.069+0000][gc,marking    ] GC(10) Concurrent Rebuild Remembered Sets
[2024-05-09T06:04:42.118+0000][gc,marking    ] GC(10) Concurrent Rebuild Remembered Sets 49.095ms
[2024-05-09T06:04:42.119+0000][gc,start      ] GC(10) Pause Cleanup
[2024-05-09T06:04:42.119+0000][gc            ] GC(10) Pause Cleanup 130M->130M(1006M) 0.323ms
[2024-05-09T06:04:42.119+0000][gc,cpu        ] GC(10) User=0.00s Sys=0.00s Real=0.00s
[2024-05-09T06:04:42.119+0000][gc,marking    ] GC(10) Concurrent Cleanup for Next Mark
[2024-05-09T06:04:42.120+0000][gc,marking    ] GC(10) Concurrent Cleanup for Next Mark 0.791ms
[2024-05-09T06:04:42.120+0000][gc            ] GC(10) Concurrent Cycle 92.976ms
[2024-05-09T07:19:30.299+0000][gc,heap,exit  ] Heap
[2024-05-09T07:19:30.300+0000][gc,heap,exit  ]  garbage-first heap   total 1030144K, used 335995K [0x0000000740000000, 0x0000000800000000)
[2024-05-09T07:19:30.300+0000][gc,heap,exit  ]   region size 1024K, 220 young (225280K), 16 survivors (16384K)
[2024-05-09T07:19:30.300+0000][gc,heap,exit  ]  Metaspace       used 66769K, capacity 69092K, committed 69320K, reserved 1110016K
[2024-05-09T07:19:30.300+0000][gc,heap,exit  ]   class space    used 7709K, capacity 8640K, committed 8728K, reserved 1048576K
