[2024-05-09T09:11:55.085+0700][gc] Using G1
[2024-05-09T09:11:55.086+0700][gc,init] Version: 17.0.10+7-Ubuntu-122.04.1 (release)
[2024-05-09T09:11:55.086+0700][gc,init] CPUs: 12 total, 12 available
[2024-05-09T09:11:55.086+0700][gc,init] Memory: 3845M
[2024-05-09T09:11:55.086+0700][gc,init] Large Page Support: Disabled
[2024-05-09T09:11:55.086+0700][gc,init] NUMA Support: Disabled
[2024-05-09T09:11:55.086+0700][gc,init] Compressed Oops: Enabled (Zero based)
[2024-05-09T09:11:55.086+0700][gc,init] Heap Region Size: 2M
[2024-05-09T09:11:55.086+0700][gc,init] Heap Min Capacity: 8M
[2024-05-09T09:11:55.086+0700][gc,init] Heap Initial Capacity: 62M
[2024-05-09T09:11:55.086+0700][gc,init] Heap Max Capacity: 3G
[2024-05-09T09:11:55.086+0700][gc,init] Pre-touch: Disabled
[2024-05-09T09:11:55.086+0700][gc,init] Parallel Workers: 10
[2024-05-09T09:11:55.086+0700][gc,init] Concurrent Workers: 3
[2024-05-09T09:11:55.086+0700][gc,init] Concurrent Refinement Workers: 10
[2024-05-09T09:11:55.086+0700][gc,init] Periodic GC: Disabled
[2024-05-09T09:11:55.090+0700][gc,metaspace] CDS archive(s) mapped at: [0x00007fbc1f000000-0x00007fbc1fbc7000-0x00007fbc1fbc7000), size 12349440, SharedBaseAddress: 0x00007fbc1f000000, ArchiveRelocationMode: 1.
[2024-05-09T09:11:55.090+0700][gc,metaspace] Compressed class space mapped at: 0x00007fbc20000000-0x00007fbc60000000, reserved size: 1073741824
[2024-05-09T09:11:55.090+0700][gc,metaspace] Narrow klass base: 0x00007fbc1f000000, Narrow klass shift: 0, Narrow klass range: 0x100000000
[2024-05-09T09:11:55.740+0700][gc,start    ] GC(0) Pause Young (Normal) (G1 Evacuation Pause)
[2024-05-09T09:11:55.740+0700][gc,task     ] GC(0) Using 2 workers of 10 for evacuation
[2024-05-09T09:11:55.748+0700][gc,phases   ] GC(0)   Pre Evacuate Collection Set: 0.1ms
[2024-05-09T09:11:55.748+0700][gc,phases   ] GC(0)   Merge Heap Roots: 0.1ms
[2024-05-09T09:11:55.748+0700][gc,phases   ] GC(0)   Evacuate Collection Set: 6.7ms
[2024-05-09T09:11:55.748+0700][gc,phases   ] GC(0)   Post Evacuate Collection Set: 0.8ms
[2024-05-09T09:11:55.748+0700][gc,phases   ] GC(0)   Other: 0.3ms
[2024-05-09T09:11:55.748+0700][gc,heap     ] GC(0) Eden regions: 15->0(13)
[2024-05-09T09:11:55.748+0700][gc,heap     ] GC(0) Survivor regions: 0->2(2)
[2024-05-09T09:11:55.748+0700][gc,heap     ] GC(0) Old regions: 0->3
[2024-05-09T09:11:55.748+0700][gc,heap     ] GC(0) Archive regions: 2->2
[2024-05-09T09:11:55.748+0700][gc,heap     ] GC(0) Humongous regions: 1->1
[2024-05-09T09:11:55.748+0700][gc,metaspace] GC(0) Metaspace: 8961K(9152K)->8961K(9152K) NonClass: 7900K(8000K)->7900K(8000K) Class: 1060K(1152K)->1060K(1152K)
[2024-05-09T09:11:55.748+0700][gc          ] GC(0) Pause Young (Normal) (G1 Evacuation Pause) 33M->13M(66M) 7.976ms
[2024-05-09T09:11:55.748+0700][gc,cpu      ] GC(0) User=0.01s Sys=0.02s Real=0.01s
[2024-05-09T09:11:55.972+0700][gc,start    ] GC(1) Pause Young (Normal) (G1 Evacuation Pause)
[2024-05-09T09:11:55.972+0700][gc,task     ] GC(1) Using 2 workers of 10 for evacuation
[2024-05-09T09:11:55.982+0700][gc,phases   ] GC(1)   Pre Evacuate Collection Set: 0.1ms
[2024-05-09T09:11:55.982+0700][gc,phases   ] GC(1)   Merge Heap Roots: 0.1ms
[2024-05-09T09:11:55.982+0700][gc,phases   ] GC(1)   Evacuate Collection Set: 9.5ms
[2024-05-09T09:11:55.982+0700][gc,phases   ] GC(1)   Post Evacuate Collection Set: 0.8ms
[2024-05-09T09:11:55.982+0700][gc,phases   ] GC(1)   Other: 0.1ms
[2024-05-09T09:11:55.982+0700][gc,heap     ] GC(1) Eden regions: 13->0(13)
[2024-05-09T09:11:55.982+0700][gc,heap     ] GC(1) Survivor regions: 2->2(2)
[2024-05-09T09:11:55.982+0700][gc,heap     ] GC(1) Old regions: 3->6
[2024-05-09T09:11:55.982+0700][gc,heap     ] GC(1) Archive regions: 2->2
[2024-05-09T09:11:55.982+0700][gc,heap     ] GC(1) Humongous regions: 2->1
[2024-05-09T09:11:55.982+0700][gc,metaspace] GC(1) Metaspace: 11307K(11456K)->11307K(11456K) NonClass: 9884K(9984K)->9884K(9984K) Class: 1423K(1472K)->1423K(1472K)
[2024-05-09T09:11:55.982+0700][gc          ] GC(1) Pause Young (Normal) (G1 Evacuation Pause) 41M->18M(66M) 10.584ms
[2024-05-09T09:11:55.982+0700][gc,cpu      ] GC(1) User=0.02s Sys=0.01s Real=0.01s
[2024-05-09T09:11:56.030+0700][gc,start    ] GC(2) Pause Young (Normal) (G1 Preventive Collection)
[2024-05-09T09:11:56.030+0700][gc,task     ] GC(2) Using 2 workers of 10 for evacuation
[2024-05-09T09:11:56.040+0700][gc,phases   ] GC(2)   Pre Evacuate Collection Set: 0.1ms
[2024-05-09T09:11:56.040+0700][gc,phases   ] GC(2)   Merge Heap Roots: 0.1ms
[2024-05-09T09:11:56.040+0700][gc,phases   ] GC(2)   Evacuate Collection Set: 8.9ms
[2024-05-09T09:11:56.040+0700][gc,phases   ] GC(2)   Post Evacuate Collection Set: 0.4ms
[2024-05-09T09:11:56.040+0700][gc,phases   ] GC(2)   Other: 0.1ms
[2024-05-09T09:11:56.040+0700][gc,heap     ] GC(2) Eden regions: 13->0(13)
[2024-05-09T09:11:56.040+0700][gc,heap     ] GC(2) Survivor regions: 2->2(2)
[2024-05-09T09:11:56.040+0700][gc,heap     ] GC(2) Old regions: 6->9
[2024-05-09T09:11:56.040+0700][gc,heap     ] GC(2) Archive regions: 2->2
[2024-05-09T09:11:56.040+0700][gc,heap     ] GC(2) Humongous regions: 1->1
[2024-05-09T09:11:56.040+0700][gc,metaspace] GC(2) Metaspace: 11359K(11520K)->11359K(11520K) NonClass: 9936K(10048K)->9936K(10048K) Class: 1423K(1472K)->1423K(1472K)
[2024-05-09T09:11:56.040+0700][gc          ] GC(2) Pause Young (Normal) (G1 Preventive Collection) 44M->25M(66M) 9.564ms
[2024-05-09T09:11:56.040+0700][gc,cpu      ] GC(2) User=0.01s Sys=0.01s Real=0.01s
[2024-05-09T09:11:56.097+0700][gc,start    ] GC(3) Pause Young (Normal) (G1 Preventive Collection)
[2024-05-09T09:11:56.097+0700][gc,task     ] GC(3) Using 2 workers of 10 for evacuation
[2024-05-09T09:11:56.112+0700][gc,phases   ] GC(3)   Pre Evacuate Collection Set: 0.1ms
[2024-05-09T09:11:56.112+0700][gc,phases   ] GC(3)   Merge Heap Roots: 0.0ms
[2024-05-09T09:11:56.112+0700][gc,phases   ] GC(3)   Evacuate Collection Set: 13.8ms
[2024-05-09T09:11:56.112+0700][gc,phases   ] GC(3)   Post Evacuate Collection Set: 0.4ms
[2024-05-09T09:11:56.112+0700][gc,phases   ] GC(3)   Other: 0.1ms
[2024-05-09T09:11:56.112+0700][gc,heap     ] GC(3) Eden regions: 11->0(13)
[2024-05-09T09:11:56.112+0700][gc,heap     ] GC(3) Survivor regions: 2->2(2)
[2024-05-09T09:11:56.112+0700][gc,heap     ] GC(3) Old regions: 9->13
[2024-05-09T09:11:56.112+0700][gc,heap     ] GC(3) Archive regions: 2->2
[2024-05-09T09:11:56.112+0700][gc,heap     ] GC(3) Humongous regions: 1->1
[2024-05-09T09:11:56.112+0700][gc,metaspace] GC(3) Metaspace: 11458K(11584K)->11458K(11584K) NonClass: 10029K(10112K)->10029K(10112K) Class: 1428K(1472K)->1428K(1472K)
[2024-05-09T09:11:56.112+0700][gc          ] GC(3) Pause Young (Normal) (G1 Preventive Collection) 47M->33M(66M) 14.516ms
[2024-05-09T09:11:56.112+0700][gc,cpu      ] GC(3) User=0.06s Sys=0.00s Real=0.01s
[2024-05-09T09:11:56.151+0700][gc,start    ] GC(4) Pause Young (Concurrent Start) (G1 Preventive Collection)
[2024-05-09T09:11:56.151+0700][gc,task     ] GC(4) Using 2 workers of 10 for evacuation
[2024-05-09T09:11:56.165+0700][gc,phases   ] GC(4)   Pre Evacuate Collection Set: 0.1ms
[2024-05-09T09:11:56.165+0700][gc,phases   ] GC(4)   Merge Heap Roots: 0.1ms
[2024-05-09T09:11:56.165+0700][gc,phases   ] GC(4)   Evacuate Collection Set: 12.6ms
[2024-05-09T09:11:56.165+0700][gc,phases   ] GC(4)   Post Evacuate Collection Set: 1.4ms
[2024-05-09T09:11:56.165+0700][gc,phases   ] GC(4)   Other: 0.4ms
[2024-05-09T09:11:56.165+0700][gc,heap     ] GC(4) Eden regions: 9->0(32)
[2024-05-09T09:11:56.165+0700][gc,heap     ] GC(4) Survivor regions: 2->2(2)
[2024-05-09T09:11:56.165+0700][gc,heap     ] GC(4) Old regions: 13->18
[2024-05-09T09:11:56.165+0700][gc,heap     ] GC(4) Archive regions: 2->2
[2024-05-09T09:11:56.165+0700][gc,heap     ] GC(4) Humongous regions: 1->1
[2024-05-09T09:11:56.165+0700][gc,metaspace] GC(4) Metaspace: 11555K(11712K)->11555K(11712K) NonClass: 10118K(10176K)->10118K(10176K) Class: 1436K(1536K)->1436K(1536K)
[2024-05-09T09:11:56.165+0700][gc          ] GC(4) Pause Young (Concurrent Start) (G1 Preventive Collection) 51M->43M(136M) 14.529ms
[2024-05-09T09:11:56.165+0700][gc,cpu      ] GC(4) User=0.02s Sys=0.01s Real=0.02s
[2024-05-09T09:11:56.165+0700][gc          ] GC(5) Concurrent Mark Cycle
[2024-05-09T09:11:56.165+0700][gc,marking  ] GC(5) Concurrent Clear Claimed Marks
[2024-05-09T09:11:56.165+0700][gc,marking  ] GC(5) Concurrent Clear Claimed Marks 0.025ms
[2024-05-09T09:11:56.165+0700][gc,marking  ] GC(5) Concurrent Scan Root Regions
[2024-05-09T09:11:56.221+0700][gc,marking  ] GC(5) Concurrent Scan Root Regions 55.517ms
[2024-05-09T09:11:56.221+0700][gc,marking  ] GC(5) Concurrent Mark
[2024-05-09T09:11:56.221+0700][gc,marking  ] GC(5) Concurrent Mark From Roots
[2024-05-09T09:11:56.221+0700][gc,task     ] GC(5) Using 3 workers of 3 for marking
[2024-05-09T09:11:56.287+0700][gc,marking  ] GC(5) Concurrent Mark From Roots 65.616ms
[2024-05-09T09:11:56.287+0700][gc,marking  ] GC(5) Concurrent Preclean
[2024-05-09T09:11:56.287+0700][gc,marking  ] GC(5) Concurrent Preclean 0.397ms
[2024-05-09T09:11:56.291+0700][gc,start    ] GC(5) Pause Remark
[2024-05-09T09:11:56.294+0700][gc          ] GC(5) Pause Remark 99M->99M(174M) 3.213ms
[2024-05-09T09:11:56.294+0700][gc,cpu      ] GC(5) User=0.03s Sys=0.00s Real=0.01s
[2024-05-09T09:11:56.294+0700][gc,marking  ] GC(5) Concurrent Mark 73.289ms
[2024-05-09T09:11:56.294+0700][gc,marking  ] GC(5) Concurrent Rebuild Remembered Sets
[2024-05-09T09:11:56.310+0700][gc,start    ] GC(6) Pause Young (Normal) (G1 Evacuation Pause)
[2024-05-09T09:11:56.310+0700][gc,task     ] GC(6) Using 4 workers of 10 for evacuation
[2024-05-09T09:11:56.319+0700][gc,phases   ] GC(6)   Pre Evacuate Collection Set: 0.1ms
[2024-05-09T09:11:56.319+0700][gc,phases   ] GC(6)   Merge Heap Roots: 0.1ms
[2024-05-09T09:11:56.319+0700][gc,phases   ] GC(6)   Evacuate Collection Set: 8.5ms
[2024-05-09T09:11:56.319+0700][gc,phases   ] GC(6)   Post Evacuate Collection Set: 0.4ms
[2024-05-09T09:11:56.319+0700][gc,phases   ] GC(6)   Other: 0.1ms
[2024-05-09T09:11:56.319+0700][gc,heap     ] GC(6) Eden regions: 32->0(40)
[2024-05-09T09:11:56.319+0700][gc,heap     ] GC(6) Survivor regions: 2->3(5)
[2024-05-09T09:11:56.319+0700][gc,heap     ] GC(6) Old regions: 18->18
[2024-05-09T09:11:56.319+0700][gc,heap     ] GC(6) Archive regions: 2->2
[2024-05-09T09:11:56.319+0700][gc,heap     ] GC(6) Humongous regions: 1->1
[2024-05-09T09:11:56.319+0700][gc,metaspace] GC(6) Metaspace: 11608K(11840K)->11608K(11840K) NonClass: 10171K(10304K)->10171K(10304K) Class: 1436K(1536K)->1436K(1536K)
[2024-05-09T09:11:56.319+0700][gc          ] GC(6) Pause Young (Normal) (G1 Evacuation Pause) 107M->45M(174M) 9.268ms
[2024-05-09T09:11:56.319+0700][gc,cpu      ] GC(6) User=0.05s Sys=0.00s Real=0.01s
[2024-05-09T09:11:56.359+0700][gc,marking  ] GC(5) Concurrent Rebuild Remembered Sets 64.340ms
[2024-05-09T09:11:56.364+0700][gc,start    ] GC(5) Pause Cleanup
[2024-05-09T09:11:56.364+0700][gc          ] GC(5) Pause Cleanup 65M->65M(174M) 0.150ms
[2024-05-09T09:11:56.364+0700][gc,cpu      ] GC(5) User=0.00s Sys=0.00s Real=0.00s
[2024-05-09T09:11:56.364+0700][gc,marking  ] GC(5) Concurrent Cleanup for Next Mark
[2024-05-09T09:11:56.369+0700][gc,marking  ] GC(5) Concurrent Cleanup for Next Mark 4.434ms
[2024-05-09T09:11:56.369+0700][gc          ] GC(5) Concurrent Mark Cycle 203.946ms
[2024-05-09T09:11:56.412+0700][gc,start    ] GC(7) Pause Young (Prepare Mixed) (GCLocker Initiated GC)
[2024-05-09T09:11:56.412+0700][gc,task     ] GC(7) Using 4 workers of 10 for evacuation
[2024-05-09T09:11:56.417+0700][gc,phases   ] GC(7)   Pre Evacuate Collection Set: 0.1ms
[2024-05-09T09:11:56.417+0700][gc,phases   ] GC(7)   Merge Heap Roots: 0.1ms
[2024-05-09T09:11:56.417+0700][gc,phases   ] GC(7)   Evacuate Collection Set: 4.5ms
[2024-05-09T09:11:56.417+0700][gc,phases   ] GC(7)   Post Evacuate Collection Set: 0.3ms
[2024-05-09T09:11:56.417+0700][gc,phases   ] GC(7)   Other: 0.1ms
[2024-05-09T09:11:56.417+0700][gc,heap     ] GC(7) Eden regions: 40->0(39)
[2024-05-09T09:11:56.417+0700][gc,heap     ] GC(7) Survivor regions: 3->4(6)
[2024-05-09T09:11:56.417+0700][gc,heap     ] GC(7) Old regions: 18->18
[2024-05-09T09:11:56.418+0700][gc,heap     ] GC(7) Archive regions: 2->2
[2024-05-09T09:11:56.418+0700][gc,heap     ] GC(7) Humongous regions: 1->1
[2024-05-09T09:11:56.418+0700][gc,metaspace] GC(7) Metaspace: 11610K(11840K)->11610K(11840K) NonClass: 10171K(10304K)->10171K(10304K) Class: 1438K(1536K)->1438K(1536K)
[2024-05-09T09:11:56.418+0700][gc          ] GC(7) Pause Young (Prepare Mixed) (GCLocker Initiated GC) 125M->47M(174M) 5.176ms
[2024-05-09T09:11:56.418+0700][gc,cpu      ] GC(7) User=0.03s Sys=0.00s Real=0.01s
[2024-05-09T09:11:56.446+0700][gc,start    ] GC(8) Pause Young (Mixed) (G1 Evacuation Pause)
[2024-05-09T09:11:56.446+0700][gc,task     ] GC(8) Using 4 workers of 10 for evacuation
[2024-05-09T09:11:56.454+0700][gc,phases   ] GC(8)   Pre Evacuate Collection Set: 0.1ms
[2024-05-09T09:11:56.454+0700][gc,phases   ] GC(8)   Merge Heap Roots: 0.1ms
[2024-05-09T09:11:56.454+0700][gc,phases   ] GC(8)   Evacuate Collection Set: 7.7ms
[2024-05-09T09:11:56.454+0700][gc,phases   ] GC(8)   Post Evacuate Collection Set: 0.3ms
[2024-05-09T09:11:56.454+0700][gc,phases   ] GC(8)   Other: 0.1ms
[2024-05-09T09:11:56.454+0700][gc,heap     ] GC(8) Eden regions: 39->0(39)
[2024-05-09T09:11:56.454+0700][gc,heap     ] GC(8) Survivor regions: 4->4(6)
[2024-05-09T09:11:56.454+0700][gc,heap     ] GC(8) Old regions: 18->20
[2024-05-09T09:11:56.454+0700][gc,heap     ] GC(8) Archive regions: 2->2
[2024-05-09T09:11:56.454+0700][gc,heap     ] GC(8) Humongous regions: 1->1
[2024-05-09T09:11:56.454+0700][gc,metaspace] GC(8) Metaspace: 11610K(11840K)->11610K(11840K) NonClass: 10171K(10304K)->10171K(10304K) Class: 1438K(1536K)->1438K(1536K)
[2024-05-09T09:11:56.454+0700][gc          ] GC(8) Pause Young (Mixed) (G1 Evacuation Pause) 125M->49M(174M) 8.331ms
[2024-05-09T09:11:56.454+0700][gc,cpu      ] GC(8) User=0.05s Sys=0.00s Real=0.01s
[2024-05-09T09:11:56.481+0700][gc,start    ] GC(9) Pause Young (Normal) (G1 Evacuation Pause)
[2024-05-09T09:11:56.481+0700][gc,task     ] GC(9) Using 4 workers of 10 for evacuation
[2024-05-09T09:11:56.485+0700][gc,phases   ] GC(9)   Pre Evacuate Collection Set: 0.1ms
[2024-05-09T09:11:56.485+0700][gc,phases   ] GC(9)   Merge Heap Roots: 0.1ms
[2024-05-09T09:11:56.485+0700][gc,phases   ] GC(9)   Evacuate Collection Set: 3.8ms
[2024-05-09T09:11:56.485+0700][gc,phases   ] GC(9)   Post Evacuate Collection Set: 0.3ms
[2024-05-09T09:11:56.485+0700][gc,phases   ] GC(9)   Other: 0.1ms
[2024-05-09T09:11:56.485+0700][gc,heap     ] GC(9) Eden regions: 39->0(38)
[2024-05-09T09:11:56.485+0700][gc,heap     ] GC(9) Survivor regions: 4->5(6)
[2024-05-09T09:11:56.485+0700][gc,heap     ] GC(9) Old regions: 20->20
[2024-05-09T09:11:56.485+0700][gc,heap     ] GC(9) Archive regions: 2->2
[2024-05-09T09:11:56.485+0700][gc,heap     ] GC(9) Humongous regions: 1->1
[2024-05-09T09:11:56.485+0700][gc,metaspace] GC(9) Metaspace: 11610K(11840K)->11610K(11840K) NonClass: 10171K(10304K)->10171K(10304K) Class: 1438K(1536K)->1438K(1536K)
[2024-05-09T09:11:56.485+0700][gc          ] GC(9) Pause Young (Normal) (G1 Evacuation Pause) 127M->50M(174M) 4.416ms
[2024-05-09T09:11:56.485+0700][gc,cpu      ] GC(9) User=0.04s Sys=0.00s Real=0.01s
[2024-05-09T09:11:56.510+0700][gc,start    ] GC(10) Pause Young (Normal) (G1 Evacuation Pause)
[2024-05-09T09:11:56.510+0700][gc,task     ] GC(10) Using 4 workers of 10 for evacuation
[2024-05-09T09:11:56.516+0700][gc,phases   ] GC(10)   Pre Evacuate Collection Set: 0.1ms
[2024-05-09T09:11:56.516+0700][gc,phases   ] GC(10)   Merge Heap Roots: 0.1ms
[2024-05-09T09:11:56.516+0700][gc,phases   ] GC(10)   Evacuate Collection Set: 4.8ms
[2024-05-09T09:11:56.516+0700][gc,phases   ] GC(10)   Post Evacuate Collection Set: 0.7ms
[2024-05-09T09:11:56.516+0700][gc,phases   ] GC(10)   Other: 0.1ms
[2024-05-09T09:11:56.516+0700][gc,heap     ] GC(10) Eden regions: 38->0(83)
[2024-05-09T09:11:56.516+0700][gc,heap     ] GC(10) Survivor regions: 5->4(6)
[2024-05-09T09:11:56.516+0700][gc,heap     ] GC(10) Old regions: 20->22
[2024-05-09T09:11:56.516+0700][gc,heap     ] GC(10) Archive regions: 2->2
[2024-05-09T09:11:56.516+0700][gc,heap     ] GC(10) Humongous regions: 1->1
[2024-05-09T09:11:56.516+0700][gc,metaspace] GC(10) Metaspace: 11610K(11840K)->11610K(11840K) NonClass: 10171K(10304K)->10171K(10304K) Class: 1438K(1536K)->1438K(1536K)
[2024-05-09T09:11:56.516+0700][gc          ] GC(10) Pause Young (Normal) (G1 Evacuation Pause) 126M->52M(348M) 5.912ms
[2024-05-09T09:11:56.516+0700][gc,cpu      ] GC(10) User=0.04s Sys=0.00s Real=0.01s
[2024-05-09T09:11:56.900+0700][gc,start    ] GC(11) Pause Young (Normal) (G1 Evacuation Pause)
[2024-05-09T09:11:56.900+0700][gc,task     ] GC(11) Using 8 workers of 10 for evacuation
[2024-05-09T09:11:56.922+0700][gc,phases   ] GC(11)   Pre Evacuate Collection Set: 0.2ms
[2024-05-09T09:11:56.922+0700][gc,phases   ] GC(11)   Merge Heap Roots: 0.1ms
[2024-05-09T09:11:56.922+0700][gc,phases   ] GC(11)   Evacuate Collection Set: 21.2ms
[2024-05-09T09:11:56.922+0700][gc,phases   ] GC(11)   Post Evacuate Collection Set: 0.5ms
[2024-05-09T09:11:56.922+0700][gc,phases   ] GC(11)   Other: 0.4ms
[2024-05-09T09:11:56.922+0700][gc,heap     ] GC(11) Eden regions: 83->0(80)
[2024-05-09T09:11:56.922+0700][gc,heap     ] GC(11) Survivor regions: 4->7(11)
[2024-05-09T09:11:56.922+0700][gc,heap     ] GC(11) Old regions: 22->22
[2024-05-09T09:11:56.922+0700][gc,heap     ] GC(11) Archive regions: 2->2
[2024-05-09T09:11:56.922+0700][gc,heap     ] GC(11) Humongous regions: 1->1
[2024-05-09T09:11:56.922+0700][gc,metaspace] GC(11) Metaspace: 11671K(11904K)->11671K(11904K) NonClass: 10220K(10368K)->10220K(10368K) Class: 1450K(1536K)->1450K(1536K)
[2024-05-09T09:11:56.922+0700][gc          ] GC(11) Pause Young (Normal) (G1 Evacuation Pause) 218M->59M(348M) 22.339ms
[2024-05-09T09:11:56.922+0700][gc,cpu      ] GC(11) User=0.08s Sys=0.11s Real=0.02s
[2024-05-09T09:11:56.985+0700][gc,start    ] GC(12) Pause Young (Normal) (G1 Evacuation Pause)
[2024-05-09T09:11:56.985+0700][gc,task     ] GC(12) Using 8 workers of 10 for evacuation
[2024-05-09T09:11:56.996+0700][gc,phases   ] GC(12)   Pre Evacuate Collection Set: 0.2ms
[2024-05-09T09:11:56.996+0700][gc,phases   ] GC(12)   Merge Heap Roots: 0.1ms
[2024-05-09T09:11:56.996+0700][gc,phases   ] GC(12)   Evacuate Collection Set: 10.4ms
[2024-05-09T09:11:56.996+0700][gc,phases   ] GC(12)   Post Evacuate Collection Set: 0.4ms
[2024-05-09T09:11:56.996+0700][gc,phases   ] GC(12)   Other: 0.2ms
[2024-05-09T09:11:56.996+0700][gc,heap     ] GC(12) Eden regions: 80->0(77)
[2024-05-09T09:11:56.996+0700][gc,heap     ] GC(12) Survivor regions: 7->10(11)
[2024-05-09T09:11:56.996+0700][gc,heap     ] GC(12) Old regions: 22->23
[2024-05-09T09:11:56.996+0700][gc,heap     ] GC(12) Archive regions: 2->2
[2024-05-09T09:11:56.996+0700][gc,heap     ] GC(12) Humongous regions: 1->1
[2024-05-09T09:11:56.996+0700][gc,metaspace] GC(12) Metaspace: 11825K(12032K)->11825K(12032K) NonClass: 10365K(10496K)->10365K(10496K) Class: 1460K(1536K)->1460K(1536K)
[2024-05-09T09:11:56.996+0700][gc          ] GC(12) Pause Young (Normal) (G1 Evacuation Pause) 219M->66M(348M) 11.294ms
[2024-05-09T09:11:56.996+0700][gc,cpu      ] GC(12) User=0.08s Sys=0.01s Real=0.01s
[2024-05-09T09:11:57.054+0700][gc,start    ] GC(13) Pause Young (Normal) (G1 Evacuation Pause)
[2024-05-09T09:11:57.054+0700][gc,task     ] GC(13) Using 8 workers of 10 for evacuation
[2024-05-09T09:11:57.067+0700][gc,phases   ] GC(13)   Pre Evacuate Collection Set: 0.1ms
[2024-05-09T09:11:57.067+0700][gc,phases   ] GC(13)   Merge Heap Roots: 0.1ms
[2024-05-09T09:11:57.067+0700][gc,phases   ] GC(13)   Evacuate Collection Set: 12.6ms
[2024-05-09T09:11:57.067+0700][gc,phases   ] GC(13)   Post Evacuate Collection Set: 0.3ms
[2024-05-09T09:11:57.067+0700][gc,phases   ] GC(13)   Other: 0.1ms
[2024-05-09T09:11:57.067+0700][gc,heap     ] GC(13) Eden regions: 77->0(79)
[2024-05-09T09:11:57.067+0700][gc,heap     ] GC(13) Survivor regions: 10->8(11)
[2024-05-09T09:11:57.067+0700][gc,heap     ] GC(13) Old regions: 23->28
[2024-05-09T09:11:57.067+0700][gc,heap     ] GC(13) Archive regions: 2->2
[2024-05-09T09:11:57.067+0700][gc,heap     ] GC(13) Humongous regions: 1->1
[2024-05-09T09:11:57.067+0700][gc,metaspace] GC(13) Metaspace: 11825K(12032K)->11825K(12032K) NonClass: 10365K(10496K)->10365K(10496K) Class: 1460K(1536K)->1460K(1536K)
[2024-05-09T09:11:57.067+0700][gc          ] GC(13) Pause Young (Normal) (G1 Evacuation Pause) 220M->73M(348M) 13.291ms
[2024-05-09T09:11:57.067+0700][gc,cpu      ] GC(13) User=0.08s Sys=0.02s Real=0.01s
[2024-05-09T09:11:57.123+0700][gc,start    ] GC(14) Pause Young (Normal) (G1 Evacuation Pause)
[2024-05-09T09:11:57.123+0700][gc,task     ] GC(14) Using 8 workers of 10 for evacuation
[2024-05-09T09:11:57.138+0700][gc,phases   ] GC(14)   Pre Evacuate Collection Set: 0.2ms
[2024-05-09T09:11:57.138+0700][gc,phases   ] GC(14)   Merge Heap Roots: 0.1ms
[2024-05-09T09:11:57.138+0700][gc,phases   ] GC(14)   Evacuate Collection Set: 12.8ms
[2024-05-09T09:11:57.138+0700][gc,phases   ] GC(14)   Post Evacuate Collection Set: 1.7ms
[2024-05-09T09:11:57.138+0700][gc,phases   ] GC(14)   Other: 0.2ms
[2024-05-09T09:11:57.138+0700][gc,heap     ] GC(14) Eden regions: 79->0(172)
[2024-05-09T09:11:57.138+0700][gc,heap     ] GC(14) Survivor regions: 8->8(11)
[2024-05-09T09:11:57.138+0700][gc,heap     ] GC(14) Old regions: 28->32
[2024-05-09T09:11:57.138+0700][gc,heap     ] GC(14) Archive regions: 2->2
[2024-05-09T09:11:57.138+0700][gc,heap     ] GC(14) Humongous regions: 1->1
[2024-05-09T09:11:57.138+0700][gc,metaspace] GC(14) Metaspace: 11828K(12032K)->11828K(12032K) NonClass: 10368K(10496K)->10368K(10496K) Class: 1460K(1536K)->1460K(1536K)
[2024-05-09T09:11:57.138+0700][gc          ] GC(14) Pause Young (Normal) (G1 Evacuation Pause) 231M->81M(720M) 14.954ms
[2024-05-09T09:11:57.138+0700][gc,cpu      ] GC(14) User=0.11s Sys=0.01s Real=0.02s
[2024-05-09T09:11:57.815+0700][gc,start    ] GC(15) Pause Young (Normal) (G1 Evacuation Pause)
[2024-05-09T09:11:57.815+0700][gc,task     ] GC(15) Using 10 workers of 10 for evacuation
[2024-05-09T09:11:57.886+0700][gc,phases   ] GC(15)   Pre Evacuate Collection Set: 0.3ms
[2024-05-09T09:11:57.886+0700][gc,phases   ] GC(15)   Merge Heap Roots: 0.2ms
[2024-05-09T09:11:57.886+0700][gc,phases   ] GC(15)   Evacuate Collection Set: 69.0ms
[2024-05-09T09:11:57.886+0700][gc,phases   ] GC(15)   Post Evacuate Collection Set: 0.8ms
[2024-05-09T09:11:57.886+0700][gc,phases   ] GC(15)   Other: 1.1ms
[2024-05-09T09:11:57.886+0700][gc,heap     ] GC(15) Eden regions: 172->0(165)
[2024-05-09T09:11:57.886+0700][gc,heap     ] GC(15) Survivor regions: 8->15(23)
[2024-05-09T09:11:57.886+0700][gc,heap     ] GC(15) Old regions: 32->32
[2024-05-09T09:11:57.886+0700][gc,heap     ] GC(15) Archive regions: 2->2
[2024-05-09T09:11:57.886+0700][gc,heap     ] GC(15) Humongous regions: 1->1
[2024-05-09T09:11:57.886+0700][gc,metaspace] GC(15) Metaspace: 11830K(12032K)->11830K(12032K) NonClass: 10369K(10496K)->10369K(10496K) Class: 1460K(1536K)->1460K(1536K)
[2024-05-09T09:11:57.886+0700][gc          ] GC(15) Pause Young (Normal) (G1 Evacuation Pause) 425M->96M(720M) 71.355ms
[2024-05-09T09:11:57.886+0700][gc,cpu      ] GC(15) User=0.46s Sys=0.20s Real=0.07s
[2024-05-09T09:11:58.009+0700][gc,start    ] GC(16) Pause Young (Normal) (GCLocker Initiated GC)
[2024-05-09T09:11:58.009+0700][gc,task     ] GC(16) Using 10 workers of 10 for evacuation
[2024-05-09T09:11:58.041+0700][gc,phases   ] GC(16)   Pre Evacuate Collection Set: 0.2ms
[2024-05-09T09:11:58.041+0700][gc,phases   ] GC(16)   Merge Heap Roots: 0.1ms
[2024-05-09T09:11:58.041+0700][gc,phases   ] GC(16)   Evacuate Collection Set: 31.3ms
[2024-05-09T09:11:58.041+0700][gc,phases   ] GC(16)   Post Evacuate Collection Set: 0.4ms
[2024-05-09T09:11:58.041+0700][gc,phases   ] GC(16)   Other: 0.2ms
[2024-05-09T09:11:58.041+0700][gc,heap     ] GC(16) Eden regions: 165->0(161)
[2024-05-09T09:11:58.041+0700][gc,heap     ] GC(16) Survivor regions: 15->19(23)
[2024-05-09T09:11:58.041+0700][gc,heap     ] GC(16) Old regions: 32->35
[2024-05-09T09:11:58.041+0700][gc,heap     ] GC(16) Archive regions: 2->2
[2024-05-09T09:11:58.041+0700][gc,heap     ] GC(16) Humongous regions: 1->1
[2024-05-09T09:11:58.041+0700][gc,metaspace] GC(16) Metaspace: 11843K(12032K)->11843K(12032K) NonClass: 10382K(10496K)->10382K(10496K) Class: 1460K(1536K)->1460K(1536K)
[2024-05-09T09:11:58.041+0700][gc          ] GC(16) Pause Young (Normal) (GCLocker Initiated GC) 426M->109M(720M) 32.219ms
[2024-05-09T09:11:58.041+0700][gc,cpu      ] GC(16) User=0.23s Sys=0.02s Real=0.03s
[2024-05-09T09:11:58.151+0700][gc,start    ] GC(17) Pause Young (Normal) (G1 Evacuation Pause)
[2024-05-09T09:11:58.151+0700][gc,task     ] GC(17) Using 10 workers of 10 for evacuation
[2024-05-09T09:11:58.185+0700][gc,phases   ] GC(17)   Pre Evacuate Collection Set: 0.1ms
[2024-05-09T09:11:58.185+0700][gc,phases   ] GC(17)   Merge Heap Roots: 0.1ms
[2024-05-09T09:11:58.185+0700][gc,phases   ] GC(17)   Evacuate Collection Set: 32.9ms
[2024-05-09T09:11:58.185+0700][gc,phases   ] GC(17)   Post Evacuate Collection Set: 0.5ms
[2024-05-09T09:11:58.185+0700][gc,phases   ] GC(17)   Other: 0.1ms
[2024-05-09T09:11:58.185+0700][gc,heap     ] GC(17) Eden regions: 161->0(165)
[2024-05-09T09:11:58.185+0700][gc,heap     ] GC(17) Survivor regions: 19->15(23)
[2024-05-09T09:11:58.185+0700][gc,heap     ] GC(17) Old regions: 35->46
[2024-05-09T09:11:58.185+0700][gc,heap     ] GC(17) Archive regions: 2->2
[2024-05-09T09:11:58.185+0700][gc,heap     ] GC(17) Humongous regions: 1->1
[2024-05-09T09:11:58.185+0700][gc,metaspace] GC(17) Metaspace: 11846K(12032K)->11846K(12032K) NonClass: 10385K(10496K)->10385K(10496K) Class: 1460K(1536K)->1460K(1536K)
[2024-05-09T09:11:58.185+0700][gc          ] GC(17) Pause Young (Normal) (G1 Evacuation Pause) 431M->124M(720M) 33.774ms
[2024-05-09T09:11:58.185+0700][gc,cpu      ] GC(17) User=0.34s Sys=0.00s Real=0.04s
[2024-05-09T09:11:58.742+0700][gc,start    ] GC(18) Pause Young (Normal) (G1 Evacuation Pause)
[2024-05-09T09:11:58.742+0700][gc,task     ] GC(18) Using 10 workers of 10 for evacuation
[2024-05-09T09:11:58.771+0700][gc,phases   ] GC(18)   Pre Evacuate Collection Set: 0.1ms
[2024-05-09T09:11:58.771+0700][gc,phases   ] GC(18)   Merge Heap Roots: 0.2ms
[2024-05-09T09:11:58.771+0700][gc,phases   ] GC(18)   Evacuate Collection Set: 26.1ms
[2024-05-09T09:11:58.771+0700][gc,phases   ] GC(18)   Post Evacuate Collection Set: 3.3ms
[2024-05-09T09:11:58.771+0700][gc,phases   ] GC(18)   Other: 0.1ms
[2024-05-09T09:11:58.771+0700][gc,heap     ] GC(18) Eden regions: 165->0(306)
[2024-05-09T09:11:58.771+0700][gc,heap     ] GC(18) Survivor regions: 15->18(23)
[2024-05-09T09:11:58.771+0700][gc,heap     ] GC(18) Old regions: 46->48
[2024-05-09T09:11:58.771+0700][gc,heap     ] GC(18) Archive regions: 2->2
[2024-05-09T09:11:58.771+0700][gc,heap     ] GC(18) Humongous regions: 1->1
[2024-05-09T09:11:58.771+0700][gc,metaspace] GC(18) Metaspace: 17300K(17536K)->17300K(17536K) NonClass: 15197K(15296K)->15197K(15296K) Class: 2102K(2240K)->2102K(2240K)
[2024-05-09T09:11:58.771+0700][gc          ] GC(18) Pause Young (Normal) (G1 Evacuation Pause) 454M->135M(1296M) 29.890ms
[2024-05-09T09:11:58.771+0700][gc,cpu      ] GC(18) User=0.26s Sys=0.00s Real=0.03s
[2024-05-09T09:11:59.002+0700][gc,start    ] GC(19) Pause Young (Concurrent Start) (Metadata GC Threshold)
[2024-05-09T09:11:59.002+0700][gc,task     ] GC(19) Using 10 workers of 10 for evacuation
[2024-05-09T09:11:59.072+0700][gc,phases   ] GC(19)   Pre Evacuate Collection Set: 0.2ms
[2024-05-09T09:11:59.072+0700][gc,phases   ] GC(19)   Merge Heap Roots: 0.2ms
[2024-05-09T09:11:59.072+0700][gc,phases   ] GC(19)   Evacuate Collection Set: 67.6ms
[2024-05-09T09:11:59.072+0700][gc,phases   ] GC(19)   Post Evacuate Collection Set: 1.0ms
[2024-05-09T09:11:59.072+0700][gc,phases   ] GC(19)   Other: 0.3ms
[2024-05-09T09:11:59.072+0700][gc,heap     ] GC(19) Eden regions: 9->0(305)
[2024-05-09T09:11:59.072+0700][gc,heap     ] GC(19) Survivor regions: 18->19(41)
[2024-05-09T09:11:59.072+0700][gc,heap     ] GC(19) Old regions: 48->48
[2024-05-09T09:11:59.072+0700][gc,heap     ] GC(19) Archive regions: 2->2
[2024-05-09T09:11:59.072+0700][gc,heap     ] GC(19) Humongous regions: 1->1
[2024-05-09T09:11:59.072+0700][gc,metaspace] GC(19) Metaspace: 21272K(21504K)->21272K(21504K) NonClass: 18618K(18752K)->18618K(18752K) Class: 2653K(2752K)->2653K(2752K)
[2024-05-09T09:11:59.072+0700][gc          ] GC(19) Pause Young (Concurrent Start) (Metadata GC Threshold) 152M->137M(1296M) 69.426ms
[2024-05-09T09:11:59.072+0700][gc,cpu      ] GC(19) User=0.38s Sys=0.35s Real=0.07s
[2024-05-09T09:11:59.072+0700][gc          ] GC(20) Concurrent Mark Cycle
[2024-05-09T09:11:59.072+0700][gc,marking  ] GC(20) Concurrent Clear Claimed Marks
[2024-05-09T09:11:59.072+0700][gc,marking  ] GC(20) Concurrent Clear Claimed Marks 0.033ms
[2024-05-09T09:11:59.072+0700][gc,marking  ] GC(20) Concurrent Scan Root Regions
[2024-05-09T09:11:59.088+0700][gc,marking  ] GC(20) Concurrent Scan Root Regions 16.395ms
[2024-05-09T09:11:59.088+0700][gc,marking  ] GC(20) Concurrent Mark
[2024-05-09T09:11:59.088+0700][gc,marking  ] GC(20) Concurrent Mark From Roots
[2024-05-09T09:11:59.088+0700][gc,task     ] GC(20) Using 3 workers of 3 for marking
[2024-05-09T09:11:59.109+0700][gc,marking  ] GC(20) Concurrent Mark From Roots 20.282ms
[2024-05-09T09:11:59.109+0700][gc,marking  ] GC(20) Concurrent Preclean
[2024-05-09T09:11:59.109+0700][gc,marking  ] GC(20) Concurrent Preclean 0.102ms
[2024-05-09T09:11:59.109+0700][gc,start    ] GC(20) Pause Remark
[2024-05-09T09:11:59.112+0700][gc          ] GC(20) Pause Remark 140M->138M(474M) 2.566ms
[2024-05-09T09:11:59.112+0700][gc,cpu      ] GC(20) User=0.02s Sys=0.00s Real=0.00s
[2024-05-09T09:11:59.112+0700][gc,marking  ] GC(20) Concurrent Mark 23.306ms
[2024-05-09T09:11:59.112+0700][gc,marking  ] GC(20) Concurrent Rebuild Remembered Sets
[2024-05-09T09:11:59.123+0700][gc,marking  ] GC(20) Concurrent Rebuild Remembered Sets 11.183ms
[2024-05-09T09:11:59.124+0700][gc,start    ] GC(20) Pause Cleanup
[2024-05-09T09:11:59.124+0700][gc          ] GC(20) Pause Cleanup 139M->139M(474M) 0.168ms
[2024-05-09T09:11:59.124+0700][gc,cpu      ] GC(20) User=0.00s Sys=0.00s Real=0.00s
[2024-05-09T09:11:59.124+0700][gc,marking  ] GC(20) Concurrent Cleanup for Next Mark
[2024-05-09T09:11:59.130+0700][gc,marking  ] GC(20) Concurrent Cleanup for Next Mark 5.649ms
[2024-05-09T09:11:59.130+0700][gc          ] GC(20) Concurrent Mark Cycle 58.039ms
[2024-05-09T09:11:59.924+0700][gc,start    ] GC(21) Pause Young (Prepare Mixed) (Metadata GC Threshold)
[2024-05-09T09:11:59.924+0700][gc,task     ] GC(21) Using 10 workers of 10 for evacuation
[2024-05-09T09:11:59.945+0700][gc,phases   ] GC(21)   Pre Evacuate Collection Set: 0.1ms
[2024-05-09T09:11:59.945+0700][gc,phases   ] GC(21)   Merge Heap Roots: 0.2ms
[2024-05-09T09:11:59.945+0700][gc,phases   ] GC(21)   Evacuate Collection Set: 19.6ms
[2024-05-09T09:11:59.945+0700][gc,phases   ] GC(21)   Post Evacuate Collection Set: 1.1ms
[2024-05-09T09:11:59.945+0700][gc,phases   ] GC(21)   Other: 0.1ms
[2024-05-09T09:11:59.945+0700][gc,heap     ] GC(21) Eden regions: 62->0(98)
[2024-05-09T09:11:59.945+0700][gc,heap     ] GC(21) Survivor regions: 19->20(41)
[2024-05-09T09:11:59.945+0700][gc,heap     ] GC(21) Old regions: 47->47
[2024-05-09T09:11:59.945+0700][gc,heap     ] GC(21) Archive regions: 2->2
[2024-05-09T09:11:59.945+0700][gc,heap     ] GC(21) Humongous regions: 1->1
[2024-05-09T09:11:59.945+0700][gc,metaspace] GC(21) Metaspace: 36539K(36800K)->36539K(36800K) NonClass: 32150K(32320K)->32150K(32320K) Class: 4388K(4480K)->4388K(4480K)
[2024-05-09T09:11:59.945+0700][gc          ] GC(21) Pause Young (Prepare Mixed) (Metadata GC Threshold) 258M->137M(474M) 21.172ms
[2024-05-09T09:11:59.945+0700][gc,cpu      ] GC(21) User=0.20s Sys=0.00s Real=0.02s
[2024-05-09T09:11:59.956+0700][gc,start    ] GC(22) Pause Young (Mixed) (Metadata GC Threshold)
[2024-05-09T09:11:59.956+0700][gc,task     ] GC(22) Using 10 workers of 10 for evacuation
[2024-05-09T09:11:59.976+0700][gc,phases   ] GC(22)   Pre Evacuate Collection Set: 0.1ms
[2024-05-09T09:11:59.976+0700][gc,phases   ] GC(22)   Merge Heap Roots: 0.1ms
[2024-05-09T09:11:59.976+0700][gc,phases   ] GC(22)   Evacuate Collection Set: 18.8ms
[2024-05-09T09:11:59.976+0700][gc,phases   ] GC(22)   Post Evacuate Collection Set: 0.9ms
[2024-05-09T09:11:59.976+0700][gc,phases   ] GC(22)   Other: 0.1ms
[2024-05-09T09:11:59.976+0700][gc,heap     ] GC(22) Eden regions: 1->0(113)
[2024-05-09T09:11:59.976+0700][gc,heap     ] GC(22) Survivor regions: 20->5(15)
[2024-05-09T09:11:59.976+0700][gc,heap     ] GC(22) Old regions: 47->59
[2024-05-09T09:11:59.976+0700][gc,heap     ] GC(22) Archive regions: 2->2
[2024-05-09T09:11:59.976+0700][gc,heap     ] GC(22) Humongous regions: 1->1
[2024-05-09T09:11:59.976+0700][gc,metaspace] GC(22) Metaspace: 36821K(37120K)->36821K(37120K) NonClass: 32404K(32576K)->32404K(32576K) Class: 4416K(4544K)->4416K(4544K)
[2024-05-09T09:11:59.976+0700][gc          ] GC(22) Pause Young (Mixed) (Metadata GC Threshold) 139M->131M(474M) 20.129ms
[2024-05-09T09:11:59.976+0700][gc,cpu      ] GC(22) User=0.19s Sys=0.00s Real=0.02s
[2024-05-09T09:11:59.988+0700][gc,start    ] GC(23) Pause Young (Mixed) (Metadata GC Threshold)
[2024-05-09T09:11:59.988+0700][gc,task     ] GC(23) Using 10 workers of 10 for evacuation
[2024-05-09T09:11:59.993+0700][gc,phases   ] GC(23)   Pre Evacuate Collection Set: 0.1ms
[2024-05-09T09:11:59.994+0700][gc,phases   ] GC(23)   Merge Heap Roots: 0.1ms
[2024-05-09T09:11:59.994+0700][gc,phases   ] GC(23)   Evacuate Collection Set: 4.2ms
[2024-05-09T09:11:59.994+0700][gc,phases   ] GC(23)   Post Evacuate Collection Set: 0.7ms
[2024-05-09T09:11:59.994+0700][gc,phases   ] GC(23)   Other: 0.1ms
[2024-05-09T09:11:59.994+0700][gc,heap     ] GC(23) Eden regions: 1->0(113)
[2024-05-09T09:11:59.994+0700][gc,heap     ] GC(23) Survivor regions: 5->5(15)
[2024-05-09T09:11:59.994+0700][gc,heap     ] GC(23) Old regions: 59->58
[2024-05-09T09:11:59.994+0700][gc,heap     ] GC(23) Archive regions: 2->2
[2024-05-09T09:11:59.994+0700][gc,heap     ] GC(23) Humongous regions: 1->1
[2024-05-09T09:11:59.994+0700][gc,metaspace] GC(23) Metaspace: 37132K(37440K)->37132K(37440K) NonClass: 32688K(32832K)->32688K(32832K) Class: 4443K(4608K)->4443K(4608K)
[2024-05-09T09:11:59.994+0700][gc          ] GC(23) Pause Young (Mixed) (Metadata GC Threshold) 132M->126M(474M) 5.348ms
[2024-05-09T09:11:59.994+0700][gc,cpu      ] GC(23) User=0.04s Sys=0.00s Real=0.01s
[2024-05-09T09:11:59.998+0700][gc,start    ] GC(24) Pause Young (Mixed) (Metadata GC Threshold)
[2024-05-09T09:11:59.998+0700][gc,task     ] GC(24) Using 10 workers of 10 for evacuation
[2024-05-09T09:12:00.003+0700][gc,phases   ] GC(24)   Pre Evacuate Collection Set: 0.1ms
[2024-05-09T09:12:00.003+0700][gc,phases   ] GC(24)   Merge Heap Roots: 0.1ms
[2024-05-09T09:12:00.003+0700][gc,phases   ] GC(24)   Evacuate Collection Set: 4.5ms
[2024-05-09T09:12:00.003+0700][gc,phases   ] GC(24)   Post Evacuate Collection Set: 0.5ms
[2024-05-09T09:12:00.003+0700][gc,phases   ] GC(24)   Other: 0.1ms
[2024-05-09T09:12:00.003+0700][gc,heap     ] GC(24) Eden regions: 1->0(114)
[2024-05-09T09:12:00.003+0700][gc,heap     ] GC(24) Survivor regions: 5->4(15)
[2024-05-09T09:12:00.003+0700][gc,heap     ] GC(24) Old regions: 58->55
[2024-05-09T09:12:00.003+0700][gc,heap     ] GC(24) Archive regions: 2->2
[2024-05-09T09:12:00.003+0700][gc,heap     ] GC(24) Humongous regions: 1->1
[2024-05-09T09:12:00.003+0700][gc,metaspace] GC(24) Metaspace: 37493K(37760K)->37493K(37760K) NonClass: 33009K(33152K)->33009K(33152K) Class: 4484K(4608K)->4484K(4608K)
[2024-05-09T09:12:00.003+0700][gc          ] GC(24) Pause Young (Mixed) (Metadata GC Threshold) 127M->121M(474M) 5.420ms
[2024-05-09T09:12:00.003+0700][gc,cpu      ] GC(24) User=0.04s Sys=0.00s Real=0.01s
[2024-05-09T09:12:00.008+0700][gc,start    ] GC(25) Pause Young (Mixed) (Metadata GC Threshold)
[2024-05-09T09:12:00.009+0700][gc,task     ] GC(25) Using 10 workers of 10 for evacuation
[2024-05-09T09:12:00.018+0700][gc,phases   ] GC(25)   Pre Evacuate Collection Set: 0.1ms
[2024-05-09T09:12:00.018+0700][gc,phases   ] GC(25)   Merge Heap Roots: 0.1ms
[2024-05-09T09:12:00.018+0700][gc,phases   ] GC(25)   Evacuate Collection Set: 5.6ms
[2024-05-09T09:12:00.018+0700][gc,phases   ] GC(25)   Post Evacuate Collection Set: 3.1ms
[2024-05-09T09:12:00.018+0700][gc,phases   ] GC(25)   Other: 0.1ms
[2024-05-09T09:12:00.018+0700][gc,heap     ] GC(25) Eden regions: 1->0(351)
[2024-05-09T09:12:00.018+0700][gc,heap     ] GC(25) Survivor regions: 4->4(15)
[2024-05-09T09:12:00.018+0700][gc,heap     ] GC(25) Old regions: 55->52
[2024-05-09T09:12:00.018+0700][gc,heap     ] GC(25) Archive regions: 2->2
[2024-05-09T09:12:00.018+0700][gc,heap     ] GC(25) Humongous regions: 1->1
[2024-05-09T09:12:00.018+0700][gc,metaspace] GC(25) Metaspace: 37792K(38080K)->37792K(38080K) NonClass: 33264K(33408K)->33264K(33408K) Class: 4528K(4672K)->4528K(4672K)
[2024-05-09T09:12:00.018+0700][gc          ] GC(25) Pause Young (Mixed) (Metadata GC Threshold) 122M->115M(1422M) 9.170ms
[2024-05-09T09:12:00.018+0700][gc,cpu      ] GC(25) User=0.06s Sys=0.00s Real=0.01s
[2024-05-09T09:12:00.028+0700][gc,start    ] GC(26) Pause Young (Mixed) (Metadata GC Threshold)
[2024-05-09T09:12:00.028+0700][gc,task     ] GC(26) Using 10 workers of 10 for evacuation
[2024-05-09T09:12:00.049+0700][gc,phases   ] GC(26)   Pre Evacuate Collection Set: 0.2ms
[2024-05-09T09:12:00.049+0700][gc,phases   ] GC(26)   Merge Heap Roots: 0.1ms
[2024-05-09T09:12:00.049+0700][gc,phases   ] GC(26)   Evacuate Collection Set: 19.8ms
[2024-05-09T09:12:00.049+0700][gc,phases   ] GC(26)   Post Evacuate Collection Set: 0.7ms
[2024-05-09T09:12:00.049+0700][gc,phases   ] GC(26)   Other: 0.1ms
[2024-05-09T09:12:00.049+0700][gc,heap     ] GC(26) Eden regions: 1->0(351)
[2024-05-09T09:12:00.049+0700][gc,heap     ] GC(26) Survivor regions: 4->4(45)
[2024-05-09T09:12:00.049+0700][gc,heap     ] GC(26) Old regions: 52->50
[2024-05-09T09:12:00.049+0700][gc,heap     ] GC(26) Archive regions: 2->2
[2024-05-09T09:12:00.049+0700][gc,heap     ] GC(26) Humongous regions: 1->1
[2024-05-09T09:12:00.049+0700][gc,metaspace] GC(26) Metaspace: 38101K(38400K)->38101K(38400K) NonClass: 33539K(33728K)->33539K(33728K) Class: 4562K(4672K)->4562K(4672K)
[2024-05-09T09:12:00.049+0700][gc          ] GC(26) Pause Young (Mixed) (Metadata GC Threshold) 116M->110M(1422M) 20.978ms
[2024-05-09T09:12:00.049+0700][gc,cpu      ] GC(26) User=0.05s Sys=0.14s Real=0.02s
[2024-05-09T09:12:00.062+0700][gc,start    ] GC(27) Pause Young (Mixed) (Metadata GC Threshold)
[2024-05-09T09:12:00.062+0700][gc,task     ] GC(27) Using 10 workers of 10 for evacuation
[2024-05-09T09:12:00.083+0700][gc,phases   ] GC(27)   Pre Evacuate Collection Set: 0.2ms
[2024-05-09T09:12:00.083+0700][gc,phases   ] GC(27)   Merge Heap Roots: 0.1ms
[2024-05-09T09:12:00.083+0700][gc,phases   ] GC(27)   Evacuate Collection Set: 19.9ms
[2024-05-09T09:12:00.083+0700][gc,phases   ] GC(27)   Post Evacuate Collection Set: 0.8ms
[2024-05-09T09:12:00.083+0700][gc,phases   ] GC(27)   Other: 0.1ms
[2024-05-09T09:12:00.083+0700][gc,heap     ] GC(27) Eden regions: 1->0(350)
[2024-05-09T09:12:00.083+0700][gc,heap     ] GC(27) Survivor regions: 4->5(45)
[2024-05-09T09:12:00.083+0700][gc,heap     ] GC(27) Old regions: 50->47
[2024-05-09T09:12:00.083+0700][gc,heap     ] GC(27) Archive regions: 2->2
[2024-05-09T09:12:00.083+0700][gc,heap     ] GC(27) Humongous regions: 1->1
[2024-05-09T09:12:00.083+0700][gc,metaspace] GC(27) Metaspace: 38459K(38720K)->38459K(38720K) NonClass: 33857K(33984K)->33857K(33984K) Class: 4601K(4736K)->4601K(4736K)
[2024-05-09T09:12:00.084+0700][gc          ] GC(27) Pause Young (Mixed) (Metadata GC Threshold) 112M->105M(1422M) 21.256ms
[2024-05-09T09:12:00.084+0700][gc,cpu      ] GC(27) User=0.05s Sys=0.15s Real=0.03s
[2024-05-09T09:12:00.098+0700][gc,start    ] GC(28) Pause Young (Mixed) (Metadata GC Threshold)
[2024-05-09T09:12:00.098+0700][gc,task     ] GC(28) Using 10 workers of 10 for evacuation
[2024-05-09T09:12:00.114+0700][gc,phases   ] GC(28)   Pre Evacuate Collection Set: 0.1ms
[2024-05-09T09:12:00.114+0700][gc,phases   ] GC(28)   Merge Heap Roots: 0.1ms
[2024-05-09T09:12:00.114+0700][gc,phases   ] GC(28)   Evacuate Collection Set: 14.6ms
[2024-05-09T09:12:00.114+0700][gc,phases   ] GC(28)   Post Evacuate Collection Set: 0.6ms
[2024-05-09T09:12:00.114+0700][gc,phases   ] GC(28)   Other: 0.1ms
[2024-05-09T09:12:00.114+0700][gc,heap     ] GC(28) Eden regions: 4->0(350)
[2024-05-09T09:12:00.114+0700][gc,heap     ] GC(28) Survivor regions: 5->5(45)
[2024-05-09T09:12:00.114+0700][gc,heap     ] GC(28) Old regions: 47->46
[2024-05-09T09:12:00.114+0700][gc,heap     ] GC(28) Archive regions: 2->2
[2024-05-09T09:12:00.114+0700][gc,heap     ] GC(28) Humongous regions: 1->1
[2024-05-09T09:12:00.114+0700][gc,metaspace] GC(28) Metaspace: 38750K(39040K)->38750K(39040K) NonClass: 34110K(34240K)->34110K(34240K) Class: 4640K(4800K)->4640K(4800K)
[2024-05-09T09:12:00.114+0700][gc          ] GC(28) Pause Young (Mixed) (Metadata GC Threshold) 113M->104M(1422M) 15.685ms
[2024-05-09T09:12:00.114+0700][gc,cpu      ] GC(28) User=0.08s Sys=0.07s Real=0.02s
[2024-05-09T09:12:00.132+0700][gc,start    ] GC(29) Pause Young (Concurrent Start) (Metadata GC Threshold)
[2024-05-09T09:12:00.132+0700][gc,task     ] GC(29) Using 10 workers of 10 for evacuation
[2024-05-09T09:12:00.159+0700][gc,phases   ] GC(29)   Pre Evacuate Collection Set: 0.2ms
[2024-05-09T09:12:00.159+0700][gc,phases   ] GC(29)   Merge Heap Roots: 0.1ms
[2024-05-09T09:12:00.159+0700][gc,phases   ] GC(29)   Evacuate Collection Set: 23.6ms
[2024-05-09T09:12:00.159+0700][gc,phases   ] GC(29)   Post Evacuate Collection Set: 2.5ms
[2024-05-09T09:12:00.159+0700][gc,phases   ] GC(29)   Other: 0.2ms
[2024-05-09T09:12:00.159+0700][gc,heap     ] GC(29) Eden regions: 13->0(515)
[2024-05-09T09:12:00.159+0700][gc,heap     ] GC(29) Survivor regions: 5->5(45)
[2024-05-09T09:12:00.159+0700][gc,heap     ] GC(29) Old regions: 46->46
[2024-05-09T09:12:00.159+0700][gc,heap     ] GC(29) Archive regions: 2->2
[2024-05-09T09:12:00.159+0700][gc,heap     ] GC(29) Humongous regions: 1->1
[2024-05-09T09:12:00.159+0700][gc,metaspace] GC(29) Metaspace: 39087K(39360K)->39087K(39360K) NonClass: 34373K(34496K)->34373K(34496K) Class: 4713K(4864K)->4713K(4864K)
[2024-05-09T09:12:00.159+0700][gc          ] GC(29) Pause Young (Concurrent Start) (Metadata GC Threshold) 129M->104M(2082M) 26.651ms
[2024-05-09T09:12:00.159+0700][gc,cpu      ] GC(29) User=0.11s Sys=0.14s Real=0.03s
[2024-05-09T09:12:00.159+0700][gc          ] GC(30) Concurrent Mark Cycle
[2024-05-09T09:12:00.159+0700][gc,marking  ] GC(30) Concurrent Clear Claimed Marks
[2024-05-09T09:12:00.159+0700][gc,marking  ] GC(30) Concurrent Clear Claimed Marks 0.064ms
[2024-05-09T09:12:00.159+0700][gc,marking  ] GC(30) Concurrent Scan Root Regions
[2024-05-09T09:12:00.162+0700][gc,marking  ] GC(30) Concurrent Scan Root Regions 3.398ms
[2024-05-09T09:12:00.162+0700][gc,marking  ] GC(30) Concurrent Mark
[2024-05-09T09:12:00.162+0700][gc,marking  ] GC(30) Concurrent Mark From Roots
[2024-05-09T09:12:00.162+0700][gc,task     ] GC(30) Using 3 workers of 3 for marking
[2024-05-09T09:12:00.211+0700][gc,marking  ] GC(30) Concurrent Mark From Roots 48.623ms
[2024-05-09T09:12:00.211+0700][gc,marking  ] GC(30) Concurrent Preclean
[2024-05-09T09:12:00.211+0700][gc,marking  ] GC(30) Concurrent Preclean 0.112ms
[2024-05-09T09:12:00.212+0700][gc,start    ] GC(30) Pause Remark
[2024-05-09T09:12:00.216+0700][gc          ] GC(30) Pause Remark 129M->129M(448M) 3.854ms
[2024-05-09T09:12:00.216+0700][gc,cpu      ] GC(30) User=0.04s Sys=0.00s Real=0.01s
[2024-05-09T09:12:00.216+0700][gc,marking  ] GC(30) Concurrent Mark 53.562ms
[2024-05-09T09:12:00.216+0700][gc,marking  ] GC(30) Concurrent Rebuild Remembered Sets
[2024-05-09T09:12:00.230+0700][gc,marking  ] GC(30) Concurrent Rebuild Remembered Sets 14.602ms
[2024-05-09T09:12:00.231+0700][gc,start    ] GC(30) Pause Cleanup
[2024-05-09T09:12:00.231+0700][gc          ] GC(30) Pause Cleanup 129M->129M(448M) 0.170ms
[2024-05-09T09:12:00.231+0700][gc,cpu      ] GC(30) User=0.00s Sys=0.00s Real=0.00s
[2024-05-09T09:12:00.231+0700][gc,marking  ] GC(30) Concurrent Cleanup for Next Mark
[2024-05-09T09:12:00.234+0700][gc,marking  ] GC(30) Concurrent Cleanup for Next Mark 3.164ms
[2024-05-09T09:12:00.234+0700][gc          ] GC(30) Concurrent Mark Cycle 75.379ms
[2024-05-09T10:37:17.510+0700][gc,start    ] GC(31) Pause Young (Prepare Mixed) (G1 Preventive Collection)
[2024-05-09T10:37:17.511+0700][gc,task     ] GC(31) Using 10 workers of 10 for evacuation
[2024-05-09T10:37:17.609+0700][gc,phases   ] GC(31)   Pre Evacuate Collection Set: 8.6ms
[2024-05-09T10:37:17.609+0700][gc,phases   ] GC(31)   Merge Heap Roots: 1.6ms
[2024-05-09T10:37:17.609+0700][gc,phases   ] GC(31)   Evacuate Collection Set: 81.1ms
[2024-05-09T10:37:17.609+0700][gc,phases   ] GC(31)   Post Evacuate Collection Set: 6.0ms
[2024-05-09T10:37:17.609+0700][gc,phases   ] GC(31)   Other: 9.7ms
[2024-05-09T10:37:17.609+0700][gc,heap     ] GC(31) Eden regions: 153->0(104)
[2024-05-09T10:37:17.609+0700][gc,heap     ] GC(31) Survivor regions: 5->8(65)
[2024-05-09T10:37:17.609+0700][gc,heap     ] GC(31) Old regions: 46->46
[2024-05-09T10:37:17.609+0700][gc,heap     ] GC(31) Archive regions: 2->2
[2024-05-09T10:37:17.609+0700][gc,heap     ] GC(31) Humongous regions: 1->1
[2024-05-09T10:37:17.610+0700][gc,metaspace] GC(31) Metaspace: 55394K(55872K)->55394K(55872K) NonClass: 48582K(48832K)->48582K(48832K) Class: 6811K(7040K)->6811K(7040K)
[2024-05-09T10:37:17.610+0700][gc          ] GC(31) Pause Young (Prepare Mixed) (G1 Preventive Collection) 410M->111M(448M) 99.060ms
[2024-05-09T10:37:17.610+0700][gc,cpu      ] GC(31) User=0.70s Sys=0.01s Real=0.10s
[2024-05-09T10:42:47.782+0700][gc,heap,exit] Heap
[2024-05-09T10:42:47.782+0700][gc,heap,exit]  garbage-first heap   total 458752K, used 150461K [0x0000000740000000, 0x0000000800000000)
[2024-05-09T10:42:47.782+0700][gc,heap,exit]   region size 2048K, 26 young (53248K), 8 survivors (16384K)
[2024-05-09T10:42:47.782+0700][gc,heap,exit]  Metaspace       used 55501K, committed 55936K, reserved 1114112K
[2024-05-09T10:42:47.782+0700][gc,heap,exit]   class space    used 6830K, committed 7040K, reserved 1048576K
